Archive member included to satisfy reference by file (symbol)

/home/janhenrik/programme/gcc-arm-none-eabi-7-2018-q2-update/bin/../lib/gcc/arm-none-eabi/7.3.1/../../../../arm-none-eabi/lib/thumb/v6-m/libc_nano.a(lib_a-exit.o)
                              /home/janhenrik/programme/gcc-arm-none-eabi-7-2018-q2-update/bin/../lib/gcc/arm-none-eabi/7.3.1/../../../../arm-none-eabi/lib/thumb/v6-m/crt0.o (exit)
/home/janhenrik/programme/gcc-arm-none-eabi-7-2018-q2-update/bin/../lib/gcc/arm-none-eabi/7.3.1/../../../../arm-none-eabi/lib/thumb/v6-m/libc_nano.a(lib_a-impure.o)
                              /home/janhenrik/programme/gcc-arm-none-eabi-7-2018-q2-update/bin/../lib/gcc/arm-none-eabi/7.3.1/../../../../arm-none-eabi/lib/thumb/v6-m/libc_nano.a(lib_a-exit.o) (_global_impure_ptr)
/home/janhenrik/programme/gcc-arm-none-eabi-7-2018-q2-update/bin/../lib/gcc/arm-none-eabi/7.3.1/../../../../arm-none-eabi/lib/thumb/v6-m/libc_nano.a(lib_a-init.o)
                              /home/janhenrik/programme/gcc-arm-none-eabi-7-2018-q2-update/bin/../lib/gcc/arm-none-eabi/7.3.1/../../../../arm-none-eabi/lib/thumb/v6-m/crt0.o (__libc_init_array)
/home/janhenrik/programme/gcc-arm-none-eabi-7-2018-q2-update/bin/../lib/gcc/arm-none-eabi/7.3.1/../../../../arm-none-eabi/lib/thumb/v6-m/libc_nano.a(lib_a-malloc.o)
                              build/usbd_hid.o (malloc)
/home/janhenrik/programme/gcc-arm-none-eabi-7-2018-q2-update/bin/../lib/gcc/arm-none-eabi/7.3.1/../../../../arm-none-eabi/lib/thumb/v6-m/libc_nano.a(lib_a-memcpy-stub.o)
                              build/usbd_hid.o (memcpy)
/home/janhenrik/programme/gcc-arm-none-eabi-7-2018-q2-update/bin/../lib/gcc/arm-none-eabi/7.3.1/../../../../arm-none-eabi/lib/thumb/v6-m/libc_nano.a(lib_a-memset.o)
                              /home/janhenrik/programme/gcc-arm-none-eabi-7-2018-q2-update/bin/../lib/gcc/arm-none-eabi/7.3.1/../../../../arm-none-eabi/lib/thumb/v6-m/crt0.o (memset)
/home/janhenrik/programme/gcc-arm-none-eabi-7-2018-q2-update/bin/../lib/gcc/arm-none-eabi/7.3.1/../../../../arm-none-eabi/lib/thumb/v6-m/libc_nano.a(lib_a-nano-freer.o)
                              /home/janhenrik/programme/gcc-arm-none-eabi-7-2018-q2-update/bin/../lib/gcc/arm-none-eabi/7.3.1/../../../../arm-none-eabi/lib/thumb/v6-m/libc_nano.a(lib_a-malloc.o) (_free_r)
/home/janhenrik/programme/gcc-arm-none-eabi-7-2018-q2-update/bin/../lib/gcc/arm-none-eabi/7.3.1/../../../../arm-none-eabi/lib/thumb/v6-m/libc_nano.a(lib_a-nano-mallocr.o)
                              /home/janhenrik/programme/gcc-arm-none-eabi-7-2018-q2-update/bin/../lib/gcc/arm-none-eabi/7.3.1/../../../../arm-none-eabi/lib/thumb/v6-m/libc_nano.a(lib_a-malloc.o) (_malloc_r)
/home/janhenrik/programme/gcc-arm-none-eabi-7-2018-q2-update/bin/../lib/gcc/arm-none-eabi/7.3.1/../../../../arm-none-eabi/lib/thumb/v6-m/libc_nano.a(lib_a-sbrkr.o)
                              /home/janhenrik/programme/gcc-arm-none-eabi-7-2018-q2-update/bin/../lib/gcc/arm-none-eabi/7.3.1/../../../../arm-none-eabi/lib/thumb/v6-m/libc_nano.a(lib_a-nano-mallocr.o) (_sbrk_r)
/home/janhenrik/programme/gcc-arm-none-eabi-7-2018-q2-update/bin/../lib/gcc/arm-none-eabi/7.3.1/../../../../arm-none-eabi/lib/thumb/v6-m/libc_nano.a(lib_a-mlock.o)
                              /home/janhenrik/programme/gcc-arm-none-eabi-7-2018-q2-update/bin/../lib/gcc/arm-none-eabi/7.3.1/../../../../arm-none-eabi/lib/thumb/v6-m/libc_nano.a(lib_a-nano-freer.o) (__malloc_lock)
/home/janhenrik/programme/gcc-arm-none-eabi-7-2018-q2-update/bin/../lib/gcc/arm-none-eabi/7.3.1/../../../../arm-none-eabi/lib/thumb/v6-m/libc_nano.a(lib_a-reent.o)
                              /home/janhenrik/programme/gcc-arm-none-eabi-7-2018-q2-update/bin/../lib/gcc/arm-none-eabi/7.3.1/../../../../arm-none-eabi/lib/thumb/v6-m/libc_nano.a(lib_a-sbrkr.o) (errno)
/home/janhenrik/programme/gcc-arm-none-eabi-7-2018-q2-update/bin/../lib/gcc/arm-none-eabi/7.3.1/../../../../arm-none-eabi/lib/thumb/v6-m/libnosys.a(sbrk.o)
                              /home/janhenrik/programme/gcc-arm-none-eabi-7-2018-q2-update/bin/../lib/gcc/arm-none-eabi/7.3.1/../../../../arm-none-eabi/lib/thumb/v6-m/libc_nano.a(lib_a-sbrkr.o) (_sbrk)
/home/janhenrik/programme/gcc-arm-none-eabi-7-2018-q2-update/bin/../lib/gcc/arm-none-eabi/7.3.1/../../../../arm-none-eabi/lib/thumb/v6-m/libnosys.a(_exit.o)
                              /home/janhenrik/programme/gcc-arm-none-eabi-7-2018-q2-update/bin/../lib/gcc/arm-none-eabi/7.3.1/../../../../arm-none-eabi/lib/thumb/v6-m/libc_nano.a(lib_a-exit.o) (_exit)
/home/janhenrik/programme/gcc-arm-none-eabi-7-2018-q2-update/bin/../lib/gcc/arm-none-eabi/7.3.1/thumb/v6-m/libgcc.a(_udivsi3.o)
                              build/stm32f0xx_hal_adc.o (__aeabi_uidiv)
/home/janhenrik/programme/gcc-arm-none-eabi-7-2018-q2-update/bin/../lib/gcc/arm-none-eabi/7.3.1/thumb/v6-m/libgcc.a(_dvmd_tls.o)
[...]
Memory Configuration

Name             Origin             Length             Attributes
RAM              0x0000000020000000 0x0000000000004000 xrw
FLASH            0x0000000008000000 0x0000000000020000 xr
*default*        0x0000000000000000 0xffffffffffffffff

Linker script and memory map

LOAD /home/janhenrik/programme/gcc-arm-none-eabi-7-2018-q2-update/bin/../lib/gcc/arm-none-eabi/7.3.1/thumb/v6-m/crti.o
LOAD /home/janhenrik/programme/gcc-arm-none-eabi-7-2018-q2-update/bin/../lib/gcc/arm-none-eabi/7.3.1/thumb/v6-m/crtbegin.o
LOAD /home/janhenrik/programme/gcc-arm-none-eabi-7-2018-q2-update/bin/../lib/gcc/arm-none-eabi/7.3.1/../../../../arm-none-eabi/lib/thumb/v6-m/crt0.o
LOAD build/main.o
LOAD build/stm32f0xx_it.o
LOAD build/stm32f0xx_hal_msp.o
LOAD build/stm32f0xx_ll_usb.o
LOAD build/stm32f0xx_hal_adc.o
LOAD build/stm32f0xx_hal_adc_ex.o
LOAD build/stm32f0xx_hal_rcc.o
LOAD build/stm32f0xx_hal_rcc_ex.o
LOAD build/stm32f0xx_hal.o
LOAD build/stm32f0xx_hal_i2c.o
LOAD build/stm32f0xx_hal_i2c_ex.o
LOAD build/stm32f0xx_hal_gpio.o
LOAD build/stm32f0xx_hal_dma.o
LOAD build/stm32f0xx_hal_cortex.o
LOAD build/stm32f0xx_hal_pwr.o
LOAD build/stm32f0xx_hal_pwr_ex.o
LOAD build/stm32f0xx_hal_flash.o
LOAD build/stm32f0xx_hal_flash_ex.o
LOAD build/stm32f0xx_hal_exti.o
LOAD build/stm32f0xx_hal_tim.o
LOAD build/stm32f0xx_hal_tim_ex.o
LOAD build/stm32f0xx_hal_pcd.o
LOAD build/stm32f0xx_hal_pcd_ex.o
LOAD build/usb_device.o
LOAD build/usbd_conf.o
LOAD build/usbd_desc.o
LOAD build/usbd_hid.o
LOAD build/usbd_core.o
LOAD build/usbd_ctlreq.o
LOAD build/usbd_ioreq.o
LOAD build/system_stm32f0xx.o
LOAD build/startup_stm32f072xb.o
LOAD /home/janhenrik/programme/gcc-arm-none-eabi-7-2018-q2-update/bin/../lib/gcc/arm-none-eabi/7.3.1/../../../../arm-none-eabi/lib/thumb/v6-m/libc_nano.a
LOAD /home/janhenrik/programme/gcc-arm-none-eabi-7-2018-q2-update/bin/../lib/gcc/arm-none-eabi/7.3.1/../../../../arm-none-eabi/lib/thumb/v6-m/libm.a
LOAD /home/janhenrik/programme/gcc-arm-none-eabi-7-2018-q2-update/bin/../lib/gcc/arm-none-eabi/7.3.1/../../../../arm-none-eabi/lib/thumb/v6-m/libnosys.a
START GROUP
LOAD /home/janhenrik/programme/gcc-arm-none-eabi-7-2018-q2-update/bin/../lib/gcc/arm-none-eabi/7.3.1/thumb/v6-m/libgcc.a
LOAD /home/janhenrik/programme/gcc-arm-none-eabi-7-2018-q2-update/bin/../lib/gcc/arm-none-eabi/7.3.1/../../../../arm-none-eabi/lib/thumb/v6-m/libc_nano.a
END GROUP
START GROUP
LOAD /home/janhenrik/programme/gcc-arm-none-eabi-7-2018-q2-update/bin/../lib/gcc/arm-none-eabi/7.3.1/thumb/v6-m/libgcc.a
LOAD /home/janhenrik/programme/gcc-arm-none-eabi-7-2018-q2-update/bin/../lib/gcc/arm-none-eabi/7.3.1/../../../../arm-none-eabi/lib/thumb/v6-m/libc_nano.a
END GROUP
LOAD /home/janhenrik/programme/gcc-arm-none-eabi-7-2018-q2-update/bin/../lib/gcc/arm-none-eabi/7.3.1/thumb/v6-m/crtend.o
LOAD /home/janhenrik/programme/gcc-arm-none-eabi-7-2018-q2-update/bin/../lib/gcc/arm-none-eabi/7.3.1/thumb/v6-m/crtn.o
                0x0000000020004000                _estack = 0x20004000
                0x0000000000000200                _Min_Heap_Size = 0x200
                0x0000000000000400                _Min_Stack_Size = 0x400

.isr_vector     0x0000000008000000       0xc0
                0x0000000008000000                . = ALIGN (0x4)
 *(.isr_vector)
 .isr_vector    0x0000000008000000       0xc0 build/startup_stm32f072xb.o
                0x0000000008000000                g_pfnVectors
                0x00000000080000c0                . = ALIGN (0x4)

.text           0x00000000080000c0     0x3c2c
                0x00000000080000c0                . = ALIGN (0x4)
 *(.text)
 .text          0x00000000080000c0       0x48 /home/janhenrik/programme/gcc-arm-none-eabi-7-2018-q2-update/bin/../lib/gcc/arm-none-eabi/7.3.1/thumb/v6-m/crtbegin.o
 .text          0x0000000008000108      0x114 /home/janhenrik/programme/gcc-arm-none-eabi-7-2018-q2-update/bin/../lib/gcc/arm-none-eabi/7.3.1/thumb/v6-m/libgcc.a(_udivsi3.o)
                0x0000000008000108                __udivsi3
                0x0000000008000108                __aeabi_uidiv
                0x0000000008000214                __aeabi_uidivmod
 .text          0x000000000800021c        0x4 /home/janhenrik/programme/gcc-arm-none-eabi-7-2018-q2-update/bin/../lib/gcc/arm-none-eabi/7.3.1/thumb/v6-m/libgcc.a(_dvmd_tls.o)
                0x000000000800021c                __aeabi_ldiv0
                0x000000000800021c                __aeabi_idiv0
 *(.text*)
 .text.MX_GPIO_Init
                0x0000000008000220       0x64 build/main.o
 .text.MX_DMA_Init
                0x0000000008000284       0x30 build/main.o
 .text.MX_ADC_Init
                0x00000000080002b4       0xb0 build/main.o
 .text.kbd_send_ch
                0x0000000008000364       0x84 build/main.o
                0x0000000008000364                kbd_send_ch
 .text.kbd_send_raw
                0x00000000080003e8       0x6c build/main.o
                0x00000000080003e8                kbd_send_raw
 .text.sendVolUp
                0x0000000008000454       0x3c build/main.o
                0x0000000008000454                sendVolUp
 .text.sendVolDown
                0x0000000008000490       0x3c build/main.o
                0x0000000008000490                sendVolDown
 .text.SystemClock_Config
                0x00000000080004cc       0x5e build/main.o
                0x00000000080004cc                SystemClock_Config
 *fill*         0x000000000800052a        0x2 
 .text.main     0x000000000800052c      0x1ac build/main.o
                0x000000000800052c                main
 .text.Error_Handler
                0x00000000080006d8       0x30 build/main.o
                0x00000000080006d8                Error_Handler
 .text.NMI_Handler
                0x0000000008000708        0x2 build/stm32f0xx_it.o
                0x0000000008000708                NMI_Handler
 .text.HardFault_Handler
                0x000000000800070a        0x2 build/stm32f0xx_it.o
                0x000000000800070a                HardFault_Handler
 .text.SVC_Handler
                0x000000000800070c        0x2 build/stm32f0xx_it.o
                0x000000000800070c                SVC_Handler
 .text.PendSV_Handler
                0x000000000800070e        0x2 build/stm32f0xx_it.o
                0x000000000800070e                PendSV_Handler
 .text.SysTick_Handler
                0x0000000008000710        0x8 build/stm32f0xx_it.o
                0x0000000008000710                SysTick_Handler
 .text.DMA1_Channel1_IRQHandler
                0x0000000008000718       0x10 build/stm32f0xx_it.o
                0x0000000008000718                DMA1_Channel1_IRQHandler
 .text.USB_IRQHandler
                0x0000000008000728       0x10 build/stm32f0xx_it.o
                0x0000000008000728                USB_IRQHandler
 .text.HAL_MspInit
                0x0000000008000738       0x30 build/stm32f0xx_hal_msp.o
                0x0000000008000738                HAL_MspInit
 .text.HAL_ADC_MspInit
                0x0000000008000768       0xc4 build/stm32f0xx_hal_msp.o
                0x0000000008000768                HAL_ADC_MspInit
 .text.USB_EnableGlobalInt
                0x000000000800082c       0x14 build/stm32f0xx_ll_usb.o
                0x000000000800082c                USB_EnableGlobalInt
 .text.USB_DisableGlobalInt
                0x0000000008000840       0x14 build/stm32f0xx_ll_usb.o
                0x0000000008000840                USB_DisableGlobalInt
 .text.USB_DevInit
                0x0000000008000854       0x2a build/stm32f0xx_ll_usb.o
                0x0000000008000854                USB_DevInit
 *fill*         0x000000000800087e        0x2 
 .text.USB_ActivateEndpoint
                0x0000000008000880      0x300 build/stm32f0xx_ll_usb.o
                0x0000000008000880                USB_ActivateEndpoint
 .text.USB_DeactivateEndpoint
                0x0000000008000b80      0x170 build/stm32f0xx_ll_usb.o
                0x0000000008000b80                USB_DeactivateEndpoint
 .text.USB_EPSetStall
                0x0000000008000cf0       0x4c build/stm32f0xx_ll_usb.o
                0x0000000008000cf0                USB_EPSetStall
 .text.USB_EPClearStall
                0x0000000008000d3c       0x98 build/stm32f0xx_ll_usb.o
                0x0000000008000d3c                USB_EPClearStall
 .text.USB_SetDevAddress
                0x0000000008000dd4        0xe build/stm32f0xx_ll_usb.o
                0x0000000008000dd4                USB_SetDevAddress
 *fill*         0x0000000008000de2        0x2 
 .text.USB_DevConnect
                0x0000000008000de4       0x14 build/stm32f0xx_ll_usb.o
                0x0000000008000de4                USB_DevConnect
 .text.USB_ReadInterrupts
                0x0000000008000df8        0x8 build/stm32f0xx_ll_usb.o
                0x0000000008000df8                USB_ReadInterrupts
 .text.USB_EP0_OutStart
                0x0000000008000e00        0x4 build/stm32f0xx_ll_usb.o
                0x0000000008000e00                USB_EP0_OutStart
 .text.USB_WritePMA
                0x0000000008000e04       0x28 build/stm32f0xx_ll_usb.o
                0x0000000008000e04                USB_WritePMA
 .text.USB_EPStartXfer
                0x0000000008000e2c      0x2d8 build/stm32f0xx_ll_usb.o
                0x0000000008000e2c                USB_EPStartXfer
 .text.USB_ReadPMA
                0x0000000008001104       0x2e build/stm32f0xx_ll_usb.o
                0x0000000008001104                USB_ReadPMA
 *fill*         0x0000000008001132        0x2 
 .text.ADC_Enable
                0x0000000008001134       0xa8 build/stm32f0xx_hal_adc.o
 .text.HAL_ADC_Init
                0x00000000080011dc      0x17c build/stm32f0xx_hal_adc.o
                0x00000000080011dc                HAL_ADC_Init
 .text.HAL_ADC_Start_DMA
                0x0000000008001358       0xa8 build/stm32f0xx_hal_adc.o
                0x0000000008001358                HAL_ADC_Start_DMA
 .text.HAL_ADC_ConvCpltCallback
                0x0000000008001400        0x2 build/stm32f0xx_hal_adc.o
                0x0000000008001400                HAL_ADC_ConvCpltCallback
 *fill*         0x0000000008001402        0x2 
 .text.ADC_DMAConvCplt
                0x0000000008001404       0x70 build/stm32f0xx_hal_adc.o
 .text.HAL_ADC_ConvHalfCpltCallback
                0x0000000008001474        0x2 build/stm32f0xx_hal_adc.o
                0x0000000008001474                HAL_ADC_ConvHalfCpltCallback
 .text.ADC_DMAHalfConvCplt
                0x0000000008001476        0xa build/stm32f0xx_hal_adc.o
 .text.HAL_ADC_ErrorCallback
                0x0000000008001480        0x2 build/stm32f0xx_hal_adc.o
                0x0000000008001480                HAL_ADC_ErrorCallback
 .text.ADC_DMAError
                0x0000000008001482       0x1a build/stm32f0xx_hal_adc.o
 .text.HAL_ADC_ConfigChannel
                0x000000000800149c      0x14c build/stm32f0xx_hal_adc.o
                0x000000000800149c                HAL_ADC_ConfigChannel
 .text.HAL_RCC_OscConfig
                0x00000000080015e8      0x540 build/stm32f0xx_hal_rcc.o
                0x00000000080015e8                HAL_RCC_OscConfig
 .text.HAL_RCC_GetSysClockFreq
                0x0000000008001b28       0x94 build/stm32f0xx_hal_rcc.o
                0x0000000008001b28                HAL_RCC_GetSysClockFreq
 .text.HAL_RCC_ClockConfig
                0x0000000008001bbc      0x140 build/stm32f0xx_hal_rcc.o
                0x0000000008001bbc                HAL_RCC_ClockConfig
 .text.HAL_RCCEx_PeriphCLKConfig
                0x0000000008001cfc      0x158 build/stm32f0xx_hal_rcc_ex.o
                0x0000000008001cfc                HAL_RCCEx_PeriphCLKConfig
 .text.HAL_InitTick
                0x0000000008001e54       0x50 build/stm32f0xx_hal.o
                0x0000000008001e54                HAL_InitTick
 .text.HAL_Init
                0x0000000008001ea4       0x20 build/stm32f0xx_hal.o
                0x0000000008001ea4                HAL_Init
 .text.HAL_IncTick
                0x0000000008001ec4       0x18 build/stm32f0xx_hal.o
                0x0000000008001ec4                HAL_IncTick
 .text.HAL_GetTick
                0x0000000008001edc        0xc build/stm32f0xx_hal.o
                0x0000000008001edc                HAL_GetTick
 .text.HAL_Delay
                0x0000000008001ee8       0x24 build/stm32f0xx_hal.o
                0x0000000008001ee8                HAL_Delay
 .text.HAL_GPIO_Init
                0x0000000008001f0c      0x198 build/stm32f0xx_hal_gpio.o
                0x0000000008001f0c                HAL_GPIO_Init
 .text.HAL_GPIO_WritePin
                0x00000000080020a4        0xc build/stm32f0xx_hal_gpio.o
                0x00000000080020a4                HAL_GPIO_WritePin
 .text.DMA_SetConfig
                0x00000000080020b0       0x2a build/stm32f0xx_hal_dma.o
 *fill*         0x00000000080020da        0x2 
 .text.DMA_CalcBaseAndBitshift
                0x00000000080020dc       0x28 build/stm32f0xx_hal_dma.o
 .text.HAL_DMA_Init
                0x0000000008002104       0x50 build/stm32f0xx_hal_dma.o
                0x0000000008002104                HAL_DMA_Init
 .text.HAL_DMA_Start_IT
                0x0000000008002154       0x76 build/stm32f0xx_hal_dma.o
                0x0000000008002154                HAL_DMA_Start_IT
 .text.HAL_DMA_IRQHandler
                0x00000000080021ca       0xaa build/stm32f0xx_hal_dma.o
                0x00000000080021ca                HAL_DMA_IRQHandler
 .text.HAL_NVIC_SetPriority
                0x0000000008002274       0x64 build/stm32f0xx_hal_cortex.o
                0x0000000008002274                HAL_NVIC_SetPriority
 .text.HAL_NVIC_EnableIRQ
                0x00000000080022d8       0x18 build/stm32f0xx_hal_cortex.o
                0x00000000080022d8                HAL_NVIC_EnableIRQ
 .text.HAL_SYSTICK_Config
                0x00000000080022f0       0x38 build/stm32f0xx_hal_cortex.o
                0x00000000080022f0                HAL_SYSTICK_Config
 .text.HAL_PCD_Init
                0x0000000008002328       0xd4 build/stm32f0xx_hal_pcd.o
                0x0000000008002328                HAL_PCD_Init
 .text.HAL_PCD_Start
                0x00000000080023fc       0x2e build/stm32f0xx_hal_pcd.o
                0x00000000080023fc                HAL_PCD_Start
 .text.HAL_PCD_SetAddress
                0x000000000800242a       0x2c build/stm32f0xx_hal_pcd.o
                0x000000000800242a                HAL_PCD_SetAddress
 .text.HAL_PCD_EP_Open
                0x0000000008002456       0x7a build/stm32f0xx_hal_pcd.o
                0x0000000008002456                HAL_PCD_EP_Open
 .text.HAL_PCD_EP_Close
                0x00000000080024d0       0x64 build/stm32f0xx_hal_pcd.o
                0x00000000080024d0                HAL_PCD_EP_Close
 .text.HAL_PCD_EP_Receive
                0x0000000008002534       0x4c build/stm32f0xx_hal_pcd.o
                0x0000000008002534                HAL_PCD_EP_Receive
 .text.HAL_PCD_EP_GetRxCount
                0x0000000008002580       0x10 build/stm32f0xx_hal_pcd.o
                0x0000000008002580                HAL_PCD_EP_GetRxCount
 .text.HAL_PCD_EP_Transmit
                0x0000000008002590       0x40 build/stm32f0xx_hal_pcd.o
                0x0000000008002590                HAL_PCD_EP_Transmit
 .text.PCD_EP_ISR_Handler
                0x00000000080025d0      0x39c build/stm32f0xx_hal_pcd.o
 .text.HAL_PCD_IRQHandler
                0x000000000800296c      0x1ac build/stm32f0xx_hal_pcd.o
                0x000000000800296c                HAL_PCD_IRQHandler
 .text.HAL_PCD_EP_SetStall
                0x0000000008002b18       0x7e build/stm32f0xx_hal_pcd.o
                0x0000000008002b18                HAL_PCD_EP_SetStall
 .text.HAL_PCD_EP_ClrStall
                0x0000000008002b96       0x76 build/stm32f0xx_hal_pcd.o
                0x0000000008002b96                HAL_PCD_EP_ClrStall
 .text.HAL_PCDEx_PMAConfig
                0x0000000008002c0c       0x32 build/stm32f0xx_hal_pcd_ex.o
                0x0000000008002c0c                HAL_PCDEx_PMAConfig
 .text.HAL_PCDEx_ActivateLPM
                0x0000000008002c3e       0x26 build/stm32f0xx_hal_pcd_ex.o
                0x0000000008002c3e                HAL_PCDEx_ActivateLPM
 .text.HAL_PCDEx_LPM_Callback
                0x0000000008002c64        0x2 build/stm32f0xx_hal_pcd_ex.o
                0x0000000008002c64                HAL_PCDEx_LPM_Callback
 *fill*         0x0000000008002c66        0x2 
 .text.MX_USB_HID_INIT
                0x0000000008002c68       0x2c build/usb_device.o
                0x0000000008002c68                MX_USB_HID_INIT
 .text.HAL_PCD_MspInit
                0x0000000008002c94       0x40 build/usbd_conf.o
                0x0000000008002c94                HAL_PCD_MspInit
 .text.HAL_PCD_SetupStageCallback
                0x0000000008002cd4       0x16 build/usbd_conf.o
                0x0000000008002cd4                HAL_PCD_SetupStageCallback
 .text.HAL_PCD_DataOutStageCallback
                0x0000000008002cea       0x1a build/usbd_conf.o
                0x0000000008002cea                HAL_PCD_DataOutStageCallback
 .text.HAL_PCD_DataInStageCallback
                0x0000000008002d04       0x16 build/usbd_conf.o
                0x0000000008002d04                HAL_PCD_DataInStageCallback
 .text.HAL_PCD_SOFCallback
                0x0000000008002d1a        0xe build/usbd_conf.o
                0x0000000008002d1a                HAL_PCD_SOFCallback
 .text.HAL_PCD_ResetCallback
                0x0000000008002d28       0x18 build/usbd_conf.o
                0x0000000008002d28                HAL_PCD_ResetCallback
 .text.HAL_PCD_SuspendCallback
                0x0000000008002d40       0x24 build/usbd_conf.o
                0x0000000008002d40                HAL_PCD_SuspendCallback
 .text.HAL_PCD_ResumeCallback
                0x0000000008002d64        0xe build/usbd_conf.o
                0x0000000008002d64                HAL_PCD_ResumeCallback
 *fill*         0x0000000008002d72        0x2 
 .text.USBD_LL_Init
                0x0000000008002d74       0x7c build/usbd_conf.o
                0x0000000008002d74                USBD_LL_Init
 .text.USBD_LL_Start
                0x0000000008002df0       0x20 build/usbd_conf.o
                0x0000000008002df0                USBD_LL_Start
 .text.USBD_LL_OpenEP
                0x0000000008002e10       0x26 build/usbd_conf.o
                0x0000000008002e10                USBD_LL_OpenEP
 .text.USBD_LL_CloseEP
                0x0000000008002e36       0x20 build/usbd_conf.o
                0x0000000008002e36                USBD_LL_CloseEP
 .text.USBD_LL_StallEP
                0x0000000008002e56       0x20 build/usbd_conf.o
                0x0000000008002e56                USBD_LL_StallEP
 .text.USBD_LL_ClearStallEP
                0x0000000008002e76       0x20 build/usbd_conf.o
                0x0000000008002e76                USBD_LL_ClearStallEP
 .text.USBD_LL_IsStallEP
                0x0000000008002e96       0x2c build/usbd_conf.o
                0x0000000008002e96                USBD_LL_IsStallEP
 .text.USBD_LL_SetUSBAddress
                0x0000000008002ec2       0x20 build/usbd_conf.o
                0x0000000008002ec2                USBD_LL_SetUSBAddress
 .text.USBD_LL_Transmit
                0x0000000008002ee2       0x20 build/usbd_conf.o
                0x0000000008002ee2                USBD_LL_Transmit
 .text.USBD_LL_PrepareReceive
                0x0000000008002f02       0x20 build/usbd_conf.o
                0x0000000008002f02                USBD_LL_PrepareReceive
 .text.USBD_LL_GetRxDataSize
                0x0000000008002f22        0xe build/usbd_conf.o
                0x0000000008002f22                USBD_LL_GetRxDataSize
 .text.USBD_FS_DeviceDescriptor
                0x0000000008002f30        0xc build/usbd_desc.o
                0x0000000008002f30                USBD_FS_DeviceDescriptor
 .text.USBD_FS_LangIDStrDescriptor
                0x0000000008002f3c        0xc build/usbd_desc.o
                0x0000000008002f3c                USBD_FS_LangIDStrDescriptor
 .text.USBD_FS_ProductStrDescriptor
                0x0000000008002f48       0x28 build/usbd_desc.o
                0x0000000008002f48                USBD_FS_ProductStrDescriptor
 .text.USBD_FS_ManufacturerStrDescriptor
                0x0000000008002f70       0x1c build/usbd_desc.o
                0x0000000008002f70                USBD_FS_ManufacturerStrDescriptor
 .text.USBD_FS_SerialStrDescriptor
                0x0000000008002f8c       0x28 build/usbd_desc.o
                0x0000000008002f8c                USBD_FS_SerialStrDescriptor
 .text.USBD_FS_ConfigStrDescriptor
                0x0000000008002fb4       0x28 build/usbd_desc.o
                0x0000000008002fb4                USBD_FS_ConfigStrDescriptor
 .text.USBD_FS_InterfaceStrDescriptor
                0x0000000008002fdc       0x28 build/usbd_desc.o
                0x0000000008002fdc                USBD_FS_InterfaceStrDescriptor
 .text.USBD_HID_GetCfgDesc
                0x0000000008003004        0xc build/usbd_hid.o
 .text.USBD_HID_DataIn
                0x0000000008003010        0xe build/usbd_hid.o
 *fill*         0x000000000800301e        0x2 
 .text.USBD_HID_GetDeviceQualifierDesc
                0x0000000008003020        0xc build/usbd_hid.o
 .text.USBD_HID_Setup
                0x000000000800302c       0xc8 build/usbd_hid.o
 .text.USBD_HID_DeInit
                0x00000000080030f4       0x2c build/usbd_hid.o
 .text.USBD_HID_Init
                0x0000000008003120       0x2a build/usbd_hid.o
 .text.USBD_HID_SendReport
                0x000000000800314a       0x2a build/usbd_hid.o
                0x000000000800314a                USBD_HID_SendReport
 .text.USBD_HID_GetReport
                0x0000000008003174        0x2 build/usbd_hid.o
                0x0000000008003174                USBD_HID_GetReport
 *fill*         0x0000000008003176        0x2 
 .text.USBD_HID_DataOut
                0x0000000008003178       0x44 build/usbd_hid.o
 .text.USBD_Init
                0x00000000080031bc       0x38 build/usbd_core.o
                0x00000000080031bc                USBD_Init
 .text.USBD_RegisterClass
                0x00000000080031f4       0x12 build/usbd_core.o
                0x00000000080031f4                USBD_RegisterClass
 .text.USBD_Start
                0x0000000008003206        0xa build/usbd_core.o
                0x0000000008003206                USBD_Start
 .text.USBD_SetClassConfig
                0x0000000008003210       0x20 build/usbd_core.o
                0x0000000008003210                USBD_SetClassConfig
 .text.USBD_ClrClassConfig
                0x0000000008003230       0x10 build/usbd_core.o
                0x0000000008003230                USBD_ClrClassConfig
 .text.USBD_LL_SetupStage
                0x0000000008003240       0x68 build/usbd_core.o
                0x0000000008003240                USBD_LL_SetupStage
 .text.USBD_LL_DataOutStage
                0x00000000080032a8       0x78 build/usbd_core.o
                0x00000000080032a8                USBD_LL_DataOutStage
 .text.USBD_LL_DataInStage
                0x0000000008003320       0xc2 build/usbd_core.o
                0x0000000008003320                USBD_LL_DataInStage
 .text.USBD_LL_Reset
                0x00000000080033e2       0x46 build/usbd_core.o
                0x00000000080033e2                USBD_LL_Reset
 .text.USBD_LL_SetSpeed
                0x0000000008003428        0x6 build/usbd_core.o
                0x0000000008003428                USBD_LL_SetSpeed
 .text.USBD_LL_Suspend
                0x000000000800342e       0x16 build/usbd_core.o
                0x000000000800342e                USBD_LL_Suspend
 .text.USBD_LL_Resume
                0x0000000008003444        0xe build/usbd_core.o
                0x0000000008003444                USBD_LL_Resume
 .text.USBD_LL_SOF
                0x0000000008003452       0x20 build/usbd_core.o
                0x0000000008003452                USBD_LL_SOF
 .text.USBD_GetLen
                0x0000000008003472       0x14 build/usbd_ctlreq.o
 .text.USBD_SetFeature
                0x0000000008003486       0x22 build/usbd_ctlreq.o
 .text.USBD_ParseSetupRequest
                0x00000000080034a8       0x28 build/usbd_ctlreq.o
                0x00000000080034a8                USBD_ParseSetupRequest
 .text.USBD_CtlError
                0x00000000080034d0       0x14 build/usbd_ctlreq.o
                0x00000000080034d0                USBD_CtlError
 .text.USBD_GetDescriptor
                0x00000000080034e4      0x15c build/usbd_ctlreq.o
 .text.USBD_SetAddress
                0x0000000008003640       0x58 build/usbd_ctlreq.o
 .text.USBD_SetConfig
                0x0000000008003698       0xb0 build/usbd_ctlreq.o
 .text.USBD_GetConfig
                0x0000000008003748       0x3c build/usbd_ctlreq.o
 .text.USBD_GetStatus
                0x0000000008003784       0x34 build/usbd_ctlreq.o
 .text.USBD_ClrFeature
                0x00000000080037b8       0x36 build/usbd_ctlreq.o
 *fill*         0x00000000080037ee        0x2 
 .text.USBD_StdDevReq
                0x00000000080037f0       0x48 build/usbd_ctlreq.o
                0x00000000080037f0                USBD_StdDevReq
 .text.USBD_StdItfReq
                0x0000000008003838       0x3e build/usbd_ctlreq.o
                0x0000000008003838                USBD_StdItfReq
 .text.USBD_StdEPReq
                0x0000000008003876      0x138 build/usbd_ctlreq.o
                0x0000000008003876                USBD_StdEPReq
 .text.USBD_GetString
                0x00000000080039ae       0x3c build/usbd_ctlreq.o
                0x00000000080039ae                USBD_GetString
 .text.USBD_CtlSendData
                0x00000000080039ea       0x1c build/usbd_ioreq.o
                0x00000000080039ea                USBD_CtlSendData
 .text.USBD_CtlContinueSendData
                0x0000000008003a06       0x10 build/usbd_ioreq.o
                0x0000000008003a06                USBD_CtlContinueSendData
 .text.USBD_CtlContinueRx
                0x0000000008003a16       0x10 build/usbd_ioreq.o
                0x0000000008003a16                USBD_CtlContinueRx
 .text.USBD_CtlSendStatus
                0x0000000008003a26       0x18 build/usbd_ioreq.o
                0x0000000008003a26                USBD_CtlSendStatus
 .text.USBD_CtlReceiveStatus
                0x0000000008003a3e       0x18 build/usbd_ioreq.o
                0x0000000008003a3e                USBD_CtlReceiveStatus
 .text.SystemInit
                0x0000000008003a56        0x2 build/system_stm32f0xx.o
                0x0000000008003a56                SystemInit
 .text.Reset_Handler
                0x0000000008003a58       0x50 build/startup_stm32f072xb.o
                0x0000000008003a58                Reset_Handler
 .text.Default_Handler
                0x0000000008003aa8        0x2 build/startup_stm32f072xb.o
                0x0000000008003aa8                TIM1_CC_IRQHandler
                0x0000000008003aa8                TSC_IRQHandler
                0x0000000008003aa8                ADC1_COMP_IRQHandler
                0x0000000008003aa8                I2C1_IRQHandler
                0x0000000008003aa8                RCC_CRS_IRQHandler
                0x0000000008003aa8                SPI1_IRQHandler
                0x0000000008003aa8                TIM6_DAC_IRQHandler
                0x0000000008003aa8                USART3_4_IRQHandler
                0x0000000008003aa8                EXTI2_3_IRQHandler
                0x0000000008003aa8                I2C2_IRQHandler
                0x0000000008003aa8                TIM17_IRQHandler
                0x0000000008003aa8                CEC_CAN_IRQHandler
                0x0000000008003aa8                RTC_IRQHandler
                0x0000000008003aa8                PVD_VDDIO2_IRQHandler
                0x0000000008003aa8                DMA1_Channel4_5_6_7_IRQHandler
                0x0000000008003aa8                TIM16_IRQHandler
                0x0000000008003aa8                TIM3_IRQHandler
                0x0000000008003aa8                EXTI4_15_IRQHandler
                0x0000000008003aa8                Default_Handler
                0x0000000008003aa8                TIM14_IRQHandler
                0x0000000008003aa8                TIM7_IRQHandler
                0x0000000008003aa8                TIM15_IRQHandler
                0x0000000008003aa8                EXTI0_1_IRQHandler
                0x0000000008003aa8                SPI2_IRQHandler
                0x0000000008003aa8                WWDG_IRQHandler
                0x0000000008003aa8                TIM2_IRQHandler
                0x0000000008003aa8                DMA1_Channel2_3_IRQHandler
                0x0000000008003aa8                USART2_IRQHandler
                0x0000000008003aa8                FLASH_IRQHandler
                0x0000000008003aa8                USART1_IRQHandler
                0x0000000008003aa8                TIM1_BRK_UP_TRG_COM_IRQHandler
 *fill*         0x0000000008003aaa        0x2 
 .text.__libc_init_array
                0x0000000008003aac       0x48 /home/janhenrik/programme/gcc-arm-none-eabi-7-2018-q2-update/bin/../lib/gcc/arm-none-eabi/7.3.1/../../../../arm-none-eabi/lib/thumb/v6-m/libc_nano.a(lib_a-init.o)
                0x0000000008003aac                __libc_init_array
 .text.malloc   0x0000000008003af4       0x14 /home/janhenrik/programme/gcc-arm-none-eabi-7-2018-q2-update/bin/../lib/gcc/arm-none-eabi/7.3.1/../../../../arm-none-eabi/lib/thumb/v6-m/libc_nano.a(lib_a-malloc.o)
                0x0000000008003af4                malloc
 .text.free     0x0000000008003b08       0x14 /home/janhenrik/programme/gcc-arm-none-eabi-7-2018-q2-update/bin/../lib/gcc/arm-none-eabi/7.3.1/../../../../arm-none-eabi/lib/thumb/v6-m/libc_nano.a(lib_a-malloc.o)
                0x0000000008003b08                free
 .text.memcpy   0x0000000008003b1c       0x12 /home/janhenrik/programme/gcc-arm-none-eabi-7-2018-q2-update/bin/../lib/gcc/arm-none-eabi/7.3.1/../../../../arm-none-eabi/lib/thumb/v6-m/libc_nano.a(lib_a-memcpy-stub.o)
                0x0000000008003b1c                memcpy
 .text.memset   0x0000000008003b2e       0x10 /home/janhenrik/programme/gcc-arm-none-eabi-7-2018-q2-update/bin/../lib/gcc/arm-none-eabi/7.3.1/../../../../arm-none-eabi/lib/thumb/v6-m/libc_nano.a(lib_a-memset.o)
                0x0000000008003b2e                memset
 *fill*         0x0000000008003b3e        0x2 
 .text._free_r  0x0000000008003b40       0x94 /home/janhenrik/programme/gcc-arm-none-eabi-7-2018-q2-update/bin/../lib/gcc/arm-none-eabi/7.3.1/../../../../arm-none-eabi/lib/thumb/v6-m/libc_nano.a(lib_a-nano-freer.o)
                0x0000000008003b40                _free_r
 .text._malloc_r
                0x0000000008003bd4       0xbc /home/janhenrik/programme/gcc-arm-none-eabi-7-2018-q2-update/bin/../lib/gcc/arm-none-eabi/7.3.1/../../../../arm-none-eabi/lib/thumb/v6-m/libc_nano.a(lib_a-nano-mallocr.o)
                0x0000000008003bd4                _malloc_r
 .text._sbrk_r  0x0000000008003c90       0x24 /home/janhenrik/programme/gcc-arm-none-eabi-7-2018-q2-update/bin/../lib/gcc/arm-none-eabi/7.3.1/../../../../arm-none-eabi/lib/thumb/v6-m/libc_nano.a(lib_a-sbrkr.o)
                0x0000000008003c90                _sbrk_r
 .text.__malloc_lock
                0x0000000008003cb4        0x2 /home/janhenrik/programme/gcc-arm-none-eabi-7-2018-q2-update/bin/../lib/gcc/arm-none-eabi/7.3.1/../../../../arm-none-eabi/lib/thumb/v6-m/libc_nano.a(lib_a-mlock.o)
                0x0000000008003cb4                __malloc_lock
 .text.__malloc_unlock
                0x0000000008003cb6        0x2 /home/janhenrik/programme/gcc-arm-none-eabi-7-2018-q2-update/bin/../lib/gcc/arm-none-eabi/7.3.1/../../../../arm-none-eabi/lib/thumb/v6-m/libc_nano.a(lib_a-mlock.o)
                0x0000000008003cb6                __malloc_unlock
 .text._sbrk    0x0000000008003cb8       0x1c /home/janhenrik/programme/gcc-arm-none-eabi-7-2018-q2-update/bin/../lib/gcc/arm-none-eabi/7.3.1/../../../../arm-none-eabi/lib/thumb/v6-m/libnosys.a(sbrk.o)
                0x0000000008003cb8                _sbrk
 *(.glue_7)
 .glue_7        0x0000000008003cd4        0x0 linker stubs
 *(.glue_7t)
 .glue_7t       0x0000000008003cd4        0x0 linker stubs
 *(.eh_frame)
 .eh_frame      0x0000000008003cd4        0x0 /home/janhenrik/programme/gcc-arm-none-eabi-7-2018-q2-update/bin/../lib/gcc/arm-none-eabi/7.3.1/thumb/v6-m/crtbegin.o
 *(.init)
 .init          0x0000000008003cd4        0x4 /home/janhenrik/programme/gcc-arm-none-eabi-7-2018-q2-update/bin/../lib/gcc/arm-none-eabi/7.3.1/thumb/v6-m/crti.o
                0x0000000008003cd4                _init
 .init          0x0000000008003cd8        0x8 /home/janhenrik/programme/gcc-arm-none-eabi-7-2018-q2-update/bin/../lib/gcc/arm-none-eabi/7.3.1/thumb/v6-m/crtn.o
 *(.fini)
 .fini          0x0000000008003ce0        0x4 /home/janhenrik/programme/gcc-arm-none-eabi-7-2018-q2-update/bin/../lib/gcc/arm-none-eabi/7.3.1/thumb/v6-m/crti.o
                0x0000000008003ce0                _fini
 .fini          0x0000000008003ce4        0x8 /home/janhenrik/programme/gcc-arm-none-eabi-7-2018-q2-update/bin/../lib/gcc/arm-none-eabi/7.3.1/thumb/v6-m/crtn.o
                0x0000000008003cec                . = ALIGN (0x4)
                0x0000000008003cec                _etext = .

.vfp11_veneer   0x0000000008003cec        0x0
 .vfp11_veneer  0x0000000008003cec        0x0 linker stubs

.v4_bx          0x0000000008003cec        0x0
 .v4_bx         0x0000000008003cec        0x0 linker stubs

.iplt           0x0000000008003cec        0x0
 .iplt          0x0000000008003cec        0x0 /home/janhenrik/programme/gcc-arm-none-eabi-7-2018-q2-update/bin/../lib/gcc/arm-none-eabi/7.3.1/thumb/v6-m/crtbegin.o

.rodata         0x0000000008003cec      0x15c
                0x0000000008003cec                . = ALIGN (0x4)
 *(.rodata)
 .rodata        0x0000000008003cec       0x20 build/stm32f0xx_hal_rcc.o
 *(.rodata*)
 .rodata._asciimap
                0x0000000008003d0c       0x80 build/main.o
                0x0000000008003d0c                _asciimap
 .rodata.USBD_FS_ConfigStrDescriptor.str1.4
                0x0000000008003d8c        0xb build/usbd_desc.o
 *fill*         0x0000000008003d97        0x1 
 .rodata.USBD_FS_InterfaceStrDescriptor.str1.4
                0x0000000008003d98        0xe build/usbd_desc.o
 *fill*         0x0000000008003da6        0x2 
 .rodata.USBD_FS_ManufacturerStrDescriptor.str1.4
                0x0000000008003da8       0x11 build/usbd_desc.o
 *fill*         0x0000000008003db9        0x3 
 .rodata.USBD_FS_ProductStrDescriptor.str1.4
                0x0000000008003dbc        0xa build/usbd_desc.o
 *fill*         0x0000000008003dc6        0x2 
 .rodata.USBD_FS_SerialStrDescriptor.str1.4
                0x0000000008003dc8       0x10 build/usbd_desc.o
                                          0xd (size before relaxing)
 .rodata.USBD_GetDescriptor
                0x0000000008003dd8       0x38 build/usbd_ctlreq.o
 .rodata.USBD_StdDevReq
                0x0000000008003e10       0x28 build/usbd_ctlreq.o
 .rodata.AHBPrescTable
                0x0000000008003e38       0x10 build/system_stm32f0xx.o
                0x0000000008003e38                AHBPrescTable
                0x0000000008003e48                . = ALIGN (0x4)

.rel.dyn        0x0000000008003e48        0x0
 .rel.iplt      0x0000000008003e48        0x0 /home/janhenrik/programme/gcc-arm-none-eabi-7-2018-q2-update/bin/../lib/gcc/arm-none-eabi/7.3.1/thumb/v6-m/crtbegin.o

.ARM.extab
 *(.ARM.extab* .gnu.linkonce.armextab.*)

.ARM            0x0000000008003e48        0x0
                0x0000000008003e48                __exidx_start = .
 *(.ARM.exidx*)
                0x0000000008003e48                __exidx_end = .

.preinit_array  0x0000000008003e48        0x0
                0x0000000008003e48                PROVIDE (__preinit_array_start = .)
 *(.preinit_array*)
                0x0000000008003e48                PROVIDE (__preinit_array_end = .)

.init_array     0x0000000008003e48        0x4
                0x0000000008003e48                PROVIDE (__init_array_start = .)
 *(SORT_BY_NAME(.init_array.*))
 *(.init_array*)
 .init_array    0x0000000008003e48        0x4 /home/janhenrik/programme/gcc-arm-none-eabi-7-2018-q2-update/bin/../lib/gcc/arm-none-eabi/7.3.1/thumb/v6-m/crtbegin.o
                0x0000000008003e4c                PROVIDE (__init_array_end = .)

.fini_array     0x0000000008003e4c        0x4
                [!provide]                        PROVIDE (__fini_array_start = .)
 *(SORT_BY_NAME(.fini_array.*))
 *(.fini_array*)
 .fini_array    0x0000000008003e4c        0x4 /home/janhenrik/programme/gcc-arm-none-eabi-7-2018-q2-update/bin/../lib/gcc/arm-none-eabi/7.3.1/thumb/v6-m/crtbegin.o
                [!provide]                        PROVIDE (__fini_array_end = .)
                0x0000000008003e50                _sidata = LOADADDR (.data)

.data           0x0000000020000000      0x164 load address 0x0000000008003e50
                0x0000000020000000                . = ALIGN (0x4)
                0x0000000020000000                _sdata = .
 *(.data)
 *(.data*)
 .data.scan_cvt
                0x0000000020000000        0x4 build/main.o
                0x0000000020000000                scan_cvt
 .data.uwTickFreq
                0x0000000020000004        0x1 build/stm32f0xx_hal.o
                0x0000000020000004                uwTickFreq
 *fill*         0x0000000020000005        0x3 
 .data.uwTickPrio
                0x0000000020000008        0x4 build/stm32f0xx_hal.o
                0x0000000020000008                uwTickPrio
 .data.FS_Desc  0x000000002000000c       0x1c build/usbd_desc.o
                0x000000002000000c                FS_Desc
 .data.USBD_FS_DeviceDesc
                0x0000000020000028       0x12 build/usbd_desc.o
                0x0000000020000028                USBD_FS_DeviceDesc
 *fill*         0x000000002000003a        0x2 
 .data.USBD_LangIDDesc
                0x000000002000003c        0x4 build/usbd_desc.o
                0x000000002000003c                USBD_LangIDDesc
 .data.HID_ReportDesc
                0x0000000020000040       0x48 build/usbd_hid.o
 .data.USBD_HID
                0x0000000020000088       0x38 build/usbd_hid.o
                0x0000000020000088                USBD_HID
 .data.USBD_HID_CfgDesc
                0x00000000200000c0       0x22 build/usbd_hid.o
 *fill*         0x00000000200000e2        0x2 
 .data.USBD_HID_Desc
                0x00000000200000e4        0x9 build/usbd_hid.o
 *fill*         0x00000000200000ed        0x3 
 .data.USBD_HID_DeviceQualifierDesc
                0x00000000200000f0        0xa build/usbd_hid.o
 *fill*         0x00000000200000fa        0x2 
 .data.SystemCoreClock
                0x00000000200000fc        0x4 build/system_stm32f0xx.o
                0x00000000200000fc                SystemCoreClock
 .data._impure_ptr
                0x0000000020000100        0x4 /home/janhenrik/programme/gcc-arm-none-eabi-7-2018-q2-update/bin/../lib/gcc/arm-none-eabi/7.3.1/../../../../arm-none-eabi/lib/thumb/v6-m/libc_nano.a(lib_a-impure.o)
                0x0000000020000100                _impure_ptr
 .data.impure_data
                0x0000000020000104       0x60 /home/janhenrik/programme/gcc-arm-none-eabi-7-2018-q2-update/bin/../lib/gcc/arm-none-eabi/7.3.1/../../../../arm-none-eabi/lib/thumb/v6-m/libc_nano.a(lib_a-impure.o)
                0x0000000020000164                . = ALIGN (0x4)
                0x0000000020000164                _edata = .

.igot.plt       0x0000000020000164        0x0 load address 0x0000000008003fb4
 .igot.plt      0x0000000020000164        0x0 /home/janhenrik/programme/gcc-arm-none-eabi-7-2018-q2-update/bin/../lib/gcc/arm-none-eabi/7.3.1/thumb/v6-m/crtbegin.o
                0x0000000020000164                . = ALIGN (0x4)

.bss            0x0000000020000164      0x7a0 load address 0x0000000008003fb4
                0x0000000020000164                _sbss = .
                0x0000000020000164                __bss_start__ = _sbss
 *(.bss)
 .bss           0x0000000020000164       0x1c /home/janhenrik/programme/gcc-arm-none-eabi-7-2018-q2-update/bin/../lib/gcc/arm-none-eabi/7.3.1/thumb/v6-m/crtbegin.o
 *(.bss*)
 .bss.cfgidx.7844
                0x0000000020000180        0x1 build/usbd_ctlreq.o
 *fill*         0x0000000020000181        0x3 
 .bss.__malloc_free_list
                0x0000000020000184        0x4 /home/janhenrik/programme/gcc-arm-none-eabi-7-2018-q2-update/bin/../lib/gcc/arm-none-eabi/7.3.1/../../../../arm-none-eabi/lib/thumb/v6-m/libc_nano.a(lib_a-nano-mallocr.o)
                0x0000000020000184                __malloc_free_list
 .bss.__malloc_sbrk_start
                0x0000000020000188        0x4 /home/janhenrik/programme/gcc-arm-none-eabi-7-2018-q2-update/bin/../lib/gcc/arm-none-eabi/7.3.1/../../../../arm-none-eabi/lib/thumb/v6-m/libc_nano.a(lib_a-nano-mallocr.o)
                0x0000000020000188                __malloc_sbrk_start
 .bss.heap_end.4102
                0x000000002000018c        0x4 /home/janhenrik/programme/gcc-arm-none-eabi-7-2018-q2-update/bin/../lib/gcc/arm-none-eabi/7.3.1/../../../../arm-none-eabi/lib/thumb/v6-m/libnosys.a(sbrk.o)
 *(COMMON)
 COMMON         0x0000000020000190      0x334 build/main.o
                0x0000000020000190                ADCreg
                0x00000000200001a0                ADClast
                0x00000000200001b0                kbd_report
                0x00000000200001bc                hdma_adc
                0x0000000020000200                hpcd_USB_FS
                0x0000000020000474                ADCval
                0x0000000020000484                hadc
 COMMON         0x00000000200004c4        0x4 build/stm32f0xx_hal.o
                0x00000000200004c4                uwTick
 COMMON         0x00000000200004c8      0x224 build/usb_device.o
                0x00000000200004c8                hUsbDeviceFS
 COMMON         0x00000000200006ec      0x200 build/usbd_desc.o
                0x00000000200006ec                USBD_StrDesc
 COMMON         0x00000000200008ec       0x14 build/usbd_hid.o
                0x00000000200008ec                OutData
                0x00000000200008f4                nOutData
                0x00000000200008f8                OutDataBuffer
 COMMON         0x0000000020000900        0x4 /home/janhenrik/programme/gcc-arm-none-eabi-7-2018-q2-update/bin/../lib/gcc/arm-none-eabi/7.3.1/../../../../arm-none-eabi/lib/thumb/v6-m/libc_nano.a(lib_a-reent.o)
                0x0000000020000900                errno
                0x0000000020000904                . = ALIGN (0x4)
                0x0000000020000904                _ebss = .
                0x0000000020000904                __bss_end__ = _ebss

._user_heap_stack
                0x0000000020000904      0x604 load address 0x0000000008003fb4
                0x0000000020000908                . = ALIGN (0x8)
 *fill*         0x0000000020000904        0x4 
                0x0000000020000908                PROVIDE (end = .)
                [!provide]                        PROVIDE (_end = .)
                0x0000000020000b08                . = (. + _Min_Heap_Size)
 *fill*         0x0000000020000908      0x200 
                0x0000000020000f08                . = (. + _Min_Stack_Size)
 *fill*         0x0000000020000b08      0x400 
                0x0000000020000f08                . = ALIGN (0x8)

/DISCARD/
 libc.a(*)
 libm.a(*)
 libgcc.a(*)

.ARM.attributes
                0x0000000000000000       0x28
 *(.ARM.attributes)
 .ARM.attributes
                0x0000000000000000       0x1e /home/janhenrik/programme/gcc-arm-none-eabi-7-2018-q2-update/bin/../lib/gcc/arm-none-eabi/7.3.1/thumb/v6-m/crti.o
 .ARM.attributes
                0x000000000000001e       0x2c /home/janhenrik/programme/gcc-arm-none-eabi-7-2018-q2-update/bin/../lib/gcc/arm-none-eabi/7.3.1/thumb/v6-m/crtbegin.o
 .ARM.attributes
                0x000000000000004a       0x31 build/main.o
 .ARM.attributes
                0x000000000000007b       0x31 build/stm32f0xx_it.o
 .ARM.attributes
                0x00000000000000ac       0x31 build/stm32f0xx_hal_msp.o
 .ARM.attributes
                0x00000000000000dd       0x31 build/stm32f0xx_ll_usb.o
 .ARM.attributes
                0x000000000000010e       0x31 build/stm32f0xx_hal_adc.o
 .ARM.attributes
                0x000000000000013f       0x31 build/stm32f0xx_hal_rcc.o
 .ARM.attributes
                0x0000000000000170       0x31 build/stm32f0xx_hal_rcc_ex.o
 .ARM.attributes
                0x00000000000001a1       0x31 build/stm32f0xx_hal.o
 .ARM.attributes
                0x00000000000001d2       0x31 build/stm32f0xx_hal_gpio.o
 .ARM.attributes
                0x0000000000000203       0x31 build/stm32f0xx_hal_dma.o
 .ARM.attributes
                0x0000000000000234       0x31 build/stm32f0xx_hal_cortex.o
 .ARM.attributes
                0x0000000000000265       0x31 build/stm32f0xx_hal_pcd.o
 .ARM.attributes
                0x0000000000000296       0x31 build/stm32f0xx_hal_pcd_ex.o
 .ARM.attributes
                0x00000000000002c7       0x31 build/usb_device.o
 .ARM.attributes
                0x00000000000002f8       0x31 build/usbd_conf.o
 .ARM.attributes
                0x0000000000000329       0x31 build/usbd_desc.o
 .ARM.attributes
                0x000000000000035a       0x31 build/usbd_hid.o
 .ARM.attributes
                0x000000000000038b       0x31 build/usbd_core.o
 .ARM.attributes
                0x00000000000003bc       0x31 build/usbd_ctlreq.o
 .ARM.attributes
                0x00000000000003ed       0x31 build/usbd_ioreq.o
 .ARM.attributes
                0x000000000000041e       0x31 build/system_stm32f0xx.o
 .ARM.attributes
                0x000000000000044f       0x21 build/startup_stm32f072xb.o
 .ARM.attributes
                0x0000000000000470       0x2c /home/janhenrik/programme/gcc-arm-none-eabi-7-2018-q2-update/bin/../lib/gcc/arm-none-eabi/7.3.1/../../../../arm-none-eabi/lib/thumb/v6-m/libc_nano.a(lib_a-impure.o)
 .ARM.attributes
                0x000000000000049c       0x2c /home/janhenrik/programme/gcc-arm-none-eabi-7-2018-q2-update/bin/../lib/gcc/arm-none-eabi/7.3.1/../../../../arm-none-eabi/lib/thumb/v6-m/libc_nano.a(lib_a-init.o)
 .ARM.attributes
                0x00000000000004c8       0x2c /home/janhenrik/programme/gcc-arm-none-eabi-7-2018-q2-update/bin/../lib/gcc/arm-none-eabi/7.3.1/../../../../arm-none-eabi/lib/thumb/v6-m/libc_nano.a(lib_a-malloc.o)
 .ARM.attributes
                0x00000000000004f4       0x2c /home/janhenrik/programme/gcc-arm-none-eabi-7-2018-q2-update/bin/../lib/gcc/arm-none-eabi/7.3.1/../../../../arm-none-eabi/lib/thumb/v6-m/libc_nano.a(lib_a-memcpy-stub.o)
 .ARM.attributes
                0x0000000000000520       0x2c /home/janhenrik/programme/gcc-arm-none-eabi-7-2018-q2-update/bin/../lib/gcc/arm-none-eabi/7.3.1/../../../../arm-none-eabi/lib/thumb/v6-m/libc_nano.a(lib_a-memset.o)
 .ARM.attributes
                0x000000000000054c       0x2c /home/janhenrik/programme/gcc-arm-none-eabi-7-2018-q2-update/bin/../lib/gcc/arm-none-eabi/7.3.1/../../../../arm-none-eabi/lib/thumb/v6-m/libc_nano.a(lib_a-nano-freer.o)
 .ARM.attributes
                0x0000000000000578       0x2c /home/janhenrik/programme/gcc-arm-none-eabi-7-2018-q2-update/bin/../lib/gcc/arm-none-eabi/7.3.1/../../../../arm-none-eabi/lib/thumb/v6-m/libc_nano.a(lib_a-nano-mallocr.o)
 .ARM.attributes
                0x00000000000005a4       0x2c /home/janhenrik/programme/gcc-arm-none-eabi-7-2018-q2-update/bin/../lib/gcc/arm-none-eabi/7.3.1/../../../../arm-none-eabi/lib/thumb/v6-m/libc_nano.a(lib_a-sbrkr.o)
 .ARM.attributes
                0x00000000000005d0       0x2c /home/janhenrik/programme/gcc-arm-none-eabi-7-2018-q2-update/bin/../lib/gcc/arm-none-eabi/7.3.1/../../../../arm-none-eabi/lib/thumb/v6-m/libc_nano.a(lib_a-mlock.o)
 .ARM.attributes
                0x00000000000005fc       0x2c /home/janhenrik/programme/gcc-arm-none-eabi-7-2018-q2-update/bin/../lib/gcc/arm-none-eabi/7.3.1/../../../../arm-none-eabi/lib/thumb/v6-m/libc_nano.a(lib_a-reent.o)
 .ARM.attributes
                0x0000000000000628       0x2c /home/janhenrik/programme/gcc-arm-none-eabi-7-2018-q2-update/bin/../lib/gcc/arm-none-eabi/7.3.1/../../../../arm-none-eabi/lib/thumb/v6-m/libnosys.a(sbrk.o)
 .ARM.attributes
                0x0000000000000654       0x1e /home/janhenrik/programme/gcc-arm-none-eabi-7-2018-q2-update/bin/../lib/gcc/arm-none-eabi/7.3.1/thumb/v6-m/libgcc.a(_udivsi3.o)
 .ARM.attributes
                0x0000000000000672       0x1e /home/janhenrik/programme/gcc-arm-none-eabi-7-2018-q2-update/bin/../lib/gcc/arm-none-eabi/7.3.1/thumb/v6-m/libgcc.a(_dvmd_tls.o)
 .ARM.attributes
                0x0000000000000690       0x1e /home/janhenrik/programme/gcc-arm-none-eabi-7-2018-q2-update/bin/../lib/gcc/arm-none-eabi/7.3.1/thumb/v6-m/crtn.o
OUTPUT(build/midi-dials.elf elf32-littlearm)

.debug_info     0x0000000000000000    0x14cdc
 .debug_info    0x0000000000000000     0x27dd build/main.o
 .debug_info    0x00000000000027dd      0x9a0 build/stm32f0xx_it.o
 .debug_info    0x000000000000317d      0xa35 build/stm32f0xx_hal_msp.o
 .debug_info    0x0000000000003bb2     0x16b5 build/stm32f0xx_ll_usb.o
 .debug_info    0x0000000000005267      0xfdf build/stm32f0xx_hal_adc.o
 .debug_info    0x0000000000006246      0xade build/stm32f0xx_hal_rcc.o
 .debug_info    0x0000000000006d24      0x7c3 build/stm32f0xx_hal_rcc_ex.o
 .debug_info    0x00000000000074e7      0x7f4 build/stm32f0xx_hal.o
 .debug_info    0x0000000000007cdb      0x703 build/stm32f0xx_hal_gpio.o
 .debug_info    0x00000000000083de      0x8ea build/stm32f0xx_hal_dma.o
 .debug_info    0x0000000000008cc8      0x8b7 build/stm32f0xx_hal_cortex.o
 .debug_info    0x000000000000957f     0x13e4 build/stm32f0xx_hal_pcd.o
 .debug_info    0x000000000000a963      0xa73 build/stm32f0xx_hal_pcd_ex.o
 .debug_info    0x000000000000b3d6      0xf56 build/usb_device.o
 .debug_info    0x000000000000c32c     0x2282 build/usbd_conf.o
 .debug_info    0x000000000000e5ae      0xeba build/usbd_desc.o
 .debug_info    0x000000000000f468     0x14c5 build/usbd_hid.o
 .debug_info    0x000000000001092d     0x16b2 build/usbd_core.o
 .debug_info    0x0000000000011fdf     0x187f build/usbd_ctlreq.o
 .debug_info    0x000000000001385e     0x1189 build/usbd_ioreq.o
 .debug_info    0x00000000000149e7      0x2d3 build/system_stm32f0xx.o
 .debug_info    0x0000000000014cba       0x22 build/startup_stm32f072xb.o

.debug_abbrev   0x0000000000000000     0x3220
 .debug_abbrev  0x0000000000000000      0x308 build/main.o
 .debug_abbrev  0x0000000000000308      0x183 build/stm32f0xx_it.o
 .debug_abbrev  0x000000000000048b      0x1d0 build/stm32f0xx_hal_msp.o
 .debug_abbrev  0x000000000000065b      0x303 build/stm32f0xx_ll_usb.o
 .debug_abbrev  0x000000000000095e      0x28c build/stm32f0xx_hal_adc.o
 .debug_abbrev  0x0000000000000bea      0x269 build/stm32f0xx_hal_rcc.o
 .debug_abbrev  0x0000000000000e53      0x208 build/stm32f0xx_hal_rcc_ex.o
 .debug_abbrev  0x000000000000105b      0x209 build/stm32f0xx_hal.o
 .debug_abbrev  0x0000000000001264      0x213 build/stm32f0xx_hal_gpio.o
 .debug_abbrev  0x0000000000001477      0x252 build/stm32f0xx_hal_dma.o
 .debug_abbrev  0x00000000000016c9      0x279 build/stm32f0xx_hal_cortex.o
 .debug_abbrev  0x0000000000001942      0x2c8 build/stm32f0xx_hal_pcd.o
 .debug_abbrev  0x0000000000001c0a      0x256 build/stm32f0xx_hal_pcd_ex.o
 .debug_abbrev  0x0000000000001e60      0x1f1 build/usb_device.o
 .debug_abbrev  0x0000000000002051      0x317 build/usbd_conf.o
 .debug_abbrev  0x0000000000002368      0x284 build/usbd_desc.o
 .debug_abbrev  0x00000000000025ec      0x2fa build/usbd_hid.o
 .debug_abbrev  0x00000000000028e6      0x2e2 build/usbd_core.o
 .debug_abbrev  0x0000000000002bc8      0x325 build/usbd_ctlreq.o
 .debug_abbrev  0x0000000000002eed      0x1f7 build/usbd_ioreq.o
 .debug_abbrev  0x00000000000030e4      0x12a build/system_stm32f0xx.o
 .debug_abbrev  0x000000000000320e       0x12 build/startup_stm32f072xb.o

.debug_loc      0x0000000000000000     0x8817
 .debug_loc     0x0000000000000000      0x257 build/main.o
 .debug_loc     0x0000000000000257       0x60 build/stm32f0xx_it.o
 .debug_loc     0x00000000000002b7       0xe5 build/stm32f0xx_hal_msp.o
 .debug_loc     0x000000000000039c     0x1233 build/stm32f0xx_ll_usb.o
 .debug_loc     0x00000000000015cf      0xec0 build/stm32f0xx_hal_adc.o
 .debug_loc     0x000000000000248f      0x61b build/stm32f0xx_hal_rcc.o
 .debug_loc     0x0000000000002aaa      0x857 build/stm32f0xx_hal_rcc_ex.o
 .debug_loc     0x0000000000003301      0x1bb build/stm32f0xx_hal.o
 .debug_loc     0x00000000000034bc      0x3e1 build/stm32f0xx_hal_gpio.o
 .debug_loc     0x000000000000389d      0x973 build/stm32f0xx_hal_dma.o
 .debug_loc     0x0000000000004210      0x3f7 build/stm32f0xx_hal_cortex.o
 .debug_loc     0x0000000000004607      0xd92 build/stm32f0xx_hal_pcd.o
 .debug_loc     0x0000000000005399      0x20b build/stm32f0xx_hal_pcd_ex.o
 .debug_loc     0x00000000000055a4       0x20 build/usb_device.o
 .debug_loc     0x00000000000055c4      0xf25 build/usbd_conf.o
 .debug_loc     0x00000000000064e9      0x357 build/usbd_desc.o
 .debug_loc     0x0000000000006840      0x60f build/usbd_hid.o
 .debug_loc     0x0000000000006e4f      0x8c4 build/usbd_core.o
 .debug_loc     0x0000000000007713      0xc9d build/usbd_ctlreq.o
 .debug_loc     0x00000000000083b0      0x31c build/usbd_ioreq.o
 .debug_loc     0x00000000000086cc      0x14b build/system_stm32f0xx.o

.debug_aranges  0x0000000000000000      0xb40
 .debug_aranges
                0x0000000000000000       0x68 build/main.o
 .debug_aranges
                0x0000000000000068       0x50 build/stm32f0xx_it.o
 .debug_aranges
                0x00000000000000b8       0x30 build/stm32f0xx_hal_msp.o
 .debug_aranges
                0x00000000000000e8      0x108 build/stm32f0xx_ll_usb.o
 .debug_aranges
                0x00000000000001f0       0xf8 build/stm32f0xx_hal_adc.o
 .debug_aranges
                0x00000000000002e8       0x80 build/stm32f0xx_hal_rcc.o
 .debug_aranges
                0x0000000000000368       0x78 build/stm32f0xx_hal_rcc_ex.o
 .debug_aranges
                0x00000000000003e0       0xd0 build/stm32f0xx_hal.o
 .debug_aranges
                0x00000000000004b0       0x58 build/stm32f0xx_hal_gpio.o
 .debug_aranges
                0x0000000000000508       0x88 build/stm32f0xx_hal_dma.o
 .debug_aranges
                0x0000000000000590       0x78 build/stm32f0xx_hal_cortex.o
 .debug_aranges
                0x0000000000000608      0x120 build/stm32f0xx_hal_pcd.o
 .debug_aranges
                0x0000000000000728       0x58 build/stm32f0xx_hal_pcd_ex.o
 .debug_aranges
                0x0000000000000780       0x20 build/usb_device.o
 .debug_aranges
                0x00000000000007a0      0x108 build/usbd_conf.o
 .debug_aranges
                0x00000000000008a8       0x50 build/usbd_desc.o
 .debug_aranges
                0x00000000000008f8       0x68 build/usbd_hid.o
 .debug_aranges
                0x0000000000000960       0xb8 build/usbd_core.o
 .debug_aranges
                0x0000000000000a18       0x88 build/usbd_ctlreq.o
 .debug_aranges
                0x0000000000000aa0       0x50 build/usbd_ioreq.o
 .debug_aranges
                0x0000000000000af0       0x28 build/system_stm32f0xx.o
 .debug_aranges
                0x0000000000000b18       0x28 build/startup_stm32f072xb.o

.debug_ranges   0x0000000000000000      0xbe0
 .debug_ranges  0x0000000000000000       0x70 build/main.o
 .debug_ranges  0x0000000000000070       0x40 build/stm32f0xx_it.o
 .debug_ranges  0x00000000000000b0       0x20 build/stm32f0xx_hal_msp.o
 .debug_ranges  0x00000000000000d0      0x218 build/stm32f0xx_ll_usb.o
 .debug_ranges  0x00000000000002e8       0xe8 build/stm32f0xx_hal_adc.o
 .debug_ranges  0x00000000000003d0       0x88 build/stm32f0xx_hal_rcc.o
 .debug_ranges  0x0000000000000458       0x80 build/stm32f0xx_hal_rcc_ex.o
 .debug_ranges  0x00000000000004d8       0xc0 build/stm32f0xx_hal.o
 .debug_ranges  0x0000000000000598       0x48 build/stm32f0xx_hal_gpio.o
 .debug_ranges  0x00000000000005e0       0x78 build/stm32f0xx_hal_dma.o
 .debug_ranges  0x0000000000000658       0xc8 build/stm32f0xx_hal_cortex.o
 .debug_ranges  0x0000000000000720      0x140 build/stm32f0xx_hal_pcd.o
 .debug_ranges  0x0000000000000860       0x48 build/stm32f0xx_hal_pcd_ex.o
 .debug_ranges  0x00000000000008a8       0x10 build/usb_device.o
 .debug_ranges  0x00000000000008b8       0xf8 build/usbd_conf.o
 .debug_ranges  0x00000000000009b0       0x40 build/usbd_desc.o
 .debug_ranges  0x00000000000009f0       0x58 build/usbd_hid.o
 .debug_ranges  0x0000000000000a48       0xa8 build/usbd_core.o
 .debug_ranges  0x0000000000000af0       0x78 build/usbd_ctlreq.o
 .debug_ranges  0x0000000000000b68       0x40 build/usbd_ioreq.o
 .debug_ranges  0x0000000000000ba8       0x18 build/system_stm32f0xx.o
 .debug_ranges  0x0000000000000bc0       0x20 build/startup_stm32f072xb.o

.debug_line     0x0000000000000000     0x5a0c
 .debug_line    0x0000000000000000      0x57c build/main.o
 .debug_line    0x000000000000057c      0x25f build/stm32f0xx_it.o
 .debug_line    0x00000000000007db      0x279 build/stm32f0xx_hal_msp.o
 .debug_line    0x0000000000000a54      0x68a build/stm32f0xx_ll_usb.o
 .debug_line    0x00000000000010de      0x762 build/stm32f0xx_hal_adc.o
 .debug_line    0x0000000000001840      0x4e6 build/stm32f0xx_hal_rcc.o
 .debug_line    0x0000000000001d26      0x468 build/stm32f0xx_hal_rcc_ex.o
 .debug_line    0x000000000000218e      0x3bb build/stm32f0xx_hal.o
 .debug_line    0x0000000000002549      0x33c build/stm32f0xx_hal_gpio.o
 .debug_line    0x0000000000002885      0x43d build/stm32f0xx_hal_dma.o
 .debug_line    0x0000000000002cc2      0x372 build/stm32f0xx_hal_cortex.o
 .debug_line    0x0000000000003034      0x6d2 build/stm32f0xx_hal_pcd.o
 .debug_line    0x0000000000003706      0x2bb build/stm32f0xx_hal_pcd_ex.o
 .debug_line    0x00000000000039c1      0x2f8 build/usb_device.o
 .debug_line    0x0000000000003cb9      0x615 build/usbd_conf.o
 .debug_line    0x00000000000042ce      0x355 build/usbd_desc.o
 .debug_line    0x0000000000004623      0x42c build/usbd_hid.o
 .debug_line    0x0000000000004a4f      0x500 build/usbd_core.o
 .debug_line    0x0000000000004f4f      0x512 build/usbd_ctlreq.o
 .debug_line    0x0000000000005461      0x366 build/usbd_ioreq.o
 .debug_line    0x00000000000057c7      0x1ce build/system_stm32f0xx.o
 .debug_line    0x0000000000005995       0x77 build/startup_stm32f072xb.o

.debug_str      0x0000000000000000     0x364f
 .debug_str     0x0000000000000000     0x1599 build/main.o
                                       0x16e3 (size before relaxing)
 .debug_str     0x0000000000001599       0xb6 build/stm32f0xx_it.o
                                        0x803 (size before relaxing)
 .debug_str     0x000000000000164f       0x98 build/stm32f0xx_hal_msp.o
                                        0x734 (size before relaxing)
 .debug_str     0x00000000000016e7      0x367 build/stm32f0xx_ll_usb.o
                                        0x7c8 (size before relaxing)
 .debug_str     0x0000000000001a4e      0x2f7 build/stm32f0xx_hal_adc.o
                                        0x971 (size before relaxing)
 .debug_str     0x0000000000001d45      0x204 build/stm32f0xx_hal_rcc.o
                                        0x6b6 (size before relaxing)
 .debug_str     0x0000000000001f49      0x297 build/stm32f0xx_hal_rcc_ex.o
                                        0x6ae (size before relaxing)
 .debug_str     0x00000000000021e0      0x1db build/stm32f0xx_hal.o
                                        0x70a (size before relaxing)
 .debug_str     0x00000000000023bb      0x108 build/stm32f0xx_hal_gpio.o
                                        0x4a1 (size before relaxing)
 .debug_str     0x00000000000024c3      0x201 build/stm32f0xx_hal_dma.o
                                        0x6b6 (size before relaxing)
 .debug_str     0x00000000000026c4      0x24d build/stm32f0xx_hal_cortex.o
                                        0x6f4 (size before relaxing)
 .debug_str     0x0000000000002911      0x35d build/stm32f0xx_hal_pcd.o
                                        0xacf (size before relaxing)
 .debug_str     0x0000000000002c6e      0x191 build/stm32f0xx_hal_pcd_ex.o
                                        0x7f8 (size before relaxing)
 .debug_str     0x0000000000002dff       0x41 build/usb_device.o
                                        0xa07 (size before relaxing)
 .debug_str     0x0000000000002e40      0x278 build/usbd_conf.o
                                       0x14de (size before relaxing)
 .debug_str     0x00000000000030b8      0x11a build/usbd_desc.o
                                        0x859 (size before relaxing)
 .debug_str     0x00000000000031d2      0x1c7 build/usbd_hid.o
                                        0xc44 (size before relaxing)
 .debug_str     0x0000000000003399      0x137 build/usbd_core.o
                                        0xc9e (size before relaxing)
 .debug_str     0x00000000000034d0       0xc3 build/usbd_ctlreq.o
                                        0xbb8 (size before relaxing)
 .debug_str     0x0000000000003593       0x60 build/usbd_ioreq.o
                                        0xae5 (size before relaxing)
 .debug_str     0x00000000000035f3       0x38 build/system_stm32f0xx.o
                                        0x2cd (size before relaxing)
 .debug_str     0x000000000000362b       0x24 build/startup_stm32f072xb.o
                                         0x4e (size before relaxing)

.comment        0x0000000000000000       0x7f
 .comment       0x0000000000000000       0x7f build/main.o
                                         0x80 (size before relaxing)
 .comment       0x000000000000007f       0x80 build/stm32f0xx_it.o
 .comment       0x000000000000007f       0x80 build/stm32f0xx_hal_msp.o
 .comment       0x000000000000007f       0x80 build/stm32f0xx_ll_usb.o
 .comment       0x000000000000007f       0x80 build/stm32f0xx_hal_adc.o
 .comment       0x000000000000007f       0x80 build/stm32f0xx_hal_rcc.o
 .comment       0x000000000000007f       0x80 build/stm32f0xx_hal_rcc_ex.o
 .comment       0x000000000000007f       0x80 build/stm32f0xx_hal.o
 .comment       0x000000000000007f       0x80 build/stm32f0xx_hal_gpio.o
 .comment       0x000000000000007f       0x80 build/stm32f0xx_hal_dma.o
 .comment       0x000000000000007f       0x80 build/stm32f0xx_hal_cortex.o
 .comment       0x000000000000007f       0x80 build/stm32f0xx_hal_pcd.o
 .comment       0x000000000000007f       0x80 build/stm32f0xx_hal_pcd_ex.o
 .comment       0x000000000000007f       0x80 build/usb_device.o
 .comment       0x000000000000007f       0x80 build/usbd_conf.o
 .comment       0x000000000000007f       0x80 build/usbd_desc.o
 .comment       0x000000000000007f       0x80 build/usbd_hid.o
 .comment       0x000000000000007f       0x80 build/usbd_core.o
 .comment       0x000000000000007f       0x80 build/usbd_ctlreq.o
 .comment       0x000000000000007f       0x80 build/usbd_ioreq.o
 .comment       0x000000000000007f       0x80 build/system_stm32f0xx.o

.debug_frame    0x0000000000000000     0x1ea8
 .debug_frame   0x0000000000000000      0x154 build/main.o
 .debug_frame   0x0000000000000154       0xa4 build/stm32f0xx_it.o
 .debug_frame   0x00000000000001f8       0x60 build/stm32f0xx_hal_msp.o
 .debug_frame   0x0000000000000258      0x254 build/stm32f0xx_ll_usb.o
 .debug_frame   0x00000000000004ac      0x2f8 build/stm32f0xx_hal_adc.o
 .debug_frame   0x00000000000007a4      0x15c build/stm32f0xx_hal_rcc.o
 .debug_frame   0x0000000000000900      0x10c build/stm32f0xx_hal_rcc_ex.o
 .debug_frame   0x0000000000000a0c      0x1c0 build/stm32f0xx_hal.o
 .debug_frame   0x0000000000000bcc       0xd8 build/stm32f0xx_hal_gpio.o
 .debug_frame   0x0000000000000ca4      0x198 build/stm32f0xx_hal_dma.o
 .debug_frame   0x0000000000000e3c       0xec build/stm32f0xx_hal_cortex.o
 .debug_frame   0x0000000000000f28      0x330 build/stm32f0xx_hal_pcd.o
 .debug_frame   0x0000000000001258       0xac build/stm32f0xx_hal_pcd_ex.o
 .debug_frame   0x0000000000001304       0x2c build/usb_device.o
 .debug_frame   0x0000000000001330      0x33c build/usbd_conf.o
 .debug_frame   0x000000000000166c       0xbc build/usbd_desc.o
 .debug_frame   0x0000000000001728       0xfc build/usbd_hid.o
 .debug_frame   0x0000000000001824      0x1ec build/usbd_core.o
 .debug_frame   0x0000000000001a10      0x198 build/usbd_ctlreq.o
 .debug_frame   0x0000000000001ba8       0xd4 build/usbd_ioreq.o
 .debug_frame   0x0000000000001c7c       0x3c build/system_stm32f0xx.o
 .debug_frame   0x0000000000001cb8       0x2c /home/janhenrik/programme/gcc-arm-none-eabi-7-2018-q2-update/bin/../lib/gcc/arm-none-eabi/7.3.1/../../../../arm-none-eabi/lib/thumb/v6-m/libc_nano.a(lib_a-init.o)
 .debug_frame   0x0000000000001ce4       0x40 /home/janhenrik/programme/gcc-arm-none-eabi-7-2018-q2-update/bin/../lib/gcc/arm-none-eabi/7.3.1/../../../../arm-none-eabi/lib/thumb/v6-m/libc_nano.a(lib_a-malloc.o)
 .debug_frame   0x0000000000001d24       0x28 /home/janhenrik/programme/gcc-arm-none-eabi-7-2018-q2-update/bin/../lib/gcc/arm-none-eabi/7.3.1/../../../../arm-none-eabi/lib/thumb/v6-m/libc_nano.a(lib_a-memcpy-stub.o)
 .debug_frame   0x0000000000001d4c       0x20 /home/janhenrik/programme/gcc-arm-none-eabi-7-2018-q2-update/bin/../lib/gcc/arm-none-eabi/7.3.1/../../../../arm-none-eabi/lib/thumb/v6-m/libc_nano.a(lib_a-memset.o)
 .debug_frame   0x0000000000001d6c       0x2c /home/janhenrik/programme/gcc-arm-none-eabi-7-2018-q2-update/bin/../lib/gcc/arm-none-eabi/7.3.1/../../../../arm-none-eabi/lib/thumb/v6-m/libc_nano.a(lib_a-nano-freer.o)
 .debug_frame   0x0000000000001d98       0x2c /home/janhenrik/programme/gcc-arm-none-eabi-7-2018-q2-update/bin/../lib/gcc/arm-none-eabi/7.3.1/../../../../arm-none-eabi/lib/thumb/v6-m/libc_nano.a(lib_a-nano-mallocr.o)
 .debug_frame   0x0000000000001dc4       0x2c /home/janhenrik/programme/gcc-arm-none-eabi-7-2018-q2-update/bin/../lib/gcc/arm-none-eabi/7.3.1/../../../../arm-none-eabi/lib/thumb/v6-m/libc_nano.a(lib_a-sbrkr.o)
 .debug_frame   0x0000000000001df0       0x30 /home/janhenrik/programme/gcc-arm-none-eabi-7-2018-q2-update/bin/../lib/gcc/arm-none-eabi/7.3.1/../../../../arm-none-eabi/lib/thumb/v6-m/libc_nano.a(lib_a-mlock.o)
 .debug_frame   0x0000000000001e20       0x48 /home/janhenrik/programme/gcc-arm-none-eabi-7-2018-q2-update/bin/../lib/gcc/arm-none-eabi/7.3.1/../../../../arm-none-eabi/lib/thumb/v6-m/libc_nano.a(lib_a-reent.o)
 .debug_frame   0x0000000000001e68       0x20 /home/janhenrik/programme/gcc-arm-none-eabi-7-2018-q2-update/bin/../lib/gcc/arm-none-eabi/7.3.1/../../../../arm-none-eabi/lib/thumb/v6-m/libnosys.a(sbrk.o)
 .debug_frame   0x0000000000001e88       0x20 /home/janhenrik/programme/gcc-arm-none-eabi-7-2018-q2-update/bin/../lib/gcc/arm-none-eabi/7.3.1/thumb/v6-m/libgcc.a(_udivsi3.o)

Cross Reference Table

Symbol                                            File
ADC1_COMP_IRQHandler                              build/startup_stm32f072xb.o
ADClast                                           build/main.o
ADCreg                                            build/main.o
ADCval                                            build/main.o
AHBPrescTable                                     build/system_stm32f0xx.o
                                                  build/stm32f0xx_hal_rcc.o
APBPrescTable                                     build/system_stm32f0xx.o
                                                  build/stm32f0xx_hal_rcc.o
CEC_CAN_IRQHandler                                build/startup_stm32f072xb.o
DMA1_Channel1_IRQHandler                          build/stm32f0xx_it.o
DMA1_Channel2_3_IRQHandler                        build/startup_stm32f072xb.o
DMA1_Channel4_5_6_7_IRQHandler                    build/startup_stm32f072xb.o
Default_Handler                                   build/startup_stm32f072xb.o
EXTI0_1_IRQHandler                                build/startup_stm32f072xb.o
EXTI2_3_IRQHandler                                build/startup_stm32f072xb.o
EXTI4_15_IRQHandler                               build/startup_stm32f072xb.o
Error_Handler                                     build/main.o
                                                  build/stm32f0xx_hal_msp.o
FLASH_IRQHandler                                  build/startup_stm32f072xb.o
FLASH_PageErase                                   build/stm32f0xx_hal_flash_ex.o
                                                  build/stm32f0xx_hal_flash.o
FLASH_WaitForLastOperation                        build/stm32f0xx_hal_flash.o
                                                  build/stm32f0xx_hal_flash_ex.o
FS_Desc                                           build/usbd_desc.o
                                                  build/usb_device.o
HAL_ADCEx_Calibration_Start                       build/stm32f0xx_hal_adc_ex.o
HAL_ADC_AnalogWDGConfig                           build/stm32f0xx_hal_adc.o
HAL_ADC_ConfigChannel                             build/stm32f0xx_hal_adc.o
                                                  build/main.o
HAL_ADC_ConvCpltCallback                          build/stm32f0xx_hal_adc.o
HAL_ADC_ConvHalfCpltCallback                      build/stm32f0xx_hal_adc.o
HAL_ADC_DeInit                                    build/stm32f0xx_hal_adc.o
HAL_ADC_ErrorCallback                             build/stm32f0xx_hal_adc.o
HAL_ADC_GetError                                  build/stm32f0xx_hal_adc.o
HAL_ADC_GetState                                  build/stm32f0xx_hal_adc.o
HAL_ADC_GetValue                                  build/stm32f0xx_hal_adc.o
HAL_ADC_IRQHandler                                build/stm32f0xx_hal_adc.o
HAL_ADC_Init                                      build/stm32f0xx_hal_adc.o
                                                  build/main.o
HAL_ADC_LevelOutOfWindowCallback                  build/stm32f0xx_hal_adc.o
HAL_ADC_MspDeInit                                 build/stm32f0xx_hal_msp.o
HAL_ADC_MspInit                                   build/stm32f0xx_hal_msp.o
HAL_ADC_PollForConversion                         build/stm32f0xx_hal_adc.o
HAL_ADC_PollForEvent                              build/stm32f0xx_hal_adc.o
HAL_ADC_Start                                     build/stm32f0xx_hal_adc.o
HAL_ADC_Start_DMA                                 build/stm32f0xx_hal_adc.o
                                                  build/main.o
HAL_ADC_Start_IT                                  build/stm32f0xx_hal_adc.o
HAL_ADC_Stop                                      build/stm32f0xx_hal_adc.o
HAL_ADC_Stop_DMA                                  build/stm32f0xx_hal_adc.o
HAL_ADC_Stop_IT                                   build/stm32f0xx_hal_adc.o
HAL_DBGMCU_DisableDBGStandbyMode                  build/stm32f0xx_hal.o
HAL_DBGMCU_DisableDBGStopMode                     build/stm32f0xx_hal.o
HAL_DBGMCU_EnableDBGStandbyMode                   build/stm32f0xx_hal.o
HAL_DBGMCU_EnableDBGStopMode                      build/stm32f0xx_hal.o
HAL_DMA_Abort                                     build/stm32f0xx_hal_dma.o
                                                  build/stm32f0xx_hal_adc.o
HAL_DMA_Abort_IT                                  build/stm32f0xx_hal_dma.o
                                                  build/stm32f0xx_hal_i2c.o
HAL_DMA_DeInit                                    build/stm32f0xx_hal_dma.o
                                                  build/stm32f0xx_hal_msp.o
HAL_DMA_GetError                                  build/stm32f0xx_hal_dma.o
HAL_DMA_GetState                                  build/stm32f0xx_hal_dma.o
HAL_DMA_IRQHandler                                build/stm32f0xx_hal_dma.o
                                                  build/stm32f0xx_it.o
HAL_DMA_Init                                      build/stm32f0xx_hal_dma.o
                                                  build/stm32f0xx_hal_msp.o
HAL_DMA_PollForTransfer                           build/stm32f0xx_hal_dma.o
HAL_DMA_RegisterCallback                          build/stm32f0xx_hal_dma.o
HAL_DMA_Start                                     build/stm32f0xx_hal_dma.o
HAL_DMA_Start_IT                                  build/stm32f0xx_hal_dma.o
                                                  build/stm32f0xx_hal_i2c.o
                                                  build/stm32f0xx_hal_adc.o
HAL_DMA_UnRegisterCallback                        build/stm32f0xx_hal_dma.o
HAL_DeInit                                        build/stm32f0xx_hal.o
HAL_Delay                                         build/stm32f0xx_hal.o
                                                  build/usbd_conf.o
                                                  build/stm32f0xx_hal_pcd_ex.o
                                                  build/main.o
HAL_EXTI_ClearConfigLine                          build/stm32f0xx_hal_exti.o
HAL_EXTI_ClearPending                             build/stm32f0xx_hal_exti.o
HAL_EXTI_GenerateSWI                              build/stm32f0xx_hal_exti.o
HAL_EXTI_GetConfigLine                            build/stm32f0xx_hal_exti.o
HAL_EXTI_GetHandle                                build/stm32f0xx_hal_exti.o
HAL_EXTI_GetPending                               build/stm32f0xx_hal_exti.o
HAL_EXTI_IRQHandler                               build/stm32f0xx_hal_exti.o
HAL_EXTI_RegisterCallback                         build/stm32f0xx_hal_exti.o
HAL_EXTI_SetConfigLine                            build/stm32f0xx_hal_exti.o
HAL_FLASHEx_Erase                                 build/stm32f0xx_hal_flash_ex.o
HAL_FLASHEx_Erase_IT                              build/stm32f0xx_hal_flash_ex.o
HAL_FLASHEx_OBErase                               build/stm32f0xx_hal_flash_ex.o
HAL_FLASHEx_OBGetConfig                           build/stm32f0xx_hal_flash_ex.o
HAL_FLASHEx_OBGetUserData                         build/stm32f0xx_hal_flash_ex.o
HAL_FLASHEx_OBProgram                             build/stm32f0xx_hal_flash_ex.o
HAL_FLASH_EndOfOperationCallback                  build/stm32f0xx_hal_flash.o
HAL_FLASH_GetError                                build/stm32f0xx_hal_flash.o
HAL_FLASH_IRQHandler                              build/stm32f0xx_hal_flash.o
HAL_FLASH_Lock                                    build/stm32f0xx_hal_flash.o
HAL_FLASH_OB_Launch                               build/stm32f0xx_hal_flash.o
HAL_FLASH_OB_Lock                                 build/stm32f0xx_hal_flash.o
HAL_FLASH_OB_Unlock                               build/stm32f0xx_hal_flash.o
HAL_FLASH_OperationErrorCallback                  build/stm32f0xx_hal_flash.o
HAL_FLASH_Program                                 build/stm32f0xx_hal_flash.o
HAL_FLASH_Program_IT                              build/stm32f0xx_hal_flash.o
HAL_FLASH_Unlock                                  build/stm32f0xx_hal_flash.o
HAL_GPIO_DeInit                                   build/stm32f0xx_hal_gpio.o
                                                  build/stm32f0xx_hal_msp.o
HAL_GPIO_EXTI_Callback                            build/stm32f0xx_hal_gpio.o
HAL_GPIO_EXTI_IRQHandler                          build/stm32f0xx_hal_gpio.o
HAL_GPIO_Init                                     build/stm32f0xx_hal_gpio.o
                                                  build/stm32f0xx_hal_rcc.o
                                                  build/stm32f0xx_hal_msp.o
                                                  build/main.o
HAL_GPIO_LockPin                                  build/stm32f0xx_hal_gpio.o
HAL_GPIO_ReadPin                                  build/stm32f0xx_hal_gpio.o
HAL_GPIO_TogglePin                                build/stm32f0xx_hal_gpio.o
HAL_GPIO_WritePin                                 build/stm32f0xx_hal_gpio.o
                                                  build/main.o
HAL_GetDEVID                                      build/stm32f0xx_hal.o
HAL_GetHalVersion                                 build/stm32f0xx_hal.o
HAL_GetREVID                                      build/stm32f0xx_hal.o
HAL_GetTick                                       build/stm32f0xx_hal.o
                                                  build/stm32f0xx_hal_pcd_ex.o
                                                  build/stm32f0xx_hal_flash.o
                                                  build/stm32f0xx_hal_dma.o
                                                  build/stm32f0xx_hal_i2c.o
                                                  build/stm32f0xx_hal_rcc_ex.o
                                                  build/stm32f0xx_hal_rcc.o
                                                  build/stm32f0xx_hal_adc_ex.o
                                                  build/stm32f0xx_hal_adc.o
HAL_GetTickFreq                                   build/stm32f0xx_hal.o
HAL_GetTickPrio                                   build/stm32f0xx_hal.o
HAL_GetUIDw0                                      build/stm32f0xx_hal.o
HAL_GetUIDw1                                      build/stm32f0xx_hal.o
HAL_GetUIDw2                                      build/stm32f0xx_hal.o
HAL_I2CEx_ConfigAnalogFilter                      build/stm32f0xx_hal_i2c_ex.o
HAL_I2CEx_ConfigDigitalFilter                     build/stm32f0xx_hal_i2c_ex.o
HAL_I2CEx_DisableFastModePlus                     build/stm32f0xx_hal_i2c_ex.o
HAL_I2CEx_DisableWakeUp                           build/stm32f0xx_hal_i2c_ex.o
HAL_I2CEx_EnableFastModePlus                      build/stm32f0xx_hal_i2c_ex.o
HAL_I2CEx_EnableWakeUp                            build/stm32f0xx_hal_i2c_ex.o
HAL_I2C_AbortCpltCallback                         build/stm32f0xx_hal_i2c.o
HAL_I2C_AddrCallback                              build/stm32f0xx_hal_i2c.o
HAL_I2C_DeInit                                    build/stm32f0xx_hal_i2c.o
HAL_I2C_DisableListen_IT                          build/stm32f0xx_hal_i2c.o
HAL_I2C_ER_IRQHandler                             build/stm32f0xx_hal_i2c.o
HAL_I2C_EV_IRQHandler                             build/stm32f0xx_hal_i2c.o
HAL_I2C_EnableListen_IT                           build/stm32f0xx_hal_i2c.o
HAL_I2C_ErrorCallback                             build/stm32f0xx_hal_i2c.o
HAL_I2C_GetError                                  build/stm32f0xx_hal_i2c.o
HAL_I2C_GetMode                                   build/stm32f0xx_hal_i2c.o
HAL_I2C_GetState                                  build/stm32f0xx_hal_i2c.o
HAL_I2C_Init                                      build/stm32f0xx_hal_i2c.o
HAL_I2C_IsDeviceReady                             build/stm32f0xx_hal_i2c.o
HAL_I2C_ListenCpltCallback                        build/stm32f0xx_hal_i2c.o
HAL_I2C_MasterRxCpltCallback                      build/stm32f0xx_hal_i2c.o
HAL_I2C_MasterTxCpltCallback                      build/stm32f0xx_hal_i2c.o
HAL_I2C_Master_Abort_IT                           build/stm32f0xx_hal_i2c.o
HAL_I2C_Master_Receive                            build/stm32f0xx_hal_i2c.o
HAL_I2C_Master_Receive_DMA                        build/stm32f0xx_hal_i2c.o
HAL_I2C_Master_Receive_IT                         build/stm32f0xx_hal_i2c.o
HAL_I2C_Master_Seq_Receive_DMA                    build/stm32f0xx_hal_i2c.o
HAL_I2C_Master_Seq_Receive_IT                     build/stm32f0xx_hal_i2c.o
HAL_I2C_Master_Seq_Transmit_DMA                   build/stm32f0xx_hal_i2c.o
HAL_I2C_Master_Seq_Transmit_IT                    build/stm32f0xx_hal_i2c.o
HAL_I2C_Master_Transmit                           build/stm32f0xx_hal_i2c.o
HAL_I2C_Master_Transmit_DMA                       build/stm32f0xx_hal_i2c.o
HAL_I2C_Master_Transmit_IT                        build/stm32f0xx_hal_i2c.o
HAL_I2C_MemRxCpltCallback                         build/stm32f0xx_hal_i2c.o
HAL_I2C_MemTxCpltCallback                         build/stm32f0xx_hal_i2c.o
HAL_I2C_Mem_Read                                  build/stm32f0xx_hal_i2c.o
HAL_I2C_Mem_Read_DMA                              build/stm32f0xx_hal_i2c.o
HAL_I2C_Mem_Read_IT                               build/stm32f0xx_hal_i2c.o
HAL_I2C_Mem_Write                                 build/stm32f0xx_hal_i2c.o
HAL_I2C_Mem_Write_DMA                             build/stm32f0xx_hal_i2c.o
HAL_I2C_Mem_Write_IT                              build/stm32f0xx_hal_i2c.o
HAL_I2C_MspDeInit                                 build/stm32f0xx_hal_i2c.o
HAL_I2C_MspInit                                   build/stm32f0xx_hal_i2c.o
HAL_I2C_SlaveRxCpltCallback                       build/stm32f0xx_hal_i2c.o
HAL_I2C_SlaveTxCpltCallback                       build/stm32f0xx_hal_i2c.o
HAL_I2C_Slave_Receive                             build/stm32f0xx_hal_i2c.o
HAL_I2C_Slave_Receive_DMA                         build/stm32f0xx_hal_i2c.o
HAL_I2C_Slave_Receive_IT                          build/stm32f0xx_hal_i2c.o
HAL_I2C_Slave_Seq_Receive_DMA                     build/stm32f0xx_hal_i2c.o
HAL_I2C_Slave_Seq_Receive_IT                      build/stm32f0xx_hal_i2c.o
HAL_I2C_Slave_Seq_Transmit_DMA                    build/stm32f0xx_hal_i2c.o
HAL_I2C_Slave_Seq_Transmit_IT                     build/stm32f0xx_hal_i2c.o
HAL_I2C_Slave_Transmit                            build/stm32f0xx_hal_i2c.o
HAL_I2C_Slave_Transmit_DMA                        build/stm32f0xx_hal_i2c.o
HAL_I2C_Slave_Transmit_IT                         build/stm32f0xx_hal_i2c.o
HAL_IncTick                                       build/stm32f0xx_hal.o
                                                  build/stm32f0xx_it.o
HAL_Init                                          build/stm32f0xx_hal.o
                                                  build/main.o
HAL_InitTick                                      build/stm32f0xx_hal.o
                                                  build/stm32f0xx_hal_rcc.o
HAL_MspDeInit                                     build/stm32f0xx_hal.o
HAL_MspInit                                       build/stm32f0xx_hal_msp.o
HAL_NVIC_ClearPendingIRQ                          build/stm32f0xx_hal_cortex.o
HAL_NVIC_DisableIRQ                               build/stm32f0xx_hal_cortex.o
                                                  build/usbd_conf.o
HAL_NVIC_EnableIRQ                                build/stm32f0xx_hal_cortex.o
                                                  build/usbd_conf.o
                                                  build/main.o
HAL_NVIC_GetPendingIRQ                            build/stm32f0xx_hal_cortex.o
HAL_NVIC_GetPriority                              build/stm32f0xx_hal_cortex.o
HAL_NVIC_SetPendingIRQ                            build/stm32f0xx_hal_cortex.o
HAL_NVIC_SetPriority                              build/stm32f0xx_hal_cortex.o
                                                  build/usbd_conf.o
                                                  build/stm32f0xx_hal.o
                                                  build/main.o
HAL_NVIC_SystemReset                              build/stm32f0xx_hal_cortex.o
HAL_PCDEx_ActivateBCD                             build/stm32f0xx_hal_pcd_ex.o
HAL_PCDEx_ActivateLPM                             build/stm32f0xx_hal_pcd_ex.o
                                                  build/stm32f0xx_hal_pcd.o
HAL_PCDEx_BCD_Callback                            build/stm32f0xx_hal_pcd_ex.o
HAL_PCDEx_BCD_VBUSDetect                          build/stm32f0xx_hal_pcd_ex.o
HAL_PCDEx_DeActivateBCD                           build/stm32f0xx_hal_pcd_ex.o
HAL_PCDEx_DeActivateLPM                           build/stm32f0xx_hal_pcd_ex.o
HAL_PCDEx_LPM_Callback                            build/stm32f0xx_hal_pcd_ex.o
                                                  build/stm32f0xx_hal_pcd.o
HAL_PCDEx_PMAConfig                               build/stm32f0xx_hal_pcd_ex.o
                                                  build/usbd_conf.o
HAL_PCDEx_SetConnectionState                      build/usbd_conf.o
HAL_PCD_ActivateRemoteWakeup                      build/stm32f0xx_hal_pcd.o
HAL_PCD_ConnectCallback                           build/usbd_conf.o
                                                  build/stm32f0xx_hal_pcd.o
HAL_PCD_DataInStageCallback                       build/usbd_conf.o
                                                  build/stm32f0xx_hal_pcd.o
HAL_PCD_DataOutStageCallback                      build/usbd_conf.o
                                                  build/stm32f0xx_hal_pcd.o
HAL_PCD_DeActivateRemoteWakeup                    build/stm32f0xx_hal_pcd.o
HAL_PCD_DeInit                                    build/stm32f0xx_hal_pcd.o
                                                  build/usbd_conf.o
HAL_PCD_DevConnect                                build/stm32f0xx_hal_pcd.o
HAL_PCD_DevDisconnect                             build/stm32f0xx_hal_pcd.o
HAL_PCD_DisconnectCallback                        build/usbd_conf.o
                                                  build/stm32f0xx_hal_pcd.o
HAL_PCD_EP_Close                                  build/stm32f0xx_hal_pcd.o
                                                  build/usbd_conf.o
HAL_PCD_EP_ClrStall                               build/stm32f0xx_hal_pcd.o
                                                  build/usbd_conf.o
HAL_PCD_EP_Flush                                  build/stm32f0xx_hal_pcd.o
                                                  build/usbd_conf.o
HAL_PCD_EP_GetRxCount                             build/stm32f0xx_hal_pcd.o
                                                  build/usbd_conf.o
HAL_PCD_EP_Open                                   build/stm32f0xx_hal_pcd.o
                                                  build/usbd_conf.o
HAL_PCD_EP_Receive                                build/stm32f0xx_hal_pcd.o
                                                  build/usbd_conf.o
HAL_PCD_EP_SetStall                               build/stm32f0xx_hal_pcd.o
                                                  build/usbd_conf.o
HAL_PCD_EP_Transmit                               build/stm32f0xx_hal_pcd.o
                                                  build/usbd_conf.o
HAL_PCD_GetState                                  build/stm32f0xx_hal_pcd.o
HAL_PCD_IRQHandler                                build/stm32f0xx_hal_pcd.o
                                                  build/stm32f0xx_it.o
HAL_PCD_ISOINIncompleteCallback                   build/usbd_conf.o
                                                  build/stm32f0xx_hal_pcd.o
HAL_PCD_ISOOUTIncompleteCallback                  build/usbd_conf.o
                                                  build/stm32f0xx_hal_pcd.o
HAL_PCD_Init                                      build/stm32f0xx_hal_pcd.o
                                                  build/usbd_conf.o
HAL_PCD_MspDeInit                                 build/usbd_conf.o
                                                  build/stm32f0xx_hal_pcd.o
HAL_PCD_MspInit                                   build/usbd_conf.o
                                                  build/stm32f0xx_hal_pcd.o
HAL_PCD_ResetCallback                             build/usbd_conf.o
                                                  build/stm32f0xx_hal_pcd.o
HAL_PCD_ResumeCallback                            build/usbd_conf.o
                                                  build/stm32f0xx_hal_pcd.o
HAL_PCD_SOFCallback                               build/usbd_conf.o
                                                  build/stm32f0xx_hal_pcd.o
HAL_PCD_SetAddress                                build/stm32f0xx_hal_pcd.o
                                                  build/usbd_conf.o
HAL_PCD_SetupStageCallback                        build/usbd_conf.o
                                                  build/stm32f0xx_hal_pcd.o
HAL_PCD_Start                                     build/stm32f0xx_hal_pcd.o
                                                  build/usbd_conf.o
HAL_PCD_Stop                                      build/stm32f0xx_hal_pcd.o
                                                  build/usbd_conf.o
HAL_PCD_SuspendCallback                           build/usbd_conf.o
                                                  build/stm32f0xx_hal_pcd.o
HAL_PWREx_DisableVddio2Monitor                    build/stm32f0xx_hal_pwr_ex.o
HAL_PWREx_EnableVddio2Monitor                     build/stm32f0xx_hal_pwr_ex.o
HAL_PWREx_Vddio2MonitorCallback                   build/stm32f0xx_hal_pwr_ex.o
HAL_PWREx_Vddio2Monitor_IRQHandler                build/stm32f0xx_hal_pwr_ex.o
HAL_PWR_ConfigPVD                                 build/stm32f0xx_hal_pwr_ex.o
HAL_PWR_DeInit                                    build/stm32f0xx_hal_pwr.o
HAL_PWR_DisableBkUpAccess                         build/stm32f0xx_hal_pwr.o
HAL_PWR_DisablePVD                                build/stm32f0xx_hal_pwr_ex.o
HAL_PWR_DisableSEVOnPend                          build/stm32f0xx_hal_pwr.o
HAL_PWR_DisableSleepOnExit                        build/stm32f0xx_hal_pwr.o
HAL_PWR_DisableWakeUpPin                          build/stm32f0xx_hal_pwr.o
HAL_PWR_EnableBkUpAccess                          build/stm32f0xx_hal_pwr.o
HAL_PWR_EnablePVD                                 build/stm32f0xx_hal_pwr_ex.o
HAL_PWR_EnableSEVOnPend                           build/stm32f0xx_hal_pwr.o
HAL_PWR_EnableSleepOnExit                         build/stm32f0xx_hal_pwr.o
HAL_PWR_EnableWakeUpPin                           build/stm32f0xx_hal_pwr.o
HAL_PWR_EnterSLEEPMode                            build/stm32f0xx_hal_pwr.o
HAL_PWR_EnterSTANDBYMode                          build/stm32f0xx_hal_pwr.o
HAL_PWR_EnterSTOPMode                             build/stm32f0xx_hal_pwr.o
HAL_PWR_PVDCallback                               build/stm32f0xx_hal_pwr_ex.o
HAL_PWR_PVD_IRQHandler                            build/stm32f0xx_hal_pwr_ex.o
HAL_RCCEx_CRSConfig                               build/stm32f0xx_hal_rcc_ex.o
HAL_RCCEx_CRSGetSynchronizationInfo               build/stm32f0xx_hal_rcc_ex.o
HAL_RCCEx_CRSSoftwareSynchronizationGenerate      build/stm32f0xx_hal_rcc_ex.o
HAL_RCCEx_CRSWaitSynchronization                  build/stm32f0xx_hal_rcc_ex.o
HAL_RCCEx_CRS_ErrorCallback                       build/stm32f0xx_hal_rcc_ex.o
HAL_RCCEx_CRS_ExpectedSyncCallback                build/stm32f0xx_hal_rcc_ex.o
HAL_RCCEx_CRS_IRQHandler                          build/stm32f0xx_hal_rcc_ex.o
HAL_RCCEx_CRS_SyncOkCallback                      build/stm32f0xx_hal_rcc_ex.o
HAL_RCCEx_CRS_SyncWarnCallback                    build/stm32f0xx_hal_rcc_ex.o
HAL_RCCEx_GetPeriphCLKConfig                      build/stm32f0xx_hal_rcc_ex.o
HAL_RCCEx_GetPeriphCLKFreq                        build/stm32f0xx_hal_rcc_ex.o
HAL_RCCEx_PeriphCLKConfig                         build/stm32f0xx_hal_rcc_ex.o
                                                  build/main.o
HAL_RCC_CSSCallback                               build/stm32f0xx_hal_rcc.o
HAL_RCC_ClockConfig                               build/stm32f0xx_hal_rcc.o
                                                  build/main.o
HAL_RCC_DeInit                                    build/stm32f0xx_hal_rcc.o
HAL_RCC_DisableCSS                                build/stm32f0xx_hal_rcc.o
HAL_RCC_EnableCSS                                 build/stm32f0xx_hal_rcc.o
HAL_RCC_GetClockConfig                            build/stm32f0xx_hal_rcc.o
HAL_RCC_GetHCLKFreq                               build/stm32f0xx_hal_rcc.o
HAL_RCC_GetOscConfig                              build/stm32f0xx_hal_rcc.o
HAL_RCC_GetPCLK1Freq                              build/stm32f0xx_hal_rcc.o
                                                  build/stm32f0xx_hal_rcc_ex.o
HAL_RCC_GetSysClockFreq                           build/stm32f0xx_hal_rcc.o
                                                  build/stm32f0xx_hal_rcc_ex.o
HAL_RCC_MCOConfig                                 build/stm32f0xx_hal_rcc.o
HAL_RCC_NMI_IRQHandler                            build/stm32f0xx_hal_rcc.o
HAL_RCC_OscConfig                                 build/stm32f0xx_hal_rcc.o
                                                  build/main.o
HAL_ResumeTick                                    build/stm32f0xx_hal.o
HAL_SYSTICK_CLKSourceConfig                       build/stm32f0xx_hal_cortex.o
HAL_SYSTICK_Callback                              build/stm32f0xx_hal_cortex.o
HAL_SYSTICK_Config                                build/stm32f0xx_hal_cortex.o
                                                  build/stm32f0xx_hal.o
HAL_SYSTICK_IRQHandler                            build/stm32f0xx_hal_cortex.o
HAL_SetTickFreq                                   build/stm32f0xx_hal.o
HAL_SuspendTick                                   build/stm32f0xx_hal.o
HardFault_Handler                                 build/stm32f0xx_it.o
I2C1_IRQHandler                                   build/startup_stm32f072xb.o
I2C2_IRQHandler                                   build/startup_stm32f072xb.o
MX_USB_HID_INIT                                   build/usb_device.o
                                                  build/main.o
NMI_Handler                                       build/stm32f0xx_it.o
OutData                                           build/usbd_hid.o
OutDataBuffer                                     build/usbd_hid.o
PVD_VDDIO2_IRQHandler                             build/startup_stm32f072xb.o
PendSV_Handler                                    build/stm32f0xx_it.o
RCC_CRS_IRQHandler                                build/startup_stm32f072xb.o
RTC_IRQHandler                                    build/startup_stm32f072xb.o
Reset_Handler                                     build/startup_stm32f072xb.o
SPI1_IRQHandler                                   build/startup_stm32f072xb.o
SPI2_IRQHandler                                   build/startup_stm32f072xb.o
SVC_Handler                                       build/stm32f0xx_it.o
SysTick_Handler                                   build/stm32f0xx_it.o
SystemClock_Config                                build/main.o
SystemCoreClock                                   build/system_stm32f0xx.o
                                                  build/stm32f0xx_hal.o
                                                  build/stm32f0xx_hal_rcc.o
                                                  build/stm32f0xx_hal_adc.o
SystemCoreClockUpdate                             build/system_stm32f0xx.o
SystemInit                                        build/system_stm32f0xx.o
                                                  build/startup_stm32f072xb.o
TIM14_IRQHandler                                  build/startup_stm32f072xb.o
TIM15_IRQHandler                                  build/startup_stm32f072xb.o
TIM16_IRQHandler                                  build/startup_stm32f072xb.o