Archive member included to satisfy reference by file (symbol)

/home/janhenrik/programme/gcc-arm-none-eabi-7-2018-q2-update/bin/../lib/gcc/arm-none-eabi/7.3.1/../../../../arm-none-eabi/lib/thumb/v6-m/libc_nano.a(lib_a-exit.o)
                              /home/janhenrik/programme/gcc-arm-none-eabi-7-2018-q2-update/bin/../lib/gcc/arm-none-eabi/7.3.1/../../../../arm-none-eabi/lib/thumb/v6-m/crt0.o (exit)
/home/janhenrik/programme/gcc-arm-none-eabi-7-2018-q2-update/bin/../lib/gcc/arm-none-eabi/7.3.1/../../../../arm-none-eabi/lib/thumb/v6-m/libc_nano.a(lib_a-impure.o)
                              /home/janhenrik/programme/gcc-arm-none-eabi-7-2018-q2-update/bin/../lib/gcc/arm-none-eabi/7.3.1/../../../../arm-none-eabi/lib/thumb/v6-m/libc_nano.a(lib_a-exit.o) (_global_impure_ptr)
/home/janhenrik/programme/gcc-arm-none-eabi-7-2018-q2-update/bin/../lib/gcc/arm-none-eabi/7.3.1/../../../../arm-none-eabi/lib/thumb/v6-m/libc_nano.a(lib_a-init.o)
                              /home/janhenrik/programme/gcc-arm-none-eabi-7-2018-q2-update/bin/../lib/gcc/arm-none-eabi/7.3.1/../../../../arm-none-eabi/lib/thumb/v6-m/crt0.o (__libc_init_array)
/home/janhenrik/programme/gcc-arm-none-eabi-7-2018-q2-update/bin/../lib/gcc/arm-none-eabi/7.3.1/../../../../arm-none-eabi/lib/thumb/v6-m/libc_nano.a(lib_a-memset.o)
                              /home/janhenrik/programme/gcc-arm-none-eabi-7-2018-q2-update/bin/../lib/gcc/arm-none-eabi/7.3.1/../../../../arm-none-eabi/lib/thumb/v6-m/crt0.o (memset)
/home/janhenrik/programme/gcc-arm-none-eabi-7-2018-q2-update/bin/../lib/gcc/arm-none-eabi/7.3.1/../../../../arm-none-eabi/lib/thumb/v6-m/libc_nano.a(lib_a-sprintf.o)
                              build/main.o (sprintf)
/home/janhenrik/programme/gcc-arm-none-eabi-7-2018-q2-update/bin/../lib/gcc/arm-none-eabi/7.3.1/../../../../arm-none-eabi/lib/thumb/v6-m/libc_nano.a(lib_a-nano-svfprintf.o)
                              /home/janhenrik/programme/gcc-arm-none-eabi-7-2018-q2-update/bin/../lib/gcc/arm-none-eabi/7.3.1/../../../../arm-none-eabi/lib/thumb/v6-m/libc_nano.a(lib_a-sprintf.o) (_svfprintf_r)
/home/janhenrik/programme/gcc-arm-none-eabi-7-2018-q2-update/bin/../lib/gcc/arm-none-eabi/7.3.1/../../../../arm-none-eabi/lib/thumb/v6-m/libc_nano.a(lib_a-nano-vfprintf_i.o)
                              /home/janhenrik/programme/gcc-arm-none-eabi-7-2018-q2-update/bin/../lib/gcc/arm-none-eabi/7.3.1/../../../../arm-none-eabi/lib/thumb/v6-m/libc_nano.a(lib_a-nano-svfprintf.o) (_printf_i)
/home/janhenrik/programme/gcc-arm-none-eabi-7-2018-q2-update/bin/../lib/gcc/arm-none-eabi/7.3.1/../../../../arm-none-eabi/lib/thumb/v6-m/libc_nano.a(lib_a-memchr-stub.o)
                              /home/janhenrik/programme/gcc-arm-none-eabi-7-2018-q2-update/bin/../lib/gcc/arm-none-eabi/7.3.1/../../../../arm-none-eabi/lib/thumb/v6-m/libc_nano.a(lib_a-nano-svfprintf.o) (memchr)
/home/janhenrik/programme/gcc-arm-none-eabi-7-2018-q2-update/bin/../lib/gcc/arm-none-eabi/7.3.1/../../../../arm-none-eabi/lib/thumb/v6-m/libc_nano.a(lib_a-memcpy-stub.o)
                              /home/janhenrik/programme/gcc-arm-none-eabi-7-2018-q2-update/bin/../lib/gcc/arm-none-eabi/7.3.1/../../../../arm-none-eabi/lib/thumb/v6-m/libc_nano.a(lib_a-nano-svfprintf.o) (memcpy)
/home/janhenrik/programme/gcc-arm-none-eabi-7-2018-q2-update/bin/../lib/gcc/arm-none-eabi/7.3.1/../../../../arm-none-eabi/lib/thumb/v6-m/libc_nano.a(lib_a-memmove.o)
                              /home/janhenrik/programme/gcc-arm-none-eabi-7-2018-q2-update/bin/../lib/gcc/arm-none-eabi/7.3.1/../../../../arm-none-eabi/lib/thumb/v6-m/libc_nano.a(lib_a-nano-svfprintf.o) (memmove)
/home/janhenrik/programme/gcc-arm-none-eabi-7-2018-q2-update/bin/../lib/gcc/arm-none-eabi/7.3.1/../../../../arm-none-eabi/lib/thumb/v6-m/libc_nano.a(lib_a-nano-freer.o)
                              /home/janhenrik/programme/gcc-arm-none-eabi-7-2018-q2-update/bin/../lib/gcc/arm-none-eabi/7.3.1/../../../../arm-none-eabi/lib/thumb/v6-m/libc_nano.a(lib_a-nano-svfprintf.o) (_free_r)
/home/janhenrik/programme/gcc-arm-none-eabi-7-2018-q2-update/bin/../lib/gcc/arm-none-eabi/7.3.1/../../../../arm-none-eabi/lib/thumb/v6-m/libc_nano.a(lib_a-nano-mallocr.o)
                              /home/janhenrik/programme/gcc-arm-none-eabi-7-2018-q2-update/bin/../lib/gcc/arm-none-eabi/7.3.1/../../../../arm-none-eabi/lib/thumb/v6-m/libc_nano.a(lib_a-nano-svfprintf.o) (_malloc_r)
/home/janhenrik/programme/gcc-arm-none-eabi-7-2018-q2-update/bin/../lib/gcc/arm-none-eabi/7.3.1/../../../../arm-none-eabi/lib/thumb/v6-m/libc_nano.a(lib_a-nano-reallocr.o)
                              /home/janhenrik/programme/gcc-arm-none-eabi-7-2018-q2-update/bin/../lib/gcc/arm-none-eabi/7.3.1/../../../../arm-none-eabi/lib/thumb/v6-m/libc_nano.a(lib_a-nano-svfprintf.o) (_realloc_r)
/home/janhenrik/programme/gcc-arm-none-eabi-7-2018-q2-update/bin/../lib/gcc/arm-none-eabi/7.3.1/../../../../arm-none-eabi/lib/thumb/v6-m/libc_nano.a(lib_a-sbrkr.o)
[...]
Memory Configuration

Name             Origin             Length             Attributes
RAM              0x0000000020000000 0x0000000000004000 xrw
FLASH            0x0000000008000000 0x0000000000020000 xr
*default*        0x0000000000000000 0xffffffffffffffff

Linker script and memory map

LOAD /home/janhenrik/programme/gcc-arm-none-eabi-7-2018-q2-update/bin/../lib/gcc/arm-none-eabi/7.3.1/thumb/v6-m/crti.o
LOAD /home/janhenrik/programme/gcc-arm-none-eabi-7-2018-q2-update/bin/../lib/gcc/arm-none-eabi/7.3.1/thumb/v6-m/crtbegin.o
LOAD /home/janhenrik/programme/gcc-arm-none-eabi-7-2018-q2-update/bin/../lib/gcc/arm-none-eabi/7.3.1/../../../../arm-none-eabi/lib/thumb/v6-m/crt0.o
LOAD build/main.o
LOAD build/stm32f0xx_it.o
LOAD build/stm32f0xx_hal_msp.o
LOAD build/stm32f0xx_ll_usb.o
LOAD build/stm32f0xx_hal_adc.o
LOAD build/stm32f0xx_hal_adc_ex.o
LOAD build/stm32f0xx_hal_rcc.o
LOAD build/stm32f0xx_hal_rcc_ex.o
LOAD build/stm32f0xx_hal.o
LOAD build/stm32f0xx_hal_i2c.o
LOAD build/stm32f0xx_hal_i2c_ex.o
LOAD build/stm32f0xx_hal_gpio.o
LOAD build/stm32f0xx_hal_dma.o
LOAD build/stm32f0xx_hal_cortex.o
LOAD build/stm32f0xx_hal_pwr.o
LOAD build/stm32f0xx_hal_pwr_ex.o
LOAD build/stm32f0xx_hal_flash.o
LOAD build/stm32f0xx_hal_flash_ex.o
LOAD build/stm32f0xx_hal_exti.o
LOAD build/stm32f0xx_hal_tim.o
LOAD build/stm32f0xx_hal_tim_ex.o
LOAD build/stm32f0xx_hal_pcd.o
LOAD build/stm32f0xx_hal_pcd_ex.o
LOAD build/usbd_conf.o
LOAD build/usbd_desc.o
LOAD build/usbd_cdc_interface.o
LOAD build/usbd_core.o
LOAD build/usbd_ctlreq.o
LOAD build/usbd_ioreq.o
LOAD build/usbd_cdc.o
LOAD build/system_stm32f0xx.o
LOAD build/startup_stm32f072xb.o
LOAD /home/janhenrik/programme/gcc-arm-none-eabi-7-2018-q2-update/bin/../lib/gcc/arm-none-eabi/7.3.1/../../../../arm-none-eabi/lib/thumb/v6-m/libc_nano.a
LOAD /home/janhenrik/programme/gcc-arm-none-eabi-7-2018-q2-update/bin/../lib/gcc/arm-none-eabi/7.3.1/../../../../arm-none-eabi/lib/thumb/v6-m/libm.a
LOAD /home/janhenrik/programme/gcc-arm-none-eabi-7-2018-q2-update/bin/../lib/gcc/arm-none-eabi/7.3.1/../../../../arm-none-eabi/lib/thumb/v6-m/libnosys.a
START GROUP
LOAD /home/janhenrik/programme/gcc-arm-none-eabi-7-2018-q2-update/bin/../lib/gcc/arm-none-eabi/7.3.1/thumb/v6-m/libgcc.a
LOAD /home/janhenrik/programme/gcc-arm-none-eabi-7-2018-q2-update/bin/../lib/gcc/arm-none-eabi/7.3.1/../../../../arm-none-eabi/lib/thumb/v6-m/libc_nano.a
END GROUP
START GROUP
LOAD /home/janhenrik/programme/gcc-arm-none-eabi-7-2018-q2-update/bin/../lib/gcc/arm-none-eabi/7.3.1/thumb/v6-m/libgcc.a
LOAD /home/janhenrik/programme/gcc-arm-none-eabi-7-2018-q2-update/bin/../lib/gcc/arm-none-eabi/7.3.1/../../../../arm-none-eabi/lib/thumb/v6-m/libc_nano.a
END GROUP
LOAD /home/janhenrik/programme/gcc-arm-none-eabi-7-2018-q2-update/bin/../lib/gcc/arm-none-eabi/7.3.1/thumb/v6-m/crtend.o
LOAD /home/janhenrik/programme/gcc-arm-none-eabi-7-2018-q2-update/bin/../lib/gcc/arm-none-eabi/7.3.1/thumb/v6-m/crtn.o
                0x0000000020004000                _estack = 0x20004000
                0x0000000000000200                _Min_Heap_Size = 0x200
                0x0000000000000400                _Min_Stack_Size = 0x400

.isr_vector     0x0000000008000000       0xc0
                0x0000000008000000                . = ALIGN (0x4)
 *(.isr_vector)
 .isr_vector    0x0000000008000000       0xc0 build/startup_stm32f072xb.o
                0x0000000008000000                g_pfnVectors
                0x00000000080000c0                . = ALIGN (0x4)

.text           0x00000000080000c0     0x4110
                0x00000000080000c0                . = ALIGN (0x4)
 *(.text)
 .text          0x00000000080000c0       0x48 /home/janhenrik/programme/gcc-arm-none-eabi-7-2018-q2-update/bin/../lib/gcc/arm-none-eabi/7.3.1/thumb/v6-m/crtbegin.o
 .text          0x0000000008000108      0x114 /home/janhenrik/programme/gcc-arm-none-eabi-7-2018-q2-update/bin/../lib/gcc/arm-none-eabi/7.3.1/thumb/v6-m/libgcc.a(_udivsi3.o)
                0x0000000008000108                __udivsi3
                0x0000000008000108                __aeabi_uidiv
                0x0000000008000214                __aeabi_uidivmod
 .text          0x000000000800021c        0x4 /home/janhenrik/programme/gcc-arm-none-eabi-7-2018-q2-update/bin/../lib/gcc/arm-none-eabi/7.3.1/thumb/v6-m/libgcc.a(_dvmd_tls.o)
                0x000000000800021c                __aeabi_ldiv0
                0x000000000800021c                __aeabi_idiv0
 *(.text*)
 .text.MX_GPIO_Init
                0x0000000008000220       0x64 build/main.o
 .text.MX_DMA_Init
                0x0000000008000284       0x30 build/main.o
 .text.MX_ADC_Init
                0x00000000080002b4       0xb0 build/main.o
 .text.SystemClock_Config
                0x0000000008000364       0x5e build/main.o
                0x0000000008000364                SystemClock_Config
 *fill*         0x00000000080003c2        0x2 
 .text.main     0x00000000080003c4       0xe8 build/main.o
                0x00000000080003c4                main
 .text.Error_Handler
                0x00000000080004ac       0x30 build/main.o
                0x00000000080004ac                Error_Handler
 .text.NMI_Handler
                0x00000000080004dc        0x2 build/stm32f0xx_it.o
                0x00000000080004dc                NMI_Handler
 *fill*         0x00000000080004de        0x2 
 .text.HardFault_Handler
                0x00000000080004e0       0x30 build/stm32f0xx_it.o
                0x00000000080004e0                HardFault_Handler
 .text.SVC_Handler
                0x0000000008000510        0x2 build/stm32f0xx_it.o
                0x0000000008000510                SVC_Handler
 .text.PendSV_Handler
                0x0000000008000512        0x2 build/stm32f0xx_it.o
                0x0000000008000512                PendSV_Handler
 .text.SysTick_Handler
                0x0000000008000514        0x8 build/stm32f0xx_it.o
                0x0000000008000514                SysTick_Handler
 .text.DMA1_Channel1_IRQHandler
                0x000000000800051c       0x10 build/stm32f0xx_it.o
                0x000000000800051c                DMA1_Channel1_IRQHandler
 .text.USB_IRQHandler
                0x000000000800052c       0x10 build/stm32f0xx_it.o
                0x000000000800052c                USB_IRQHandler
 .text.HAL_MspInit
                0x000000000800053c       0x30 build/stm32f0xx_hal_msp.o
                0x000000000800053c                HAL_MspInit
 .text.HAL_ADC_MspInit
                0x000000000800056c       0xc4 build/stm32f0xx_hal_msp.o
                0x000000000800056c                HAL_ADC_MspInit
 .text.USB_EnableGlobalInt
                0x0000000008000630       0x14 build/stm32f0xx_ll_usb.o
                0x0000000008000630                USB_EnableGlobalInt
 .text.USB_DisableGlobalInt
                0x0000000008000644       0x14 build/stm32f0xx_ll_usb.o
                0x0000000008000644                USB_DisableGlobalInt
 .text.USB_DevInit
                0x0000000008000658       0x2a build/stm32f0xx_ll_usb.o
                0x0000000008000658                USB_DevInit
 *fill*         0x0000000008000682        0x2 
 .text.USB_ActivateEndpoint
                0x0000000008000684      0x300 build/stm32f0xx_ll_usb.o
                0x0000000008000684                USB_ActivateEndpoint
 .text.USB_DeactivateEndpoint
                0x0000000008000984      0x170 build/stm32f0xx_ll_usb.o
                0x0000000008000984                USB_DeactivateEndpoint
 .text.USB_EPSetStall
                0x0000000008000af4       0x4c build/stm32f0xx_ll_usb.o
                0x0000000008000af4                USB_EPSetStall
 .text.USB_EPClearStall
                0x0000000008000b40       0x98 build/stm32f0xx_ll_usb.o
                0x0000000008000b40                USB_EPClearStall
 .text.USB_SetDevAddress
                0x0000000008000bd8        0xe build/stm32f0xx_ll_usb.o
                0x0000000008000bd8                USB_SetDevAddress
 *fill*         0x0000000008000be6        0x2 
 .text.USB_DevConnect
                0x0000000008000be8       0x14 build/stm32f0xx_ll_usb.o
                0x0000000008000be8                USB_DevConnect
 .text.USB_ReadInterrupts
                0x0000000008000bfc        0x8 build/stm32f0xx_ll_usb.o
                0x0000000008000bfc                USB_ReadInterrupts
 .text.USB_EP0_OutStart
                0x0000000008000c04        0x4 build/stm32f0xx_ll_usb.o
                0x0000000008000c04                USB_EP0_OutStart
 .text.USB_WritePMA
                0x0000000008000c08       0x28 build/stm32f0xx_ll_usb.o
                0x0000000008000c08                USB_WritePMA
 .text.USB_EPStartXfer
                0x0000000008000c30      0x2d8 build/stm32f0xx_ll_usb.o
                0x0000000008000c30                USB_EPStartXfer
 .text.USB_ReadPMA
                0x0000000008000f08       0x2e build/stm32f0xx_ll_usb.o
                0x0000000008000f08                USB_ReadPMA
 *fill*         0x0000000008000f36        0x2 
 .text.ADC_Enable
                0x0000000008000f38       0xa8 build/stm32f0xx_hal_adc.o
 .text.HAL_ADC_Init
                0x0000000008000fe0      0x17c build/stm32f0xx_hal_adc.o
                0x0000000008000fe0                HAL_ADC_Init
 .text.HAL_ADC_Start_DMA
                0x000000000800115c       0xa8 build/stm32f0xx_hal_adc.o
                0x000000000800115c                HAL_ADC_Start_DMA
 .text.HAL_ADC_ConvCpltCallback
                0x0000000008001204        0x2 build/stm32f0xx_hal_adc.o
                0x0000000008001204                HAL_ADC_ConvCpltCallback
 *fill*         0x0000000008001206        0x2 
 .text.ADC_DMAConvCplt
                0x0000000008001208       0x70 build/stm32f0xx_hal_adc.o
 .text.HAL_ADC_ConvHalfCpltCallback
                0x0000000008001278        0x2 build/stm32f0xx_hal_adc.o
                0x0000000008001278                HAL_ADC_ConvHalfCpltCallback
 .text.ADC_DMAHalfConvCplt
                0x000000000800127a        0xa build/stm32f0xx_hal_adc.o
 .text.HAL_ADC_ErrorCallback
                0x0000000008001284        0x2 build/stm32f0xx_hal_adc.o
                0x0000000008001284                HAL_ADC_ErrorCallback
 .text.ADC_DMAError
                0x0000000008001286       0x1a build/stm32f0xx_hal_adc.o
 .text.HAL_ADC_ConfigChannel
                0x00000000080012a0      0x14c build/stm32f0xx_hal_adc.o
                0x00000000080012a0                HAL_ADC_ConfigChannel
 .text.HAL_RCC_OscConfig
                0x00000000080013ec      0x540 build/stm32f0xx_hal_rcc.o
                0x00000000080013ec                HAL_RCC_OscConfig
 .text.HAL_RCC_GetSysClockFreq
                0x000000000800192c       0x94 build/stm32f0xx_hal_rcc.o
                0x000000000800192c                HAL_RCC_GetSysClockFreq
 .text.HAL_RCC_ClockConfig
                0x00000000080019c0      0x140 build/stm32f0xx_hal_rcc.o
                0x00000000080019c0                HAL_RCC_ClockConfig
 .text.HAL_RCCEx_PeriphCLKConfig
                0x0000000008001b00      0x158 build/stm32f0xx_hal_rcc_ex.o
                0x0000000008001b00                HAL_RCCEx_PeriphCLKConfig
 .text.HAL_InitTick
                0x0000000008001c58       0x50 build/stm32f0xx_hal.o
                0x0000000008001c58                HAL_InitTick
 .text.HAL_Init
                0x0000000008001ca8       0x20 build/stm32f0xx_hal.o
                0x0000000008001ca8                HAL_Init
 .text.HAL_IncTick
                0x0000000008001cc8       0x18 build/stm32f0xx_hal.o
                0x0000000008001cc8                HAL_IncTick
 .text.HAL_GetTick
                0x0000000008001ce0        0xc build/stm32f0xx_hal.o
                0x0000000008001ce0                HAL_GetTick
 .text.HAL_Delay
                0x0000000008001cec       0x24 build/stm32f0xx_hal.o
                0x0000000008001cec                HAL_Delay
 .text.HAL_GPIO_Init
                0x0000000008001d10      0x198 build/stm32f0xx_hal_gpio.o
                0x0000000008001d10                HAL_GPIO_Init
 .text.HAL_GPIO_WritePin
                0x0000000008001ea8        0xc build/stm32f0xx_hal_gpio.o
                0x0000000008001ea8                HAL_GPIO_WritePin
 .text.DMA_SetConfig
                0x0000000008001eb4       0x2a build/stm32f0xx_hal_dma.o
 *fill*         0x0000000008001ede        0x2 
 .text.DMA_CalcBaseAndBitshift
                0x0000000008001ee0       0x28 build/stm32f0xx_hal_dma.o
 .text.HAL_DMA_Init
                0x0000000008001f08       0x50 build/stm32f0xx_hal_dma.o
                0x0000000008001f08                HAL_DMA_Init
 .text.HAL_DMA_Start_IT
                0x0000000008001f58       0x76 build/stm32f0xx_hal_dma.o
                0x0000000008001f58                HAL_DMA_Start_IT
 .text.HAL_DMA_IRQHandler
                0x0000000008001fce       0xaa build/stm32f0xx_hal_dma.o
                0x0000000008001fce                HAL_DMA_IRQHandler
 .text.HAL_NVIC_SetPriority
                0x0000000008002078       0x64 build/stm32f0xx_hal_cortex.o
                0x0000000008002078                HAL_NVIC_SetPriority
 .text.HAL_NVIC_EnableIRQ
                0x00000000080020dc       0x18 build/stm32f0xx_hal_cortex.o
                0x00000000080020dc                HAL_NVIC_EnableIRQ
 .text.HAL_SYSTICK_Config
                0x00000000080020f4       0x38 build/stm32f0xx_hal_cortex.o
                0x00000000080020f4                HAL_SYSTICK_Config
 .text.HAL_PCD_Init
                0x000000000800212c       0xd4 build/stm32f0xx_hal_pcd.o
                0x000000000800212c                HAL_PCD_Init
 .text.HAL_PCD_Start
                0x0000000008002200       0x2e build/stm32f0xx_hal_pcd.o
                0x0000000008002200                HAL_PCD_Start
 .text.HAL_PCD_SetAddress
                0x000000000800222e       0x2c build/stm32f0xx_hal_pcd.o
                0x000000000800222e                HAL_PCD_SetAddress
 .text.HAL_PCD_EP_Open
                0x000000000800225a       0x7a build/stm32f0xx_hal_pcd.o
                0x000000000800225a                HAL_PCD_EP_Open
 .text.HAL_PCD_EP_Close
                0x00000000080022d4       0x64 build/stm32f0xx_hal_pcd.o
                0x00000000080022d4                HAL_PCD_EP_Close
 .text.HAL_PCD_EP_Receive
                0x0000000008002338       0x4c build/stm32f0xx_hal_pcd.o
                0x0000000008002338                HAL_PCD_EP_Receive
 .text.HAL_PCD_EP_GetRxCount
                0x0000000008002384       0x10 build/stm32f0xx_hal_pcd.o
                0x0000000008002384                HAL_PCD_EP_GetRxCount
 .text.HAL_PCD_EP_Transmit
                0x0000000008002394       0x40 build/stm32f0xx_hal_pcd.o
                0x0000000008002394                HAL_PCD_EP_Transmit
 .text.PCD_EP_ISR_Handler
                0x00000000080023d4      0x39c build/stm32f0xx_hal_pcd.o
 .text.HAL_PCD_IRQHandler
                0x0000000008002770      0x1ac build/stm32f0xx_hal_pcd.o
                0x0000000008002770                HAL_PCD_IRQHandler
 .text.HAL_PCD_EP_SetStall
                0x000000000800291c       0x7e build/stm32f0xx_hal_pcd.o
                0x000000000800291c                HAL_PCD_EP_SetStall
 .text.HAL_PCD_EP_ClrStall
                0x000000000800299a       0x76 build/stm32f0xx_hal_pcd.o
                0x000000000800299a                HAL_PCD_EP_ClrStall
 .text.HAL_PCDEx_PMAConfig
                0x0000000008002a10       0x32 build/stm32f0xx_hal_pcd_ex.o
                0x0000000008002a10                HAL_PCDEx_PMAConfig
 .text.HAL_PCDEx_ActivateLPM
                0x0000000008002a42       0x26 build/stm32f0xx_hal_pcd_ex.o
                0x0000000008002a42                HAL_PCDEx_ActivateLPM
 .text.HAL_PCDEx_LPM_Callback
                0x0000000008002a68        0x2 build/stm32f0xx_hal_pcd_ex.o
                0x0000000008002a68                HAL_PCDEx_LPM_Callback
 *fill*         0x0000000008002a6a        0x2 
 .text.HAL_PCD_MspInit
                0x0000000008002a6c       0x60 build/usbd_conf.o
                0x0000000008002a6c                HAL_PCD_MspInit
 .text.HAL_PCD_SetupStageCallback
                0x0000000008002acc       0x16 build/usbd_conf.o
                0x0000000008002acc                HAL_PCD_SetupStageCallback
 .text.HAL_PCD_DataOutStageCallback
                0x0000000008002ae2       0x1a build/usbd_conf.o
                0x0000000008002ae2                HAL_PCD_DataOutStageCallback
 .text.HAL_PCD_DataInStageCallback
                0x0000000008002afc       0x16 build/usbd_conf.o
                0x0000000008002afc                HAL_PCD_DataInStageCallback
 .text.HAL_PCD_SOFCallback
                0x0000000008002b12        0xe build/usbd_conf.o
                0x0000000008002b12                HAL_PCD_SOFCallback
 .text.HAL_PCD_ResetCallback
                0x0000000008002b20       0x18 build/usbd_conf.o
                0x0000000008002b20                HAL_PCD_ResetCallback
 .text.HAL_PCD_SuspendCallback
                0x0000000008002b38        0x2 build/usbd_conf.o
                0x0000000008002b38                HAL_PCD_SuspendCallback
 .text.HAL_PCD_ResumeCallback
                0x0000000008002b3a        0x2 build/usbd_conf.o
                0x0000000008002b3a                HAL_PCD_ResumeCallback
 .text.USBD_LL_Init
                0x0000000008002b3c       0x74 build/usbd_conf.o
                0x0000000008002b3c                USBD_LL_Init
 .text.USBD_LL_Start
                0x0000000008002bb0       0x10 build/usbd_conf.o
                0x0000000008002bb0                USBD_LL_Start
 .text.USBD_LL_OpenEP
                0x0000000008002bc0       0x16 build/usbd_conf.o
                0x0000000008002bc0                USBD_LL_OpenEP
 .text.USBD_LL_CloseEP
                0x0000000008002bd6       0x10 build/usbd_conf.o
                0x0000000008002bd6                USBD_LL_CloseEP
 .text.USBD_LL_StallEP
                0x0000000008002be6       0x10 build/usbd_conf.o
                0x0000000008002be6                USBD_LL_StallEP
 .text.USBD_LL_ClearStallEP
                0x0000000008002bf6       0x10 build/usbd_conf.o
                0x0000000008002bf6                USBD_LL_ClearStallEP
 .text.USBD_LL_IsStallEP
                0x0000000008002c06       0x2c build/usbd_conf.o
                0x0000000008002c06                USBD_LL_IsStallEP
 .text.USBD_LL_SetUSBAddress
                0x0000000008002c32       0x10 build/usbd_conf.o
                0x0000000008002c32                USBD_LL_SetUSBAddress
 .text.USBD_LL_Transmit
                0x0000000008002c42       0x10 build/usbd_conf.o
                0x0000000008002c42                USBD_LL_Transmit
 .text.USBD_LL_PrepareReceive
                0x0000000008002c52       0x10 build/usbd_conf.o
                0x0000000008002c52                USBD_LL_PrepareReceive
 .text.USBD_LL_GetRxDataSize
                0x0000000008002c62        0xe build/usbd_conf.o
                0x0000000008002c62                USBD_LL_GetRxDataSize
 .text.USBD_static_malloc
                0x0000000008002c70        0x8 build/usbd_conf.o
                0x0000000008002c70                USBD_static_malloc
 .text.USBD_static_free
                0x0000000008002c78        0x2 build/usbd_conf.o
                0x0000000008002c78                USBD_static_free
 *fill*         0x0000000008002c7a        0x2 
 .text.USBD_VCP_DeviceDescriptor
                0x0000000008002c7c        0xc build/usbd_desc.o
                0x0000000008002c7c                USBD_VCP_DeviceDescriptor
 .text.USBD_VCP_LangIDStrDescriptor
                0x0000000008002c88        0xc build/usbd_desc.o
                0x0000000008002c88                USBD_VCP_LangIDStrDescriptor
 .text.IntToUnicode
                0x0000000008002c94       0x30 build/usbd_desc.o
 .text.Get_SerialNum
                0x0000000008002cc4       0x40 build/usbd_desc.o
 .text.USBD_VCP_SerialStrDescriptor
                0x0000000008002d04       0x14 build/usbd_desc.o
                0x0000000008002d04                USBD_VCP_SerialStrDescriptor
 .text.USBD_VCP_ProductStrDescriptor
                0x0000000008002d18       0x1c build/usbd_desc.o
                0x0000000008002d18                USBD_VCP_ProductStrDescriptor
 .text.USBD_VCP_ManufacturerStrDescriptor
                0x0000000008002d34       0x1c build/usbd_desc.o
                0x0000000008002d34                USBD_VCP_ManufacturerStrDescriptor
 .text.USBD_VCP_ConfigStrDescriptor
                0x0000000008002d50       0x1c build/usbd_desc.o
                0x0000000008002d50                USBD_VCP_ConfigStrDescriptor
 .text.USBD_VCP_InterfaceStrDescriptor
                0x0000000008002d6c       0x1c build/usbd_desc.o
                0x0000000008002d6c                USBD_VCP_InterfaceStrDescriptor
 .text.CDC_Itf_DeInit
                0x0000000008002d88        0x2 build/usbd_cdc_interface.o
 .text.CDC_Itf_Control
                0x0000000008002d8a        0x2 build/usbd_cdc_interface.o
 .text.CDC_Itf_Receive
                0x0000000008002d8c        0x2 build/usbd_cdc_interface.o
 *fill*         0x0000000008002d8e        0x2 
 .text.CDC_Itf_Init
                0x0000000008002d90       0x28 build/usbd_cdc_interface.o
 .text.USBD_Init
                0x0000000008002db8       0x38 build/usbd_core.o
                0x0000000008002db8                USBD_Init
 .text.USBD_RegisterClass
                0x0000000008002df0       0x12 build/usbd_core.o
                0x0000000008002df0                USBD_RegisterClass
 .text.USBD_Start
                0x0000000008002e02        0xa build/usbd_core.o
                0x0000000008002e02                USBD_Start
 .text.USBD_SetClassConfig
                0x0000000008002e0c       0x20 build/usbd_core.o
                0x0000000008002e0c                USBD_SetClassConfig
 .text.USBD_ClrClassConfig
                0x0000000008002e2c       0x10 build/usbd_core.o
                0x0000000008002e2c                USBD_ClrClassConfig
 .text.USBD_LL_SetupStage
                0x0000000008002e3c       0x68 build/usbd_core.o
                0x0000000008002e3c                USBD_LL_SetupStage
 .text.USBD_LL_DataOutStage
                0x0000000008002ea4       0x78 build/usbd_core.o
                0x0000000008002ea4                USBD_LL_DataOutStage
 .text.USBD_LL_DataInStage
                0x0000000008002f1c       0xc2 build/usbd_core.o
                0x0000000008002f1c                USBD_LL_DataInStage
 .text.USBD_LL_Reset
                0x0000000008002fde       0x46 build/usbd_core.o
                0x0000000008002fde                USBD_LL_Reset
 .text.USBD_LL_SetSpeed
                0x0000000008003024        0x6 build/usbd_core.o
                0x0000000008003024                USBD_LL_SetSpeed
 .text.USBD_LL_SOF
                0x000000000800302a       0x20 build/usbd_core.o
                0x000000000800302a                USBD_LL_SOF
 .text.USBD_GetLen
                0x000000000800304a       0x14 build/usbd_ctlreq.o
 .text.USBD_SetFeature
                0x000000000800305e       0x22 build/usbd_ctlreq.o
 .text.USBD_ParseSetupRequest
                0x0000000008003080       0x28 build/usbd_ctlreq.o
                0x0000000008003080                USBD_ParseSetupRequest
 .text.USBD_CtlError
                0x00000000080030a8       0x14 build/usbd_ctlreq.o
                0x00000000080030a8                USBD_CtlError
 .text.USBD_GetDescriptor
                0x00000000080030bc      0x15c build/usbd_ctlreq.o
 .text.USBD_SetAddress
                0x0000000008003218       0x58 build/usbd_ctlreq.o
 .text.USBD_SetConfig
                0x0000000008003270       0xb0 build/usbd_ctlreq.o
 .text.USBD_GetConfig
                0x0000000008003320       0x3c build/usbd_ctlreq.o
 .text.USBD_GetStatus
                0x000000000800335c       0x34 build/usbd_ctlreq.o
 .text.USBD_ClrFeature
                0x0000000008003390       0x36 build/usbd_ctlreq.o
 *fill*         0x00000000080033c6        0x2 
 .text.USBD_StdDevReq
                0x00000000080033c8       0x48 build/usbd_ctlreq.o
                0x00000000080033c8                USBD_StdDevReq
 .text.USBD_StdItfReq
                0x0000000008003410       0x3e build/usbd_ctlreq.o
                0x0000000008003410                USBD_StdItfReq
 .text.USBD_StdEPReq
                0x000000000800344e      0x138 build/usbd_ctlreq.o
                0x000000000800344e                USBD_StdEPReq
 .text.USBD_GetString
                0x0000000008003586       0x3c build/usbd_ctlreq.o
                0x0000000008003586                USBD_GetString
 .text.USBD_CtlSendData
                0x00000000080035c2       0x1c build/usbd_ioreq.o
                0x00000000080035c2                USBD_CtlSendData
 .text.USBD_CtlContinueSendData
                0x00000000080035de       0x10 build/usbd_ioreq.o
                0x00000000080035de                USBD_CtlContinueSendData
 .text.USBD_CtlPrepareRx
                0x00000000080035ee       0x20 build/usbd_ioreq.o
                0x00000000080035ee                USBD_CtlPrepareRx
 .text.USBD_CtlContinueRx
                0x000000000800360e       0x10 build/usbd_ioreq.o
                0x000000000800360e                USBD_CtlContinueRx
 .text.USBD_CtlSendStatus
                0x000000000800361e       0x18 build/usbd_ioreq.o
                0x000000000800361e                USBD_CtlSendStatus
 .text.USBD_CtlReceiveStatus
                0x0000000008003636       0x18 build/usbd_ioreq.o
                0x0000000008003636                USBD_CtlReceiveStatus
 .text.USBD_CDC_DataIn
                0x000000000800364e       0x1a build/usbd_cdc.o
 .text.USBD_CDC_EP0_RxReady
                0x0000000008003668       0x34 build/usbd_cdc.o
 .text.USBD_CDC_GetFSCfgDesc
                0x000000000800369c        0xc build/usbd_cdc.o
 .text.USBD_CDC_GetHSCfgDesc
                0x00000000080036a8        0xc build/usbd_cdc.o
 .text.USBD_CDC_GetOtherSpeedCfgDesc
                0x00000000080036b4        0xc build/usbd_cdc.o
 .text.USBD_CDC_GetDeviceQualifierDescriptor
                0x00000000080036c0        0xc build/usbd_cdc.o
                0x00000000080036c0                USBD_CDC_GetDeviceQualifierDescriptor
 .text.USBD_CDC_DataOut
                0x00000000080036cc       0x36 build/usbd_cdc.o
 *fill*         0x0000000008003702        0x2 
 .text.USBD_CDC_Setup
                0x0000000008003704       0x84 build/usbd_cdc.o
 .text.USBD_CDC_DeInit
                0x0000000008003788       0x40 build/usbd_cdc.o
 .text.USBD_CDC_Init
                0x00000000080037c8       0xa4 build/usbd_cdc.o
 .text.USBD_CDC_RegisterInterface
                0x000000000800386c       0x12 build/usbd_cdc.o
                0x000000000800386c                USBD_CDC_RegisterInterface
 .text.USBD_CDC_SetTxBuffer
                0x000000000800387e       0x16 build/usbd_cdc.o
                0x000000000800387e                USBD_CDC_SetTxBuffer
 .text.USBD_CDC_SetRxBuffer
                0x0000000008003894        0xe build/usbd_cdc.o
                0x0000000008003894                USBD_CDC_SetRxBuffer
 .text.USBD_CDC_TransmitPacket
                0x00000000080038a2       0x3a build/usbd_cdc.o
                0x00000000080038a2                USBD_CDC_TransmitPacket
 .text.SystemInit
                0x00000000080038dc        0x2 build/system_stm32f0xx.o
                0x00000000080038dc                SystemInit
 *fill*         0x00000000080038de        0x2 
 .text.Reset_Handler
                0x00000000080038e0       0x50 build/startup_stm32f072xb.o
                0x00000000080038e0                Reset_Handler
 .text.Default_Handler
                0x0000000008003930        0x2 build/startup_stm32f072xb.o
                0x0000000008003930                TIM1_CC_IRQHandler
                0x0000000008003930                TSC_IRQHandler
                0x0000000008003930                ADC1_COMP_IRQHandler
                0x0000000008003930                I2C1_IRQHandler
                0x0000000008003930                RCC_CRS_IRQHandler
                0x0000000008003930                SPI1_IRQHandler
                0x0000000008003930                TIM6_DAC_IRQHandler
                0x0000000008003930                USART3_4_IRQHandler
                0x0000000008003930                EXTI2_3_IRQHandler
                0x0000000008003930                I2C2_IRQHandler
                0x0000000008003930                TIM17_IRQHandler
                0x0000000008003930                CEC_CAN_IRQHandler
                0x0000000008003930                RTC_IRQHandler
                0x0000000008003930                PVD_VDDIO2_IRQHandler
                0x0000000008003930                DMA1_Channel4_5_6_7_IRQHandler
                0x0000000008003930                TIM16_IRQHandler
                0x0000000008003930                TIM3_IRQHandler
                0x0000000008003930                EXTI4_15_IRQHandler
                0x0000000008003930                Default_Handler
                0x0000000008003930                TIM14_IRQHandler
                0x0000000008003930                TIM7_IRQHandler
                0x0000000008003930                TIM15_IRQHandler
                0x0000000008003930                EXTI0_1_IRQHandler
                0x0000000008003930                SPI2_IRQHandler
                0x0000000008003930                WWDG_IRQHandler
                0x0000000008003930                TIM2_IRQHandler
                0x0000000008003930                DMA1_Channel2_3_IRQHandler
                0x0000000008003930                USART2_IRQHandler
                0x0000000008003930                FLASH_IRQHandler
                0x0000000008003930                USART1_IRQHandler
                0x0000000008003930                TIM1_BRK_UP_TRG_COM_IRQHandler
 *fill*         0x0000000008003932        0x2 
 .text.__libc_init_array
                0x0000000008003934       0x48 /home/janhenrik/programme/gcc-arm-none-eabi-7-2018-q2-update/bin/../lib/gcc/arm-none-eabi/7.3.1/../../../../arm-none-eabi/lib/thumb/v6-m/libc_nano.a(lib_a-init.o)
                0x0000000008003934                __libc_init_array
 .text.memset   0x000000000800397c       0x10 /home/janhenrik/programme/gcc-arm-none-eabi-7-2018-q2-update/bin/../lib/gcc/arm-none-eabi/7.3.1/../../../../arm-none-eabi/lib/thumb/v6-m/libc_nano.a(lib_a-memset.o)
                0x000000000800397c                memset
 .text.sprintf  0x000000000800398c       0x40 /home/janhenrik/programme/gcc-arm-none-eabi-7-2018-q2-update/bin/../lib/gcc/arm-none-eabi/7.3.1/../../../../arm-none-eabi/lib/thumb/v6-m/libc_nano.a(lib_a-sprintf.o)
                0x000000000800398c                sprintf
                0x000000000800398c                siprintf
 .text.__ssputs_r
                0x00000000080039cc       0xc4 /home/janhenrik/programme/gcc-arm-none-eabi-7-2018-q2-update/bin/../lib/gcc/arm-none-eabi/7.3.1/../../../../arm-none-eabi/lib/thumb/v6-m/libc_nano.a(lib_a-nano-svfprintf.o)
                0x00000000080039cc                __ssputs_r
 .text._svfprintf_r
                0x0000000008003a90      0x1fc /home/janhenrik/programme/gcc-arm-none-eabi-7-2018-q2-update/bin/../lib/gcc/arm-none-eabi/7.3.1/../../../../arm-none-eabi/lib/thumb/v6-m/libc_nano.a(lib_a-nano-svfprintf.o)
                0x0000000008003a90                _svfprintf_r
                0x0000000008003a90                _svfiprintf_r
 .text._printf_common
                0x0000000008003c8c       0xda /home/janhenrik/programme/gcc-arm-none-eabi-7-2018-q2-update/bin/../lib/gcc/arm-none-eabi/7.3.1/../../../../arm-none-eabi/lib/thumb/v6-m/libc_nano.a(lib_a-nano-vfprintf_i.o)
                0x0000000008003c8c                _printf_common
 *fill*         0x0000000008003d66        0x2 
 .text._printf_i
                0x0000000008003d68      0x210 /home/janhenrik/programme/gcc-arm-none-eabi-7-2018-q2-update/bin/../lib/gcc/arm-none-eabi/7.3.1/../../../../arm-none-eabi/lib/thumb/v6-m/libc_nano.a(lib_a-nano-vfprintf_i.o)
                0x0000000008003d68                _printf_i
 .text.memchr   0x0000000008003f78       0x16 /home/janhenrik/programme/gcc-arm-none-eabi-7-2018-q2-update/bin/../lib/gcc/arm-none-eabi/7.3.1/../../../../arm-none-eabi/lib/thumb/v6-m/libc_nano.a(lib_a-memchr-stub.o)
                0x0000000008003f78                memchr
 .text.memcpy   0x0000000008003f8e       0x12 /home/janhenrik/programme/gcc-arm-none-eabi-7-2018-q2-update/bin/../lib/gcc/arm-none-eabi/7.3.1/../../../../arm-none-eabi/lib/thumb/v6-m/libc_nano.a(lib_a-memcpy-stub.o)
                0x0000000008003f8e                memcpy
 .text.memmove  0x0000000008003fa0       0x26 /home/janhenrik/programme/gcc-arm-none-eabi-7-2018-q2-update/bin/../lib/gcc/arm-none-eabi/7.3.1/../../../../arm-none-eabi/lib/thumb/v6-m/libc_nano.a(lib_a-memmove.o)
                0x0000000008003fa0                memmove
 *fill*         0x0000000008003fc6        0x2 
 .text._free_r  0x0000000008003fc8       0x94 /home/janhenrik/programme/gcc-arm-none-eabi-7-2018-q2-update/bin/../lib/gcc/arm-none-eabi/7.3.1/../../../../arm-none-eabi/lib/thumb/v6-m/libc_nano.a(lib_a-nano-freer.o)
                0x0000000008003fc8                _free_r
 .text._malloc_r
                0x000000000800405c       0xbc /home/janhenrik/programme/gcc-arm-none-eabi-7-2018-q2-update/bin/../lib/gcc/arm-none-eabi/7.3.1/../../../../arm-none-eabi/lib/thumb/v6-m/libc_nano.a(lib_a-nano-mallocr.o)
                0x000000000800405c                _malloc_r
 .text._realloc_r
                0x0000000008004118       0x4c /home/janhenrik/programme/gcc-arm-none-eabi-7-2018-q2-update/bin/../lib/gcc/arm-none-eabi/7.3.1/../../../../arm-none-eabi/lib/thumb/v6-m/libc_nano.a(lib_a-nano-reallocr.o)
                0x0000000008004118                _realloc_r
 .text._sbrk_r  0x0000000008004164       0x24 /home/janhenrik/programme/gcc-arm-none-eabi-7-2018-q2-update/bin/../lib/gcc/arm-none-eabi/7.3.1/../../../../arm-none-eabi/lib/thumb/v6-m/libc_nano.a(lib_a-sbrkr.o)
                0x0000000008004164                _sbrk_r
 .text.__malloc_lock
                0x0000000008004188        0x2 /home/janhenrik/programme/gcc-arm-none-eabi-7-2018-q2-update/bin/../lib/gcc/arm-none-eabi/7.3.1/../../../../arm-none-eabi/lib/thumb/v6-m/libc_nano.a(lib_a-mlock.o)
                0x0000000008004188                __malloc_lock
 .text.__malloc_unlock
                0x000000000800418a        0x2 /home/janhenrik/programme/gcc-arm-none-eabi-7-2018-q2-update/bin/../lib/gcc/arm-none-eabi/7.3.1/../../../../arm-none-eabi/lib/thumb/v6-m/libc_nano.a(lib_a-mlock.o)
                0x000000000800418a                __malloc_unlock
 .text._malloc_usable_size_r
                0x000000000800418c       0x10 /home/janhenrik/programme/gcc-arm-none-eabi-7-2018-q2-update/bin/../lib/gcc/arm-none-eabi/7.3.1/../../../../arm-none-eabi/lib/thumb/v6-m/libc_nano.a(lib_a-nano-msizer.o)
                0x000000000800418c                _malloc_usable_size_r
 .text._sbrk    0x000000000800419c       0x1c /home/janhenrik/programme/gcc-arm-none-eabi-7-2018-q2-update/bin/../lib/gcc/arm-none-eabi/7.3.1/../../../../arm-none-eabi/lib/thumb/v6-m/libnosys.a(sbrk.o)
                0x000000000800419c                _sbrk
 *(.glue_7)
 .glue_7        0x00000000080041b8        0x0 linker stubs
 *(.glue_7t)
 .glue_7t       0x00000000080041b8        0x0 linker stubs
 *(.eh_frame)
 .eh_frame      0x00000000080041b8        0x0 /home/janhenrik/programme/gcc-arm-none-eabi-7-2018-q2-update/bin/../lib/gcc/arm-none-eabi/7.3.1/thumb/v6-m/crtbegin.o
 *(.init)
 .init          0x00000000080041b8        0x4 /home/janhenrik/programme/gcc-arm-none-eabi-7-2018-q2-update/bin/../lib/gcc/arm-none-eabi/7.3.1/thumb/v6-m/crti.o
                0x00000000080041b8                _init
 .init          0x00000000080041bc        0x8 /home/janhenrik/programme/gcc-arm-none-eabi-7-2018-q2-update/bin/../lib/gcc/arm-none-eabi/7.3.1/thumb/v6-m/crtn.o
 *(.fini)
 .fini          0x00000000080041c4        0x4 /home/janhenrik/programme/gcc-arm-none-eabi-7-2018-q2-update/bin/../lib/gcc/arm-none-eabi/7.3.1/thumb/v6-m/crti.o
                0x00000000080041c4                _fini
 .fini          0x00000000080041c8        0x8 /home/janhenrik/programme/gcc-arm-none-eabi-7-2018-q2-update/bin/../lib/gcc/arm-none-eabi/7.3.1/thumb/v6-m/crtn.o
                0x00000000080041d0                . = ALIGN (0x4)
                0x00000000080041d0                _etext = .

.vfp11_veneer   0x00000000080041d0        0x0
 .vfp11_veneer  0x00000000080041d0        0x0 linker stubs

.v4_bx          0x00000000080041d0        0x0
 .v4_bx         0x00000000080041d0        0x0 linker stubs

.iplt           0x00000000080041d0        0x0
 .iplt          0x00000000080041d0        0x0 /home/janhenrik/programme/gcc-arm-none-eabi-7-2018-q2-update/bin/../lib/gcc/arm-none-eabi/7.3.1/thumb/v6-m/crtbegin.o

.rodata         0x00000000080041d0      0x128
                0x00000000080041d0                . = ALIGN (0x4)
 *(.rodata)
 .rodata        0x00000000080041d0       0x20 build/stm32f0xx_hal_rcc.o
 *(.rodata*)
 .rodata.main.str1.4
                0x00000000080041f0       0x29 build/main.o
 *fill*         0x0000000008004219        0x3 
 .rodata.USBD_LangIDDesc
                0x000000000800421c        0x4 build/usbd_desc.o
                0x000000000800421c                USBD_LangIDDesc
 .rodata.USBD_VCP_ConfigStrDescriptor.str1.4
                0x0000000008004220        0x4 build/usbd_desc.o
 .rodata.USBD_VCP_InterfaceStrDescriptor.str1.4
                0x0000000008004224        0x3 build/usbd_desc.o
 *fill*         0x0000000008004227        0x1 
 .rodata.USBD_VCP_ManufacturerStrDescriptor.str1.4
                0x0000000008004228        0xb build/usbd_desc.o
 *fill*         0x0000000008004233        0x1 
 .rodata.USBD_VCP_ProductStrDescriptor.str1.4
                0x0000000008004234        0xc build/usbd_desc.o
                                          0x9 (size before relaxing)
 .rodata.hUSBDDeviceDesc
                0x0000000008004240       0x12 build/usbd_desc.o
                0x0000000008004240                hUSBDDeviceDesc
 *fill*         0x0000000008004252        0x2 
 .rodata.USBD_GetDescriptor
                0x0000000008004254       0x38 build/usbd_ctlreq.o
 .rodata.USBD_StdDevReq
                0x000000000800428c       0x28 build/usbd_ctlreq.o
 .rodata.AHBPrescTable
                0x00000000080042b4       0x10 build/system_stm32f0xx.o
                0x00000000080042b4                AHBPrescTable
 .rodata._svfprintf_r.str1.1
                0x00000000080042c4       0x11 /home/janhenrik/programme/gcc-arm-none-eabi-7-2018-q2-update/bin/../lib/gcc/arm-none-eabi/7.3.1/../../../../arm-none-eabi/lib/thumb/v6-m/libc_nano.a(lib_a-nano-svfprintf.o)
 .rodata._printf_i.str1.1
                0x00000000080042d5       0x22 /home/janhenrik/programme/gcc-arm-none-eabi-7-2018-q2-update/bin/../lib/gcc/arm-none-eabi/7.3.1/../../../../arm-none-eabi/lib/thumb/v6-m/libc_nano.a(lib_a-nano-vfprintf_i.o)
                0x00000000080042f8                . = ALIGN (0x4)
 *fill*         0x00000000080042f7        0x1 

.rel.dyn        0x00000000080042f8        0x0
 .rel.iplt      0x00000000080042f8        0x0 /home/janhenrik/programme/gcc-arm-none-eabi-7-2018-q2-update/bin/../lib/gcc/arm-none-eabi/7.3.1/thumb/v6-m/crtbegin.o

.ARM.extab
 *(.ARM.extab* .gnu.linkonce.armextab.*)

.ARM            0x00000000080042f8        0x0
                0x00000000080042f8                __exidx_start = .
 *(.ARM.exidx*)
                0x00000000080042f8                __exidx_end = .

.preinit_array  0x00000000080042f8        0x0
                0x00000000080042f8                PROVIDE (__preinit_array_start = .)
 *(.preinit_array*)
                0x00000000080042f8                PROVIDE (__preinit_array_end = .)

.init_array     0x00000000080042f8        0x4
                0x00000000080042f8                PROVIDE (__init_array_start = .)
 *(SORT_BY_NAME(.init_array.*))
 *(.init_array*)
 .init_array    0x00000000080042f8        0x4 /home/janhenrik/programme/gcc-arm-none-eabi-7-2018-q2-update/bin/../lib/gcc/arm-none-eabi/7.3.1/thumb/v6-m/crtbegin.o
                0x00000000080042fc                PROVIDE (__init_array_end = .)

.fini_array     0x00000000080042fc        0x4
                [!provide]                        PROVIDE (__fini_array_start = .)
 *(SORT_BY_NAME(.fini_array.*))
 *(.fini_array*)
 .fini_array    0x00000000080042fc        0x4 /home/janhenrik/programme/gcc-arm-none-eabi-7-2018-q2-update/bin/../lib/gcc/arm-none-eabi/7.3.1/thumb/v6-m/crtbegin.o
                [!provide]                        PROVIDE (__fini_array_end = .)
                0x0000000008004300                _sidata = LOADADDR (.data)

.data           0x0000000020000000      0x1c8 load address 0x0000000008004300
                0x0000000020000000                . = ALIGN (0x4)
                0x0000000020000000                _sdata = .
 *(.data)
 *(.data*)
 .data.uwTickFreq
                0x0000000020000000        0x1 build/stm32f0xx_hal.o
                0x0000000020000000                uwTickFreq
 *fill*         0x0000000020000001        0x3 
 .data.uwTickPrio
                0x0000000020000004        0x4 build/stm32f0xx_hal.o
                0x0000000020000004                uwTickPrio
 .data.USBD_StringSerial
                0x0000000020000008       0x1a build/usbd_desc.o
                0x0000000020000008                USBD_StringSerial
 *fill*         0x0000000020000022        0x2 
 .data.VCP_Desc
                0x0000000020000024       0x1c build/usbd_desc.o
                0x0000000020000024                VCP_Desc
 .data.USBD_CDC_fops
                0x0000000020000040       0x10 build/usbd_cdc_interface.o
                0x0000000020000040                USBD_CDC_fops
 .data.USBD_CDC
                0x0000000020000050       0x38 build/usbd_cdc.o
                0x0000000020000050                USBD_CDC
 .data.USBD_CDC_CfgFSDesc
                0x0000000020000088       0x43 build/usbd_cdc.o
                0x0000000020000088                USBD_CDC_CfgFSDesc
 *fill*         0x00000000200000cb        0x1 
 .data.USBD_CDC_CfgHSDesc
                0x00000000200000cc       0x43 build/usbd_cdc.o
                0x00000000200000cc                USBD_CDC_CfgHSDesc
 *fill*         0x000000002000010f        0x1 
 .data.USBD_CDC_DeviceQualifierDesc
                0x0000000020000110        0xa build/usbd_cdc.o
 *fill*         0x000000002000011a        0x2 
 .data.USBD_CDC_OtherSpeedCfgDesc
                0x000000002000011c       0x43 build/usbd_cdc.o
                0x000000002000011c                USBD_CDC_OtherSpeedCfgDesc
 *fill*         0x000000002000015f        0x1 
 .data.SystemCoreClock
                0x0000000020000160        0x4 build/system_stm32f0xx.o
                0x0000000020000160                SystemCoreClock
 .data._impure_ptr
                0x0000000020000164        0x4 /home/janhenrik/programme/gcc-arm-none-eabi-7-2018-q2-update/bin/../lib/gcc/arm-none-eabi/7.3.1/../../../../arm-none-eabi/lib/thumb/v6-m/libc_nano.a(lib_a-impure.o)
                0x0000000020000164                _impure_ptr
 .data.impure_data
                0x0000000020000168       0x60 /home/janhenrik/programme/gcc-arm-none-eabi-7-2018-q2-update/bin/../lib/gcc/arm-none-eabi/7.3.1/../../../../arm-none-eabi/lib/thumb/v6-m/libc_nano.a(lib_a-impure.o)
                0x00000000200001c8                . = ALIGN (0x4)
                0x00000000200001c8                _edata = .

.igot.plt       0x00000000200001c8        0x0 load address 0x00000000080044c8
 .igot.plt      0x00000000200001c8        0x0 /home/janhenrik/programme/gcc-arm-none-eabi-7-2018-q2-update/bin/../lib/gcc/arm-none-eabi/7.3.1/thumb/v6-m/crtbegin.o
                0x00000000200001c8                . = ALIGN (0x4)

.bss            0x00000000200001c8      0xf58 load address 0x00000000080044c8
                0x00000000200001c8                _sbss = .
                0x00000000200001c8                __bss_start__ = _sbss
 *(.bss)
 .bss           0x00000000200001c8       0x1c /home/janhenrik/programme/gcc-arm-none-eabi-7-2018-q2-update/bin/../lib/gcc/arm-none-eabi/7.3.1/thumb/v6-m/crtbegin.o
 *(.bss*)
 .bss.mem.7910  0x00000000200001e4      0x230 build/usbd_conf.o
 .bss.cfgidx.7846
                0x0000000020000414        0x1 build/usbd_ctlreq.o
 .bss.ifalt.7841
                0x0000000020000415        0x1 build/usbd_cdc.o
 *fill*         0x0000000020000416        0x2 
 .bss.__malloc_free_list
                0x0000000020000418        0x4 /home/janhenrik/programme/gcc-arm-none-eabi-7-2018-q2-update/bin/../lib/gcc/arm-none-eabi/7.3.1/../../../../arm-none-eabi/lib/thumb/v6-m/libc_nano.a(lib_a-nano-mallocr.o)
                0x0000000020000418                __malloc_free_list
 .bss.__malloc_sbrk_start
                0x000000002000041c        0x4 /home/janhenrik/programme/gcc-arm-none-eabi-7-2018-q2-update/bin/../lib/gcc/arm-none-eabi/7.3.1/../../../../arm-none-eabi/lib/thumb/v6-m/libc_nano.a(lib_a-nano-mallocr.o)
                0x000000002000041c                __malloc_sbrk_start
 .bss.heap_end.4102
                0x0000000020000420        0x4 /home/janhenrik/programme/gcc-arm-none-eabi-7-2018-q2-update/bin/../lib/gcc/arm-none-eabi/7.3.1/../../../../arm-none-eabi/lib/thumb/v6-m/libnosys.a(sbrk.o)
 *(COMMON)
 COMMON         0x0000000020000424      0x980 build/main.o
                0x0000000020000424                USBD_Device
                0x0000000020000698                UserTxBuffer
                0x0000000020000898                sendDataUSB
                0x000000002000089c                UserRxBuffer
                0x0000000020000a9c                hdma_adc
                0x0000000020000ae0                hpcd_USB_FS
                0x0000000020000d54                ADCval
                0x0000000020000d64                hadc
 COMMON         0x0000000020000da4        0x4 build/stm32f0xx_hal.o
                0x0000000020000da4                uwTick
 COMMON         0x0000000020000da8      0x274 build/usbd_conf.o
                0x0000000020000da8                hpcd
 COMMON         0x000000002000101c      0x100 build/usbd_desc.o
                0x000000002000101c                USBD_StrDesc
 COMMON         0x000000002000111c        0x4 /home/janhenrik/programme/gcc-arm-none-eabi-7-2018-q2-update/bin/../lib/gcc/arm-none-eabi/7.3.1/../../../../arm-none-eabi/lib/thumb/v6-m/libc_nano.a(lib_a-reent.o)
                0x000000002000111c                errno
                0x0000000020001120                . = ALIGN (0x4)
                0x0000000020001120                _ebss = .
                0x0000000020001120                __bss_end__ = _ebss

._user_heap_stack
                0x0000000020001120      0x600 load address 0x00000000080044c8
                0x0000000020001120                . = ALIGN (0x8)
                0x0000000020001120                PROVIDE (end = .)
                [!provide]                        PROVIDE (_end = .)
                0x0000000020001320                . = (. + _Min_Heap_Size)
 *fill*         0x0000000020001120      0x200 
                0x0000000020001720                . = (. + _Min_Stack_Size)
 *fill*         0x0000000020001320      0x400 
                0x0000000020001720                . = ALIGN (0x8)

/DISCARD/
 libc.a(*)
 libm.a(*)
 libgcc.a(*)

.ARM.attributes
                0x0000000000000000       0x28
 *(.ARM.attributes)
 .ARM.attributes
                0x0000000000000000       0x1e /home/janhenrik/programme/gcc-arm-none-eabi-7-2018-q2-update/bin/../lib/gcc/arm-none-eabi/7.3.1/thumb/v6-m/crti.o
 .ARM.attributes
                0x000000000000001e       0x2c /home/janhenrik/programme/gcc-arm-none-eabi-7-2018-q2-update/bin/../lib/gcc/arm-none-eabi/7.3.1/thumb/v6-m/crtbegin.o
 .ARM.attributes
                0x000000000000004a       0x31 build/main.o
 .ARM.attributes
                0x000000000000007b       0x31 build/stm32f0xx_it.o
 .ARM.attributes
                0x00000000000000ac       0x31 build/stm32f0xx_hal_msp.o
 .ARM.attributes
                0x00000000000000dd       0x31 build/stm32f0xx_ll_usb.o
 .ARM.attributes
                0x000000000000010e       0x31 build/stm32f0xx_hal_adc.o
 .ARM.attributes
                0x000000000000013f       0x31 build/stm32f0xx_hal_rcc.o
 .ARM.attributes
                0x0000000000000170       0x31 build/stm32f0xx_hal_rcc_ex.o
 .ARM.attributes
                0x00000000000001a1       0x31 build/stm32f0xx_hal.o
 .ARM.attributes
                0x00000000000001d2       0x31 build/stm32f0xx_hal_gpio.o
 .ARM.attributes
                0x0000000000000203       0x31 build/stm32f0xx_hal_dma.o
 .ARM.attributes
                0x0000000000000234       0x31 build/stm32f0xx_hal_cortex.o
 .ARM.attributes
                0x0000000000000265       0x31 build/stm32f0xx_hal_pcd.o
 .ARM.attributes
                0x0000000000000296       0x31 build/stm32f0xx_hal_pcd_ex.o
 .ARM.attributes
                0x00000000000002c7       0x31 build/usbd_conf.o
 .ARM.attributes
                0x00000000000002f8       0x31 build/usbd_desc.o
 .ARM.attributes
                0x0000000000000329       0x31 build/usbd_cdc_interface.o
 .ARM.attributes
                0x000000000000035a       0x31 build/usbd_core.o
 .ARM.attributes
                0x000000000000038b       0x31 build/usbd_ctlreq.o
 .ARM.attributes
                0x00000000000003bc       0x31 build/usbd_ioreq.o
 .ARM.attributes
                0x00000000000003ed       0x31 build/usbd_cdc.o
 .ARM.attributes
                0x000000000000041e       0x31 build/system_stm32f0xx.o
 .ARM.attributes
                0x000000000000044f       0x21 build/startup_stm32f072xb.o
 .ARM.attributes
                0x0000000000000470       0x2c /home/janhenrik/programme/gcc-arm-none-eabi-7-2018-q2-update/bin/../lib/gcc/arm-none-eabi/7.3.1/../../../../arm-none-eabi/lib/thumb/v6-m/libc_nano.a(lib_a-impure.o)
 .ARM.attributes
                0x000000000000049c       0x2c /home/janhenrik/programme/gcc-arm-none-eabi-7-2018-q2-update/bin/../lib/gcc/arm-none-eabi/7.3.1/../../../../arm-none-eabi/lib/thumb/v6-m/libc_nano.a(lib_a-init.o)
 .ARM.attributes
                0x00000000000004c8       0x2c /home/janhenrik/programme/gcc-arm-none-eabi-7-2018-q2-update/bin/../lib/gcc/arm-none-eabi/7.3.1/../../../../arm-none-eabi/lib/thumb/v6-m/libc_nano.a(lib_a-memset.o)
 .ARM.attributes
                0x00000000000004f4       0x2c /home/janhenrik/programme/gcc-arm-none-eabi-7-2018-q2-update/bin/../lib/gcc/arm-none-eabi/7.3.1/../../../../arm-none-eabi/lib/thumb/v6-m/libc_nano.a(lib_a-sprintf.o)
 .ARM.attributes
                0x0000000000000520       0x2c /home/janhenrik/programme/gcc-arm-none-eabi-7-2018-q2-update/bin/../lib/gcc/arm-none-eabi/7.3.1/../../../../arm-none-eabi/lib/thumb/v6-m/libc_nano.a(lib_a-nano-svfprintf.o)
 .ARM.attributes
                0x000000000000054c       0x2c /home/janhenrik/programme/gcc-arm-none-eabi-7-2018-q2-update/bin/../lib/gcc/arm-none-eabi/7.3.1/../../../../arm-none-eabi/lib/thumb/v6-m/libc_nano.a(lib_a-nano-vfprintf_i.o)
 .ARM.attributes
                0x0000000000000578       0x2c /home/janhenrik/programme/gcc-arm-none-eabi-7-2018-q2-update/bin/../lib/gcc/arm-none-eabi/7.3.1/../../../../arm-none-eabi/lib/thumb/v6-m/libc_nano.a(lib_a-memchr-stub.o)
 .ARM.attributes
                0x00000000000005a4       0x2c /home/janhenrik/programme/gcc-arm-none-eabi-7-2018-q2-update/bin/../lib/gcc/arm-none-eabi/7.3.1/../../../../arm-none-eabi/lib/thumb/v6-m/libc_nano.a(lib_a-memcpy-stub.o)
 .ARM.attributes
                0x00000000000005d0       0x2c /home/janhenrik/programme/gcc-arm-none-eabi-7-2018-q2-update/bin/../lib/gcc/arm-none-eabi/7.3.1/../../../../arm-none-eabi/lib/thumb/v6-m/libc_nano.a(lib_a-memmove.o)
 .ARM.attributes
                0x00000000000005fc       0x2c /home/janhenrik/programme/gcc-arm-none-eabi-7-2018-q2-update/bin/../lib/gcc/arm-none-eabi/7.3.1/../../../../arm-none-eabi/lib/thumb/v6-m/libc_nano.a(lib_a-nano-freer.o)
 .ARM.attributes
                0x0000000000000628       0x2c /home/janhenrik/programme/gcc-arm-none-eabi-7-2018-q2-update/bin/../lib/gcc/arm-none-eabi/7.3.1/../../../../arm-none-eabi/lib/thumb/v6-m/libc_nano.a(lib_a-nano-mallocr.o)
 .ARM.attributes
                0x0000000000000654       0x2c /home/janhenrik/programme/gcc-arm-none-eabi-7-2018-q2-update/bin/../lib/gcc/arm-none-eabi/7.3.1/../../../../arm-none-eabi/lib/thumb/v6-m/libc_nano.a(lib_a-nano-reallocr.o)
 .ARM.attributes
                0x0000000000000680       0x2c /home/janhenrik/programme/gcc-arm-none-eabi-7-2018-q2-update/bin/../lib/gcc/arm-none-eabi/7.3.1/../../../../arm-none-eabi/lib/thumb/v6-m/libc_nano.a(lib_a-sbrkr.o)
 .ARM.attributes
                0x00000000000006ac       0x2c /home/janhenrik/programme/gcc-arm-none-eabi-7-2018-q2-update/bin/../lib/gcc/arm-none-eabi/7.3.1/../../../../arm-none-eabi/lib/thumb/v6-m/libc_nano.a(lib_a-mlock.o)
 .ARM.attributes
                0x00000000000006d8       0x2c /home/janhenrik/programme/gcc-arm-none-eabi-7-2018-q2-update/bin/../lib/gcc/arm-none-eabi/7.3.1/../../../../arm-none-eabi/lib/thumb/v6-m/libc_nano.a(lib_a-nano-msizer.o)
 .ARM.attributes
                0x0000000000000704       0x2c /home/janhenrik/programme/gcc-arm-none-eabi-7-2018-q2-update/bin/../lib/gcc/arm-none-eabi/7.3.1/../../../../arm-none-eabi/lib/thumb/v6-m/libc_nano.a(lib_a-reent.o)
 .ARM.attributes
                0x0000000000000730       0x2c /home/janhenrik/programme/gcc-arm-none-eabi-7-2018-q2-update/bin/../lib/gcc/arm-none-eabi/7.3.1/../../../../arm-none-eabi/lib/thumb/v6-m/libnosys.a(sbrk.o)
 .ARM.attributes
                0x000000000000075c       0x1e /home/janhenrik/programme/gcc-arm-none-eabi-7-2018-q2-update/bin/../lib/gcc/arm-none-eabi/7.3.1/thumb/v6-m/libgcc.a(_udivsi3.o)
 .ARM.attributes
                0x000000000000077a       0x1e /home/janhenrik/programme/gcc-arm-none-eabi-7-2018-q2-update/bin/../lib/gcc/arm-none-eabi/7.3.1/thumb/v6-m/libgcc.a(_dvmd_tls.o)
 .ARM.attributes
                0x0000000000000798       0x1e /home/janhenrik/programme/gcc-arm-none-eabi-7-2018-q2-update/bin/../lib/gcc/arm-none-eabi/7.3.1/thumb/v6-m/crtn.o
OUTPUT(build/midi-dials.elf elf32-littlearm)

.debug_info     0x0000000000000000    0x16c86
 .debug_info    0x0000000000000000     0x2502 build/main.o
 .debug_info    0x0000000000002502     0x1915 build/stm32f0xx_it.o
 .debug_info    0x0000000000003e17     0x186b build/stm32f0xx_hal_msp.o
 .debug_info    0x0000000000005682     0x16b5 build/stm32f0xx_ll_usb.o
 .debug_info    0x0000000000006d37      0xfdf build/stm32f0xx_hal_adc.o
 .debug_info    0x0000000000007d16      0xade build/stm32f0xx_hal_rcc.o
 .debug_info    0x00000000000087f4      0x7c3 build/stm32f0xx_hal_rcc_ex.o
 .debug_info    0x0000000000008fb7      0x7f4 build/stm32f0xx_hal.o
 .debug_info    0x00000000000097ab      0x703 build/stm32f0xx_hal_gpio.o
 .debug_info    0x0000000000009eae      0x8ea build/stm32f0xx_hal_dma.o
 .debug_info    0x000000000000a798      0x8b7 build/stm32f0xx_hal_cortex.o
 .debug_info    0x000000000000b04f     0x13e4 build/stm32f0xx_hal_pcd.o
 .debug_info    0x000000000000c433      0xa73 build/stm32f0xx_hal_pcd_ex.o
 .debug_info    0x000000000000cea6     0x226f build/usbd_conf.o
 .debug_info    0x000000000000f115      0xefa build/usbd_desc.o
 .debug_info    0x000000000001000f     0x1154 build/usbd_cdc_interface.o
 .debug_info    0x0000000000011163     0x16b2 build/usbd_core.o
 .debug_info    0x0000000000012815     0x187f build/usbd_ctlreq.o
 .debug_info    0x0000000000014094     0x1189 build/usbd_ioreq.o
 .debug_info    0x000000000001521d     0x1774 build/usbd_cdc.o
 .debug_info    0x0000000000016991      0x2d3 build/system_stm32f0xx.o
 .debug_info    0x0000000000016c64       0x22 build/startup_stm32f072xb.o

.debug_abbrev   0x0000000000000000     0x3444
 .debug_abbrev  0x0000000000000000      0x2ac build/main.o
 .debug_abbrev  0x00000000000002ac      0x246 build/stm32f0xx_it.o
 .debug_abbrev  0x00000000000004f2      0x26f build/stm32f0xx_hal_msp.o
 .debug_abbrev  0x0000000000000761      0x303 build/stm32f0xx_ll_usb.o
 .debug_abbrev  0x0000000000000a64      0x28c build/stm32f0xx_hal_adc.o
 .debug_abbrev  0x0000000000000cf0      0x269 build/stm32f0xx_hal_rcc.o
 .debug_abbrev  0x0000000000000f59      0x208 build/stm32f0xx_hal_rcc_ex.o
 .debug_abbrev  0x0000000000001161      0x209 build/stm32f0xx_hal.o
 .debug_abbrev  0x000000000000136a      0x213 build/stm32f0xx_hal_gpio.o
 .debug_abbrev  0x000000000000157d      0x252 build/stm32f0xx_hal_dma.o
 .debug_abbrev  0x00000000000017cf      0x279 build/stm32f0xx_hal_cortex.o
 .debug_abbrev  0x0000000000001a48      0x2c8 build/stm32f0xx_hal_pcd.o
 .debug_abbrev  0x0000000000001d10      0x256 build/stm32f0xx_hal_pcd_ex.o
 .debug_abbrev  0x0000000000001f66      0x35f build/usbd_conf.o
 .debug_abbrev  0x00000000000022c5      0x28e build/usbd_desc.o
 .debug_abbrev  0x0000000000002553      0x282 build/usbd_cdc_interface.o
 .debug_abbrev  0x00000000000027d5      0x2e2 build/usbd_core.o
 .debug_abbrev  0x0000000000002ab7      0x325 build/usbd_ctlreq.o
 .debug_abbrev  0x0000000000002ddc      0x1f7 build/usbd_ioreq.o
 .debug_abbrev  0x0000000000002fd3      0x335 build/usbd_cdc.o
 .debug_abbrev  0x0000000000003308      0x12a build/system_stm32f0xx.o
 .debug_abbrev  0x0000000000003432       0x12 build/startup_stm32f072xb.o

.debug_loc      0x0000000000000000     0x81ba
 .debug_loc     0x0000000000000000      0x109 build/main.o
 .debug_loc     0x0000000000000109       0x80 build/stm32f0xx_it.o
 .debug_loc     0x0000000000000189       0xe5 build/stm32f0xx_hal_msp.o
 .debug_loc     0x000000000000026e     0x1233 build/stm32f0xx_ll_usb.o
 .debug_loc     0x00000000000014a1      0xec0 build/stm32f0xx_hal_adc.o
 .debug_loc     0x0000000000002361      0x61b build/stm32f0xx_hal_rcc.o
 .debug_loc     0x000000000000297c      0x857 build/stm32f0xx_hal_rcc_ex.o
 .debug_loc     0x00000000000031d3      0x1bb build/stm32f0xx_hal.o
 .debug_loc     0x000000000000338e      0x3e1 build/stm32f0xx_hal_gpio.o
 .debug_loc     0x000000000000376f      0x973 build/stm32f0xx_hal_dma.o
 .debug_loc     0x00000000000040e2      0x3f7 build/stm32f0xx_hal_cortex.o
 .debug_loc     0x00000000000044d9      0xd92 build/stm32f0xx_hal_pcd.o
 .debug_loc     0x000000000000526b      0x20b build/stm32f0xx_hal_pcd_ex.o
 .debug_loc     0x0000000000005476      0x997 build/usbd_conf.o
 .debug_loc     0x0000000000005e0d      0x33a build/usbd_desc.o
 .debug_loc     0x0000000000006147       0x62 build/usbd_cdc_interface.o
 .debug_loc     0x00000000000061a9      0x8c4 build/usbd_core.o
 .debug_loc     0x0000000000006a6d      0xc9d build/usbd_ctlreq.o
 .debug_loc     0x000000000000770a      0x31c build/usbd_ioreq.o
 .debug_loc     0x0000000000007a26      0x649 build/usbd_cdc.o
 .debug_loc     0x000000000000806f      0x14b build/system_stm32f0xx.o

.debug_aranges  0x0000000000000000      0xb70
 .debug_aranges
                0x0000000000000000       0x48 build/main.o
 .debug_aranges
                0x0000000000000048       0x50 build/stm32f0xx_it.o
 .debug_aranges
                0x0000000000000098       0x30 build/stm32f0xx_hal_msp.o
 .debug_aranges
                0x00000000000000c8      0x108 build/stm32f0xx_ll_usb.o
 .debug_aranges
                0x00000000000001d0       0xf8 build/stm32f0xx_hal_adc.o
 .debug_aranges
                0x00000000000002c8       0x80 build/stm32f0xx_hal_rcc.o
 .debug_aranges
                0x0000000000000348       0x78 build/stm32f0xx_hal_rcc_ex.o
 .debug_aranges
                0x00000000000003c0       0xd0 build/stm32f0xx_hal.o
 .debug_aranges
                0x0000000000000490       0x58 build/stm32f0xx_hal_gpio.o
 .debug_aranges
                0x00000000000004e8       0x88 build/stm32f0xx_hal_dma.o
 .debug_aranges
                0x0000000000000570       0x78 build/stm32f0xx_hal_cortex.o
 .debug_aranges
                0x00000000000005e8      0x120 build/stm32f0xx_hal_pcd.o
 .debug_aranges
                0x0000000000000708       0x58 build/stm32f0xx_hal_pcd_ex.o
 .debug_aranges
                0x0000000000000760      0x108 build/usbd_conf.o
 .debug_aranges
                0x0000000000000868       0x60 build/usbd_desc.o
 .debug_aranges
                0x00000000000008c8       0x38 build/usbd_cdc_interface.o
 .debug_aranges
                0x0000000000000900       0xb8 build/usbd_core.o
 .debug_aranges
                0x00000000000009b8       0x88 build/usbd_ctlreq.o
 .debug_aranges
                0x0000000000000a40       0x50 build/usbd_ioreq.o
 .debug_aranges
                0x0000000000000a90       0x90 build/usbd_cdc.o
 .debug_aranges
                0x0000000000000b20       0x28 build/system_stm32f0xx.o
 .debug_aranges
                0x0000000000000b48       0x28 build/startup_stm32f072xb.o

.debug_ranges   0x0000000000000000      0xbf8
 .debug_ranges  0x0000000000000000       0x38 build/main.o
 .debug_ranges  0x0000000000000038       0x40 build/stm32f0xx_it.o
 .debug_ranges  0x0000000000000078       0x20 build/stm32f0xx_hal_msp.o
 .debug_ranges  0x0000000000000098      0x218 build/stm32f0xx_ll_usb.o
 .debug_ranges  0x00000000000002b0       0xe8 build/stm32f0xx_hal_adc.o
 .debug_ranges  0x0000000000000398       0x88 build/stm32f0xx_hal_rcc.o
 .debug_ranges  0x0000000000000420       0x80 build/stm32f0xx_hal_rcc_ex.o
 .debug_ranges  0x00000000000004a0       0xc0 build/stm32f0xx_hal.o
 .debug_ranges  0x0000000000000560       0x48 build/stm32f0xx_hal_gpio.o
 .debug_ranges  0x00000000000005a8       0x78 build/stm32f0xx_hal_dma.o
 .debug_ranges  0x0000000000000620       0xc8 build/stm32f0xx_hal_cortex.o
 .debug_ranges  0x00000000000006e8      0x140 build/stm32f0xx_hal_pcd.o
 .debug_ranges  0x0000000000000828       0x48 build/stm32f0xx_hal_pcd_ex.o
 .debug_ranges  0x0000000000000870       0xf8 build/usbd_conf.o
 .debug_ranges  0x0000000000000968       0x50 build/usbd_desc.o
 .debug_ranges  0x00000000000009b8       0x28 build/usbd_cdc_interface.o
 .debug_ranges  0x00000000000009e0       0xa8 build/usbd_core.o
 .debug_ranges  0x0000000000000a88       0x78 build/usbd_ctlreq.o
 .debug_ranges  0x0000000000000b00       0x40 build/usbd_ioreq.o
 .debug_ranges  0x0000000000000b40       0x80 build/usbd_cdc.o
 .debug_ranges  0x0000000000000bc0       0x18 build/system_stm32f0xx.o
 .debug_ranges  0x0000000000000bd8       0x20 build/startup_stm32f072xb.o

.debug_line     0x0000000000000000     0x5e2c
 .debug_line    0x0000000000000000      0x512 build/main.o
 .debug_line    0x0000000000000512      0x426 build/stm32f0xx_it.o
 .debug_line    0x0000000000000938      0x410 build/stm32f0xx_hal_msp.o
 .debug_line    0x0000000000000d48      0x68a build/stm32f0xx_ll_usb.o
 .debug_line    0x00000000000013d2      0x762 build/stm32f0xx_hal_adc.o
 .debug_line    0x0000000000001b34      0x4e6 build/stm32f0xx_hal_rcc.o
 .debug_line    0x000000000000201a      0x468 build/stm32f0xx_hal_rcc_ex.o
 .debug_line    0x0000000000002482      0x3bb build/stm32f0xx_hal.o
 .debug_line    0x000000000000283d      0x33c build/stm32f0xx_hal_gpio.o
 .debug_line    0x0000000000002b79      0x43d build/stm32f0xx_hal_dma.o
 .debug_line    0x0000000000002fb6      0x372 build/stm32f0xx_hal_cortex.o
 .debug_line    0x0000000000003328      0x6d2 build/stm32f0xx_hal_pcd.o
 .debug_line    0x00000000000039fa      0x2bb build/stm32f0xx_hal_pcd_ex.o
 .debug_line    0x0000000000003cb5      0x5f5 build/usbd_conf.o
 .debug_line    0x00000000000042aa      0x38e build/usbd_desc.o
 .debug_line    0x0000000000004638      0x35d build/usbd_cdc_interface.o
 .debug_line    0x0000000000004995      0x500 build/usbd_core.o
 .debug_line    0x0000000000004e95      0x512 build/usbd_ctlreq.o
 .debug_line    0x00000000000053a7      0x366 build/usbd_ioreq.o
 .debug_line    0x000000000000570d      0x4da build/usbd_cdc.o
 .debug_line    0x0000000000005be7      0x1ce build/system_stm32f0xx.o
 .debug_line    0x0000000000005db5       0x77 build/startup_stm32f072xb.o

.debug_str      0x0000000000000000     0x374d
 .debug_str     0x0000000000000000     0x15a3 build/main.o
                                       0x170e (size before relaxing)
 .debug_str     0x00000000000015a3       0xbb build/stm32f0xx_it.o
                                       0x1001 (size before relaxing)
 .debug_str     0x000000000000165e       0x98 build/stm32f0xx_hal_msp.o
                                        0xf01 (size before relaxing)
 .debug_str     0x00000000000016f6      0x367 build/stm32f0xx_ll_usb.o
                                        0x7c8 (size before relaxing)
 .debug_str     0x0000000000001a5d      0x2f7 build/stm32f0xx_hal_adc.o
                                        0x971 (size before relaxing)
 .debug_str     0x0000000000001d54      0x204 build/stm32f0xx_hal_rcc.o
                                        0x6b6 (size before relaxing)
 .debug_str     0x0000000000001f58      0x297 build/stm32f0xx_hal_rcc_ex.o
                                        0x6ae (size before relaxing)
 .debug_str     0x00000000000021ef      0x1db build/stm32f0xx_hal.o
                                        0x70a (size before relaxing)
 .debug_str     0x00000000000023ca      0x108 build/stm32f0xx_hal_gpio.o
                                        0x4a1 (size before relaxing)
 .debug_str     0x00000000000024d2      0x201 build/stm32f0xx_hal_dma.o
                                        0x6b6 (size before relaxing)
 .debug_str     0x00000000000026d3      0x24d build/stm32f0xx_hal_cortex.o
                                        0x6f4 (size before relaxing)
 .debug_str     0x0000000000002920      0x358 build/stm32f0xx_hal_pcd.o
                                        0xacf (size before relaxing)
 .debug_str     0x0000000000002c78      0x191 build/stm32f0xx_hal_pcd_ex.o
                                        0x7f8 (size before relaxing)
 .debug_str     0x0000000000002e09      0x23a build/usbd_conf.o
                                       0x14ff (size before relaxing)
 .debug_str     0x0000000000003043      0x175 build/usbd_desc.o
                                        0x8c0 (size before relaxing)
 .debug_str     0x00000000000031b8       0xb3 build/usbd_cdc_interface.o
                                        0xb18 (size before relaxing)
 .debug_str     0x000000000000326b      0x15d build/usbd_core.o
                                        0xc9e (size before relaxing)
 .debug_str     0x00000000000033c8       0xe2 build/usbd_ctlreq.o
                                        0xbb8 (size before relaxing)
 .debug_str     0x00000000000034aa       0x60 build/usbd_ioreq.o
                                        0xae5 (size before relaxing)
 .debug_str     0x000000000000350a      0x1e7 build/usbd_cdc.o
                                        0xd2d (size before relaxing)
 .debug_str     0x00000000000036f1       0x38 build/system_stm32f0xx.o
                                        0x2cd (size before relaxing)
 .debug_str     0x0000000000003729       0x24 build/startup_stm32f072xb.o
                                         0x4e (size before relaxing)

.comment        0x0000000000000000       0x7f
 .comment       0x0000000000000000       0x7f build/main.o
                                         0x80 (size before relaxing)
 .comment       0x000000000000007f       0x80 build/stm32f0xx_it.o
 .comment       0x000000000000007f       0x80 build/stm32f0xx_hal_msp.o
 .comment       0x000000000000007f       0x80 build/stm32f0xx_ll_usb.o
 .comment       0x000000000000007f       0x80 build/stm32f0xx_hal_adc.o
 .comment       0x000000000000007f       0x80 build/stm32f0xx_hal_rcc.o
 .comment       0x000000000000007f       0x80 build/stm32f0xx_hal_rcc_ex.o
 .comment       0x000000000000007f       0x80 build/stm32f0xx_hal.o
 .comment       0x000000000000007f       0x80 build/stm32f0xx_hal_gpio.o
 .comment       0x000000000000007f       0x80 build/stm32f0xx_hal_dma.o
 .comment       0x000000000000007f       0x80 build/stm32f0xx_hal_cortex.o
 .comment       0x000000000000007f       0x80 build/stm32f0xx_hal_pcd.o
 .comment       0x000000000000007f       0x80 build/stm32f0xx_hal_pcd_ex.o
 .comment       0x000000000000007f       0x80 build/usbd_conf.o
 .comment       0x000000000000007f       0x80 build/usbd_desc.o
 .comment       0x000000000000007f       0x80 build/usbd_cdc_interface.o
 .comment       0x000000000000007f       0x80 build/usbd_core.o
 .comment       0x000000000000007f       0x80 build/usbd_ctlreq.o
 .comment       0x000000000000007f       0x80 build/usbd_ioreq.o
 .comment       0x000000000000007f       0x80 build/usbd_cdc.o
 .comment       0x000000000000007f       0x80 build/system_stm32f0xx.o

.debug_frame    0x0000000000000000     0x2054
 .debug_frame   0x0000000000000000       0xdc build/main.o
 .debug_frame   0x00000000000000dc       0xb4 build/stm32f0xx_it.o
 .debug_frame   0x0000000000000190       0x60 build/stm32f0xx_hal_msp.o
 .debug_frame   0x00000000000001f0      0x254 build/stm32f0xx_ll_usb.o
 .debug_frame   0x0000000000000444      0x2f8 build/stm32f0xx_hal_adc.o
 .debug_frame   0x000000000000073c      0x15c build/stm32f0xx_hal_rcc.o
 .debug_frame   0x0000000000000898      0x10c build/stm32f0xx_hal_rcc_ex.o
 .debug_frame   0x00000000000009a4      0x1c0 build/stm32f0xx_hal.o
 .debug_frame   0x0000000000000b64       0xd8 build/stm32f0xx_hal_gpio.o
 .debug_frame   0x0000000000000c3c      0x198 build/stm32f0xx_hal_dma.o
 .debug_frame   0x0000000000000dd4       0xec build/stm32f0xx_hal_cortex.o
 .debug_frame   0x0000000000000ec0      0x330 build/stm32f0xx_hal_pcd.o
 .debug_frame   0x00000000000011f0       0xac build/stm32f0xx_hal_pcd_ex.o
 .debug_frame   0x000000000000129c      0x314 build/usbd_conf.o
 .debug_frame   0x00000000000015b0       0xf8 build/usbd_desc.o
 .debug_frame   0x00000000000016a8       0x5c build/usbd_cdc_interface.o
 .debug_frame   0x0000000000001704      0x1ec build/usbd_core.o
 .debug_frame   0x00000000000018f0      0x198 build/usbd_ctlreq.o
 .debug_frame   0x0000000000001a88       0xd4 build/usbd_ioreq.o
 .debug_frame   0x0000000000001b5c      0x164 build/usbd_cdc.o
 .debug_frame   0x0000000000001cc0       0x3c build/system_stm32f0xx.o
 .debug_frame   0x0000000000001cfc       0x2c /home/janhenrik/programme/gcc-arm-none-eabi-7-2018-q2-update/bin/../lib/gcc/arm-none-eabi/7.3.1/../../../../arm-none-eabi/lib/thumb/v6-m/libc_nano.a(lib_a-init.o)
 .debug_frame   0x0000000000001d28       0x20 /home/janhenrik/programme/gcc-arm-none-eabi-7-2018-q2-update/bin/../lib/gcc/arm-none-eabi/7.3.1/../../../../arm-none-eabi/lib/thumb/v6-m/libc_nano.a(lib_a-memset.o)
 .debug_frame   0x0000000000001d48       0x48 /home/janhenrik/programme/gcc-arm-none-eabi-7-2018-q2-update/bin/../lib/gcc/arm-none-eabi/7.3.1/../../../../arm-none-eabi/lib/thumb/v6-m/libc_nano.a(lib_a-sprintf.o)
 .debug_frame   0x0000000000001d90       0x74 /home/janhenrik/programme/gcc-arm-none-eabi-7-2018-q2-update/bin/../lib/gcc/arm-none-eabi/7.3.1/../../../../arm-none-eabi/lib/thumb/v6-m/libc_nano.a(lib_a-nano-svfprintf.o)
 .debug_frame   0x0000000000001e04       0x54 /home/janhenrik/programme/gcc-arm-none-eabi-7-2018-q2-update/bin/../lib/gcc/arm-none-eabi/7.3.1/../../../../arm-none-eabi/lib/thumb/v6-m/libc_nano.a(lib_a-nano-vfprintf_i.o)
 .debug_frame   0x0000000000001e58       0x20 /home/janhenrik/programme/gcc-arm-none-eabi-7-2018-q2-update/bin/../lib/gcc/arm-none-eabi/7.3.1/../../../../arm-none-eabi/lib/thumb/v6-m/libc_nano.a(lib_a-memchr-stub.o)
 .debug_frame   0x0000000000001e78       0x28 /home/janhenrik/programme/gcc-arm-none-eabi-7-2018-q2-update/bin/../lib/gcc/arm-none-eabi/7.3.1/../../../../arm-none-eabi/lib/thumb/v6-m/libc_nano.a(lib_a-memcpy-stub.o)
 .debug_frame   0x0000000000001ea0       0x28 /home/janhenrik/programme/gcc-arm-none-eabi-7-2018-q2-update/bin/../lib/gcc/arm-none-eabi/7.3.1/../../../../arm-none-eabi/lib/thumb/v6-m/libc_nano.a(lib_a-memmove.o)
 .debug_frame   0x0000000000001ec8       0x2c /home/janhenrik/programme/gcc-arm-none-eabi-7-2018-q2-update/bin/../lib/gcc/arm-none-eabi/7.3.1/../../../../arm-none-eabi/lib/thumb/v6-m/libc_nano.a(lib_a-nano-freer.o)
 .debug_frame   0x0000000000001ef4       0x2c /home/janhenrik/programme/gcc-arm-none-eabi-7-2018-q2-update/bin/../lib/gcc/arm-none-eabi/7.3.1/../../../../arm-none-eabi/lib/thumb/v6-m/libc_nano.a(lib_a-nano-mallocr.o)
 .debug_frame   0x0000000000001f20       0x30 /home/janhenrik/programme/gcc-arm-none-eabi-7-2018-q2-update/bin/../lib/gcc/arm-none-eabi/7.3.1/../../../../arm-none-eabi/lib/thumb/v6-m/libc_nano.a(lib_a-nano-reallocr.o)
 .debug_frame   0x0000000000001f50       0x2c /home/janhenrik/programme/gcc-arm-none-eabi-7-2018-q2-update/bin/../lib/gcc/arm-none-eabi/7.3.1/../../../../arm-none-eabi/lib/thumb/v6-m/libc_nano.a(lib_a-sbrkr.o)
 .debug_frame   0x0000000000001f7c       0x30 /home/janhenrik/programme/gcc-arm-none-eabi-7-2018-q2-update/bin/../lib/gcc/arm-none-eabi/7.3.1/../../../../arm-none-eabi/lib/thumb/v6-m/libc_nano.a(lib_a-mlock.o)
 .debug_frame   0x0000000000001fac       0x20 /home/janhenrik/programme/gcc-arm-none-eabi-7-2018-q2-update/bin/../lib/gcc/arm-none-eabi/7.3.1/../../../../arm-none-eabi/lib/thumb/v6-m/libc_nano.a(lib_a-nano-msizer.o)
 .debug_frame   0x0000000000001fcc       0x48 /home/janhenrik/programme/gcc-arm-none-eabi-7-2018-q2-update/bin/../lib/gcc/arm-none-eabi/7.3.1/../../../../arm-none-eabi/lib/thumb/v6-m/libc_nano.a(lib_a-reent.o)
 .debug_frame   0x0000000000002014       0x20 /home/janhenrik/programme/gcc-arm-none-eabi-7-2018-q2-update/bin/../lib/gcc/arm-none-eabi/7.3.1/../../../../arm-none-eabi/lib/thumb/v6-m/libnosys.a(sbrk.o)
 .debug_frame   0x0000000000002034       0x20 /home/janhenrik/programme/gcc-arm-none-eabi-7-2018-q2-update/bin/../lib/gcc/arm-none-eabi/7.3.1/thumb/v6-m/libgcc.a(_udivsi3.o)

Cross Reference Table

Symbol                                            File
ADC1_COMP_IRQHandler                              build/startup_stm32f072xb.o
ADCval                                            build/main.o
AHBPrescTable                                     build/system_stm32f0xx.o
                                                  build/stm32f0xx_hal_rcc.o
APBPrescTable                                     build/system_stm32f0xx.o
                                                  build/stm32f0xx_hal_rcc.o
CEC_CAN_IRQHandler                                build/startup_stm32f072xb.o
DMA1_Channel1_IRQHandler                          build/stm32f0xx_it.o
DMA1_Channel2_3_IRQHandler                        build/startup_stm32f072xb.o
DMA1_Channel4_5_6_7_IRQHandler                    build/startup_stm32f072xb.o
Default_Handler                                   build/startup_stm32f072xb.o
EXTI0_1_IRQHandler                                build/startup_stm32f072xb.o
EXTI2_3_IRQHandler                                build/startup_stm32f072xb.o
EXTI4_15_IRQHandler                               build/startup_stm32f072xb.o
Error_Handler                                     build/main.o
                                                  build/stm32f0xx_hal_msp.o
FLASH_IRQHandler                                  build/startup_stm32f072xb.o
FLASH_PageErase                                   build/stm32f0xx_hal_flash_ex.o
                                                  build/stm32f0xx_hal_flash.o
FLASH_WaitForLastOperation                        build/stm32f0xx_hal_flash.o
                                                  build/stm32f0xx_hal_flash_ex.o
HAL_ADCEx_Calibration_Start                       build/stm32f0xx_hal_adc_ex.o
HAL_ADC_AnalogWDGConfig                           build/stm32f0xx_hal_adc.o
HAL_ADC_ConfigChannel                             build/stm32f0xx_hal_adc.o
                                                  build/main.o
HAL_ADC_ConvCpltCallback                          build/stm32f0xx_hal_adc.o
HAL_ADC_ConvHalfCpltCallback                      build/stm32f0xx_hal_adc.o
HAL_ADC_DeInit                                    build/stm32f0xx_hal_adc.o
HAL_ADC_ErrorCallback                             build/stm32f0xx_hal_adc.o
HAL_ADC_GetError                                  build/stm32f0xx_hal_adc.o
HAL_ADC_GetState                                  build/stm32f0xx_hal_adc.o
HAL_ADC_GetValue                                  build/stm32f0xx_hal_adc.o
HAL_ADC_IRQHandler                                build/stm32f0xx_hal_adc.o
HAL_ADC_Init                                      build/stm32f0xx_hal_adc.o
                                                  build/main.o
HAL_ADC_LevelOutOfWindowCallback                  build/stm32f0xx_hal_adc.o
HAL_ADC_MspDeInit                                 build/stm32f0xx_hal_msp.o
HAL_ADC_MspInit                                   build/stm32f0xx_hal_msp.o
HAL_ADC_PollForConversion                         build/stm32f0xx_hal_adc.o
HAL_ADC_PollForEvent                              build/stm32f0xx_hal_adc.o
HAL_ADC_Start                                     build/stm32f0xx_hal_adc.o
HAL_ADC_Start_DMA                                 build/stm32f0xx_hal_adc.o
                                                  build/main.o
HAL_ADC_Start_IT                                  build/stm32f0xx_hal_adc.o
HAL_ADC_Stop                                      build/stm32f0xx_hal_adc.o
HAL_ADC_Stop_DMA                                  build/stm32f0xx_hal_adc.o
HAL_ADC_Stop_IT                                   build/stm32f0xx_hal_adc.o
HAL_DBGMCU_DisableDBGStandbyMode                  build/stm32f0xx_hal.o
HAL_DBGMCU_DisableDBGStopMode                     build/stm32f0xx_hal.o
HAL_DBGMCU_EnableDBGStandbyMode                   build/stm32f0xx_hal.o
HAL_DBGMCU_EnableDBGStopMode                      build/stm32f0xx_hal.o
HAL_DMA_Abort                                     build/stm32f0xx_hal_dma.o
                                                  build/stm32f0xx_hal_adc.o
HAL_DMA_Abort_IT                                  build/stm32f0xx_hal_dma.o
                                                  build/stm32f0xx_hal_i2c.o
HAL_DMA_DeInit                                    build/stm32f0xx_hal_dma.o
                                                  build/stm32f0xx_hal_msp.o
HAL_DMA_GetError                                  build/stm32f0xx_hal_dma.o
HAL_DMA_GetState                                  build/stm32f0xx_hal_dma.o
HAL_DMA_IRQHandler                                build/stm32f0xx_hal_dma.o
                                                  build/stm32f0xx_it.o
HAL_DMA_Init                                      build/stm32f0xx_hal_dma.o
                                                  build/stm32f0xx_hal_msp.o
HAL_DMA_PollForTransfer                           build/stm32f0xx_hal_dma.o
HAL_DMA_RegisterCallback                          build/stm32f0xx_hal_dma.o
HAL_DMA_Start                                     build/stm32f0xx_hal_dma.o
HAL_DMA_Start_IT                                  build/stm32f0xx_hal_dma.o
                                                  build/stm32f0xx_hal_i2c.o
                                                  build/stm32f0xx_hal_adc.o
HAL_DMA_UnRegisterCallback                        build/stm32f0xx_hal_dma.o
HAL_DeInit                                        build/stm32f0xx_hal.o
HAL_Delay                                         build/stm32f0xx_hal.o
                                                  build/usbd_conf.o
                                                  build/stm32f0xx_hal_pcd_ex.o
                                                  build/stm32f0xx_it.o
                                                  build/main.o
HAL_EXTI_ClearConfigLine                          build/stm32f0xx_hal_exti.o
HAL_EXTI_ClearPending                             build/stm32f0xx_hal_exti.o
HAL_EXTI_GenerateSWI                              build/stm32f0xx_hal_exti.o
HAL_EXTI_GetConfigLine                            build/stm32f0xx_hal_exti.o
HAL_EXTI_GetHandle                                build/stm32f0xx_hal_exti.o
HAL_EXTI_GetPending                               build/stm32f0xx_hal_exti.o
HAL_EXTI_IRQHandler                               build/stm32f0xx_hal_exti.o
HAL_EXTI_RegisterCallback                         build/stm32f0xx_hal_exti.o
HAL_EXTI_SetConfigLine                            build/stm32f0xx_hal_exti.o
HAL_FLASHEx_Erase                                 build/stm32f0xx_hal_flash_ex.o
HAL_FLASHEx_Erase_IT                              build/stm32f0xx_hal_flash_ex.o
HAL_FLASHEx_OBErase                               build/stm32f0xx_hal_flash_ex.o
HAL_FLASHEx_OBGetConfig                           build/stm32f0xx_hal_flash_ex.o
HAL_FLASHEx_OBGetUserData                         build/stm32f0xx_hal_flash_ex.o
HAL_FLASHEx_OBProgram                             build/stm32f0xx_hal_flash_ex.o
HAL_FLASH_EndOfOperationCallback                  build/stm32f0xx_hal_flash.o
HAL_FLASH_GetError                                build/stm32f0xx_hal_flash.o
HAL_FLASH_IRQHandler                              build/stm32f0xx_hal_flash.o
HAL_FLASH_Lock                                    build/stm32f0xx_hal_flash.o
HAL_FLASH_OB_Launch                               build/stm32f0xx_hal_flash.o
HAL_FLASH_OB_Lock                                 build/stm32f0xx_hal_flash.o
HAL_FLASH_OB_Unlock                               build/stm32f0xx_hal_flash.o
HAL_FLASH_OperationErrorCallback                  build/stm32f0xx_hal_flash.o
HAL_FLASH_Program                                 build/stm32f0xx_hal_flash.o
HAL_FLASH_Program_IT                              build/stm32f0xx_hal_flash.o
HAL_FLASH_Unlock                                  build/stm32f0xx_hal_flash.o
HAL_GPIO_DeInit                                   build/stm32f0xx_hal_gpio.o
                                                  build/stm32f0xx_hal_msp.o
HAL_GPIO_EXTI_Callback                            build/stm32f0xx_hal_gpio.o
HAL_GPIO_EXTI_IRQHandler                          build/stm32f0xx_hal_gpio.o
HAL_GPIO_Init                                     build/stm32f0xx_hal_gpio.o
                                                  build/usbd_conf.o
                                                  build/stm32f0xx_hal_rcc.o
                                                  build/stm32f0xx_hal_msp.o
                                                  build/main.o
HAL_GPIO_LockPin                                  build/stm32f0xx_hal_gpio.o
HAL_GPIO_ReadPin                                  build/stm32f0xx_hal_gpio.o
HAL_GPIO_TogglePin                                build/stm32f0xx_hal_gpio.o
HAL_GPIO_WritePin                                 build/stm32f0xx_hal_gpio.o
                                                  build/stm32f0xx_it.o
                                                  build/main.o
HAL_GetDEVID                                      build/stm32f0xx_hal.o
HAL_GetHalVersion                                 build/stm32f0xx_hal.o
HAL_GetREVID                                      build/stm32f0xx_hal.o
HAL_GetTick                                       build/stm32f0xx_hal.o
                                                  build/stm32f0xx_hal_pcd_ex.o
                                                  build/stm32f0xx_hal_flash.o
                                                  build/stm32f0xx_hal_dma.o
                                                  build/stm32f0xx_hal_i2c.o
                                                  build/stm32f0xx_hal_rcc_ex.o
                                                  build/stm32f0xx_hal_rcc.o
                                                  build/stm32f0xx_hal_adc_ex.o
                                                  build/stm32f0xx_hal_adc.o
HAL_GetTickFreq                                   build/stm32f0xx_hal.o
HAL_GetTickPrio                                   build/stm32f0xx_hal.o
HAL_GetUIDw0                                      build/stm32f0xx_hal.o
HAL_GetUIDw1                                      build/stm32f0xx_hal.o
HAL_GetUIDw2                                      build/stm32f0xx_hal.o
HAL_I2CEx_ConfigAnalogFilter                      build/stm32f0xx_hal_i2c_ex.o
HAL_I2CEx_ConfigDigitalFilter                     build/stm32f0xx_hal_i2c_ex.o
HAL_I2CEx_DisableFastModePlus                     build/stm32f0xx_hal_i2c_ex.o
HAL_I2CEx_DisableWakeUp                           build/stm32f0xx_hal_i2c_ex.o
HAL_I2CEx_EnableFastModePlus                      build/stm32f0xx_hal_i2c_ex.o
HAL_I2CEx_EnableWakeUp                            build/stm32f0xx_hal_i2c_ex.o
HAL_I2C_AbortCpltCallback                         build/stm32f0xx_hal_i2c.o
HAL_I2C_AddrCallback                              build/stm32f0xx_hal_i2c.o
HAL_I2C_DeInit                                    build/stm32f0xx_hal_i2c.o
HAL_I2C_DisableListen_IT                          build/stm32f0xx_hal_i2c.o
HAL_I2C_ER_IRQHandler                             build/stm32f0xx_hal_i2c.o
HAL_I2C_EV_IRQHandler                             build/stm32f0xx_hal_i2c.o
HAL_I2C_EnableListen_IT                           build/stm32f0xx_hal_i2c.o
HAL_I2C_ErrorCallback                             build/stm32f0xx_hal_i2c.o
HAL_I2C_GetError                                  build/stm32f0xx_hal_i2c.o
HAL_I2C_GetMode                                   build/stm32f0xx_hal_i2c.o
HAL_I2C_GetState                                  build/stm32f0xx_hal_i2c.o
HAL_I2C_Init                                      build/stm32f0xx_hal_i2c.o
HAL_I2C_IsDeviceReady                             build/stm32f0xx_hal_i2c.o
HAL_I2C_ListenCpltCallback                        build/stm32f0xx_hal_i2c.o
HAL_I2C_MasterRxCpltCallback                      build/stm32f0xx_hal_i2c.o
HAL_I2C_MasterTxCpltCallback                      build/stm32f0xx_hal_i2c.o
HAL_I2C_Master_Abort_IT                           build/stm32f0xx_hal_i2c.o
HAL_I2C_Master_Receive                            build/stm32f0xx_hal_i2c.o
HAL_I2C_Master_Receive_DMA                        build/stm32f0xx_hal_i2c.o
HAL_I2C_Master_Receive_IT                         build/stm32f0xx_hal_i2c.o
HAL_I2C_Master_Seq_Receive_DMA                    build/stm32f0xx_hal_i2c.o
HAL_I2C_Master_Seq_Receive_IT                     build/stm32f0xx_hal_i2c.o
HAL_I2C_Master_Seq_Transmit_DMA                   build/stm32f0xx_hal_i2c.o
HAL_I2C_Master_Seq_Transmit_IT                    build/stm32f0xx_hal_i2c.o
HAL_I2C_Master_Transmit                           build/stm32f0xx_hal_i2c.o
HAL_I2C_Master_Transmit_DMA                       build/stm32f0xx_hal_i2c.o
HAL_I2C_Master_Transmit_IT                        build/stm32f0xx_hal_i2c.o
HAL_I2C_MemRxCpltCallback                         build/stm32f0xx_hal_i2c.o
HAL_I2C_MemTxCpltCallback                         build/stm32f0xx_hal_i2c.o
HAL_I2C_Mem_Read                                  build/stm32f0xx_hal_i2c.o
HAL_I2C_Mem_Read_DMA                              build/stm32f0xx_hal_i2c.o
HAL_I2C_Mem_Read_IT                               build/stm32f0xx_hal_i2c.o
HAL_I2C_Mem_Write                                 build/stm32f0xx_hal_i2c.o
HAL_I2C_Mem_Write_DMA                             build/stm32f0xx_hal_i2c.o
HAL_I2C_Mem_Write_IT                              build/stm32f0xx_hal_i2c.o
HAL_I2C_MspDeInit                                 build/stm32f0xx_hal_i2c.o
HAL_I2C_MspInit                                   build/stm32f0xx_hal_i2c.o
HAL_I2C_SlaveRxCpltCallback                       build/stm32f0xx_hal_i2c.o
HAL_I2C_SlaveTxCpltCallback                       build/stm32f0xx_hal_i2c.o
HAL_I2C_Slave_Receive                             build/stm32f0xx_hal_i2c.o
HAL_I2C_Slave_Receive_DMA                         build/stm32f0xx_hal_i2c.o
HAL_I2C_Slave_Receive_IT                          build/stm32f0xx_hal_i2c.o
HAL_I2C_Slave_Seq_Receive_DMA                     build/stm32f0xx_hal_i2c.o
HAL_I2C_Slave_Seq_Receive_IT                      build/stm32f0xx_hal_i2c.o
HAL_I2C_Slave_Seq_Transmit_DMA                    build/stm32f0xx_hal_i2c.o
HAL_I2C_Slave_Seq_Transmit_IT                     build/stm32f0xx_hal_i2c.o
HAL_I2C_Slave_Transmit                            build/stm32f0xx_hal_i2c.o
HAL_I2C_Slave_Transmit_DMA                        build/stm32f0xx_hal_i2c.o
HAL_I2C_Slave_Transmit_IT                         build/stm32f0xx_hal_i2c.o
HAL_IncTick                                       build/stm32f0xx_hal.o
                                                  build/stm32f0xx_it.o
HAL_Init                                          build/stm32f0xx_hal.o
                                                  build/main.o
HAL_InitTick                                      build/stm32f0xx_hal.o
                                                  build/stm32f0xx_hal_rcc.o
HAL_MspDeInit                                     build/stm32f0xx_hal.o
HAL_MspInit                                       build/stm32f0xx_hal_msp.o
HAL_NVIC_ClearPendingIRQ                          build/stm32f0xx_hal_cortex.o
HAL_NVIC_DisableIRQ                               build/stm32f0xx_hal_cortex.o
HAL_NVIC_EnableIRQ                                build/stm32f0xx_hal_cortex.o
                                                  build/usbd_conf.o
                                                  build/main.o
HAL_NVIC_GetPendingIRQ                            build/stm32f0xx_hal_cortex.o
HAL_NVIC_GetPriority                              build/stm32f0xx_hal_cortex.o
HAL_NVIC_SetPendingIRQ                            build/stm32f0xx_hal_cortex.o
HAL_NVIC_SetPriority                              build/stm32f0xx_hal_cortex.o
                                                  build/usbd_conf.o
                                                  build/stm32f0xx_hal.o
                                                  build/main.o
HAL_NVIC_SystemReset                              build/stm32f0xx_hal_cortex.o
HAL_PCDEx_ActivateBCD                             build/stm32f0xx_hal_pcd_ex.o
HAL_PCDEx_ActivateLPM                             build/stm32f0xx_hal_pcd_ex.o
                                                  build/stm32f0xx_hal_pcd.o
HAL_PCDEx_BCD_Callback                            build/stm32f0xx_hal_pcd_ex.o
HAL_PCDEx_BCD_VBUSDetect                          build/stm32f0xx_hal_pcd_ex.o
HAL_PCDEx_DeActivateBCD                           build/stm32f0xx_hal_pcd_ex.o
HAL_PCDEx_DeActivateLPM                           build/stm32f0xx_hal_pcd_ex.o
HAL_PCDEx_LPM_Callback                            build/stm32f0xx_hal_pcd_ex.o
                                                  build/stm32f0xx_hal_pcd.o
HAL_PCDEx_PMAConfig                               build/stm32f0xx_hal_pcd_ex.o
                                                  build/usbd_conf.o
HAL_PCD_ActivateRemoteWakeup                      build/stm32f0xx_hal_pcd.o
HAL_PCD_ConnectCallback                           build/usbd_conf.o
                                                  build/stm32f0xx_hal_pcd.o
HAL_PCD_DataInStageCallback                       build/usbd_conf.o
                                                  build/stm32f0xx_hal_pcd.o
HAL_PCD_DataOutStageCallback                      build/usbd_conf.o
                                                  build/stm32f0xx_hal_pcd.o
HAL_PCD_DeActivateRemoteWakeup                    build/stm32f0xx_hal_pcd.o
HAL_PCD_DeInit                                    build/stm32f0xx_hal_pcd.o
                                                  build/usbd_conf.o
HAL_PCD_DevConnect                                build/stm32f0xx_hal_pcd.o
HAL_PCD_DevDisconnect                             build/stm32f0xx_hal_pcd.o
HAL_PCD_DisconnectCallback                        build/usbd_conf.o
                                                  build/stm32f0xx_hal_pcd.o
HAL_PCD_EP_Close                                  build/stm32f0xx_hal_pcd.o
                                                  build/usbd_conf.o
HAL_PCD_EP_ClrStall                               build/stm32f0xx_hal_pcd.o
                                                  build/usbd_conf.o
HAL_PCD_EP_Flush                                  build/stm32f0xx_hal_pcd.o
                                                  build/usbd_conf.o
HAL_PCD_EP_GetRxCount                             build/stm32f0xx_hal_pcd.o
                                                  build/usbd_conf.o
HAL_PCD_EP_Open                                   build/stm32f0xx_hal_pcd.o
                                                  build/usbd_conf.o
HAL_PCD_EP_Receive                                build/stm32f0xx_hal_pcd.o
                                                  build/usbd_conf.o
HAL_PCD_EP_SetStall                               build/stm32f0xx_hal_pcd.o
                                                  build/usbd_conf.o
HAL_PCD_EP_Transmit                               build/stm32f0xx_hal_pcd.o
                                                  build/usbd_conf.o
HAL_PCD_GetState                                  build/stm32f0xx_hal_pcd.o
HAL_PCD_IRQHandler                                build/stm32f0xx_hal_pcd.o
                                                  build/stm32f0xx_it.o
HAL_PCD_ISOINIncompleteCallback                   build/usbd_conf.o
                                                  build/stm32f0xx_hal_pcd.o
HAL_PCD_ISOOUTIncompleteCallback                  build/usbd_conf.o
                                                  build/stm32f0xx_hal_pcd.o
HAL_PCD_Init                                      build/stm32f0xx_hal_pcd.o
                                                  build/usbd_conf.o
HAL_PCD_MspDeInit                                 build/usbd_conf.o
                                                  build/stm32f0xx_hal_pcd.o
HAL_PCD_MspInit                                   build/usbd_conf.o
                                                  build/stm32f0xx_hal_pcd.o
HAL_PCD_ResetCallback                             build/usbd_conf.o
                                                  build/stm32f0xx_hal_pcd.o
HAL_PCD_ResumeCallback                            build/usbd_conf.o
                                                  build/stm32f0xx_hal_pcd.o
HAL_PCD_SOFCallback                               build/usbd_conf.o
                                                  build/stm32f0xx_hal_pcd.o
HAL_PCD_SetAddress                                build/stm32f0xx_hal_pcd.o
                                                  build/usbd_conf.o
HAL_PCD_SetupStageCallback                        build/usbd_conf.o
                                                  build/stm32f0xx_hal_pcd.o
HAL_PCD_Start                                     build/stm32f0xx_hal_pcd.o
                                                  build/usbd_conf.o
HAL_PCD_Stop                                      build/stm32f0xx_hal_pcd.o
                                                  build/usbd_conf.o
HAL_PCD_SuspendCallback                           build/usbd_conf.o
                                                  build/stm32f0xx_hal_pcd.o
HAL_PWREx_DisableVddio2Monitor                    build/stm32f0xx_hal_pwr_ex.o