Archive member included to satisfy reference by file (symbol)

/home/janhenrik/programme/gcc-arm-none-eabi-7-2018-q2-update/bin/../lib/gcc/arm-none-eabi/7.3.1/../../../../arm-none-eabi/lib/thumb/v6-m/libc_nano.a(lib_a-exit.o)
                              /home/janhenrik/programme/gcc-arm-none-eabi-7-2018-q2-update/bin/../lib/gcc/arm-none-eabi/7.3.1/../../../../arm-none-eabi/lib/thumb/v6-m/crt0.o (exit)
/home/janhenrik/programme/gcc-arm-none-eabi-7-2018-q2-update/bin/../lib/gcc/arm-none-eabi/7.3.1/../../../../arm-none-eabi/lib/thumb/v6-m/libc_nano.a(lib_a-impure.o)
                              /home/janhenrik/programme/gcc-arm-none-eabi-7-2018-q2-update/bin/../lib/gcc/arm-none-eabi/7.3.1/../../../../arm-none-eabi/lib/thumb/v6-m/libc_nano.a(lib_a-exit.o) (_global_impure_ptr)
/home/janhenrik/programme/gcc-arm-none-eabi-7-2018-q2-update/bin/../lib/gcc/arm-none-eabi/7.3.1/../../../../arm-none-eabi/lib/thumb/v6-m/libc_nano.a(lib_a-init.o)
                              /home/janhenrik/programme/gcc-arm-none-eabi-7-2018-q2-update/bin/../lib/gcc/arm-none-eabi/7.3.1/../../../../arm-none-eabi/lib/thumb/v6-m/crt0.o (__libc_init_array)
/home/janhenrik/programme/gcc-arm-none-eabi-7-2018-q2-update/bin/../lib/gcc/arm-none-eabi/7.3.1/../../../../arm-none-eabi/lib/thumb/v6-m/libc_nano.a(lib_a-malloc.o)
                              build/curebuffer.o (malloc)
/home/janhenrik/programme/gcc-arm-none-eabi-7-2018-q2-update/bin/../lib/gcc/arm-none-eabi/7.3.1/../../../../arm-none-eabi/lib/thumb/v6-m/libc_nano.a(lib_a-memset.o)
                              /home/janhenrik/programme/gcc-arm-none-eabi-7-2018-q2-update/bin/../lib/gcc/arm-none-eabi/7.3.1/../../../../arm-none-eabi/lib/thumb/v6-m/crt0.o (memset)
/home/janhenrik/programme/gcc-arm-none-eabi-7-2018-q2-update/bin/../lib/gcc/arm-none-eabi/7.3.1/../../../../arm-none-eabi/lib/thumb/v6-m/libc_nano.a(lib_a-nano-freer.o)
                              /home/janhenrik/programme/gcc-arm-none-eabi-7-2018-q2-update/bin/../lib/gcc/arm-none-eabi/7.3.1/../../../../arm-none-eabi/lib/thumb/v6-m/libc_nano.a(lib_a-malloc.o) (_free_r)
/home/janhenrik/programme/gcc-arm-none-eabi-7-2018-q2-update/bin/../lib/gcc/arm-none-eabi/7.3.1/../../../../arm-none-eabi/lib/thumb/v6-m/libc_nano.a(lib_a-nano-mallocr.o)
                              /home/janhenrik/programme/gcc-arm-none-eabi-7-2018-q2-update/bin/../lib/gcc/arm-none-eabi/7.3.1/../../../../arm-none-eabi/lib/thumb/v6-m/libc_nano.a(lib_a-malloc.o) (_malloc_r)
/home/janhenrik/programme/gcc-arm-none-eabi-7-2018-q2-update/bin/../lib/gcc/arm-none-eabi/7.3.1/../../../../arm-none-eabi/lib/thumb/v6-m/libc_nano.a(lib_a-sbrkr.o)
                              /home/janhenrik/programme/gcc-arm-none-eabi-7-2018-q2-update/bin/../lib/gcc/arm-none-eabi/7.3.1/../../../../arm-none-eabi/lib/thumb/v6-m/libc_nano.a(lib_a-nano-mallocr.o) (_sbrk_r)
/home/janhenrik/programme/gcc-arm-none-eabi-7-2018-q2-update/bin/../lib/gcc/arm-none-eabi/7.3.1/../../../../arm-none-eabi/lib/thumb/v6-m/libc_nano.a(lib_a-mlock.o)
                              /home/janhenrik/programme/gcc-arm-none-eabi-7-2018-q2-update/bin/../lib/gcc/arm-none-eabi/7.3.1/../../../../arm-none-eabi/lib/thumb/v6-m/libc_nano.a(lib_a-nano-freer.o) (__malloc_lock)
/home/janhenrik/programme/gcc-arm-none-eabi-7-2018-q2-update/bin/../lib/gcc/arm-none-eabi/7.3.1/../../../../arm-none-eabi/lib/thumb/v6-m/libc_nano.a(lib_a-reent.o)
                              /home/janhenrik/programme/gcc-arm-none-eabi-7-2018-q2-update/bin/../lib/gcc/arm-none-eabi/7.3.1/../../../../arm-none-eabi/lib/thumb/v6-m/libc_nano.a(lib_a-sbrkr.o) (errno)
/home/janhenrik/programme/gcc-arm-none-eabi-7-2018-q2-update/bin/../lib/gcc/arm-none-eabi/7.3.1/../../../../arm-none-eabi/lib/thumb/v6-m/libnosys.a(sbrk.o)
                              /home/janhenrik/programme/gcc-arm-none-eabi-7-2018-q2-update/bin/../lib/gcc/arm-none-eabi/7.3.1/../../../../arm-none-eabi/lib/thumb/v6-m/libc_nano.a(lib_a-sbrkr.o) (_sbrk)
/home/janhenrik/programme/gcc-arm-none-eabi-7-2018-q2-update/bin/../lib/gcc/arm-none-eabi/7.3.1/../../../../arm-none-eabi/lib/thumb/v6-m/libnosys.a(_exit.o)
                              /home/janhenrik/programme/gcc-arm-none-eabi-7-2018-q2-update/bin/../lib/gcc/arm-none-eabi/7.3.1/../../../../arm-none-eabi/lib/thumb/v6-m/libc_nano.a(lib_a-exit.o) (_exit)
/home/janhenrik/programme/gcc-arm-none-eabi-7-2018-q2-update/bin/../lib/gcc/arm-none-eabi/7.3.1/thumb/v6-m/libgcc.a(_udivsi3.o)
                              build/stm32f0xx_hal_adc.o (__aeabi_uidiv)
/home/janhenrik/programme/gcc-arm-none-eabi-7-2018-q2-update/bin/../lib/gcc/arm-none-eabi/7.3.1/thumb/v6-m/libgcc.a(_dvmd_tls.o)
                              /home/janhenrik/programme/gcc-arm-none-eabi-7-2018-q2-update/bin/../lib/gcc/arm-none-eabi/7.3.1/thumb/v6-m/libgcc.a(_udivsi3.o) (__aeabi_idiv0)

Allocating common symbols
Common symbol       size              file

rbuf_jack_rx        0x0               build/usbd_midi_if.o
hUsbDeviceFS        0x224             build/usb_device.o
[...]
Memory Configuration

Name             Origin             Length             Attributes
RAM              0x0000000020000000 0x0000000000004000 xrw
FLASH            0x0000000008000000 0x0000000000020000 xr
*default*        0x0000000000000000 0xffffffffffffffff

Linker script and memory map

LOAD /home/janhenrik/programme/gcc-arm-none-eabi-7-2018-q2-update/bin/../lib/gcc/arm-none-eabi/7.3.1/thumb/v6-m/crti.o
LOAD /home/janhenrik/programme/gcc-arm-none-eabi-7-2018-q2-update/bin/../lib/gcc/arm-none-eabi/7.3.1/thumb/v6-m/crtbegin.o
LOAD /home/janhenrik/programme/gcc-arm-none-eabi-7-2018-q2-update/bin/../lib/gcc/arm-none-eabi/7.3.1/../../../../arm-none-eabi/lib/thumb/v6-m/crt0.o
LOAD build/main.o
LOAD build/stm32f0xx_it.o
LOAD build/stm32f0xx_hal_msp.o
LOAD build/stm32f0xx_ll_usb.o
LOAD build/stm32f0xx_hal_adc.o
LOAD build/stm32f0xx_hal_adc_ex.o
LOAD build/stm32f0xx_hal_rcc.o
LOAD build/stm32f0xx_hal_rcc_ex.o
LOAD build/stm32f0xx_hal.o
LOAD build/stm32f0xx_hal_i2c.o
LOAD build/stm32f0xx_hal_i2c_ex.o
LOAD build/stm32f0xx_hal_gpio.o
LOAD build/stm32f0xx_hal_dma.o
LOAD build/stm32f0xx_hal_cortex.o
LOAD build/stm32f0xx_hal_pwr.o
LOAD build/stm32f0xx_hal_pwr_ex.o
LOAD build/stm32f0xx_hal_flash.o
LOAD build/stm32f0xx_hal_flash_ex.o
LOAD build/stm32f0xx_hal_exti.o
LOAD build/stm32f0xx_hal_tim.o
LOAD build/stm32f0xx_hal_tim_ex.o
LOAD build/stm32f0xx_hal_pcd.o
LOAD build/stm32f0xx_hal_pcd_ex.o
LOAD build/usb_device.o
LOAD build/usbd_conf.o
LOAD build/usbd_desc.o
LOAD build/usbd_midi_if.o
LOAD build/usbd_core.o
LOAD build/usbd_ctlreq.o
LOAD build/usbd_ioreq.o
LOAD build/usbd_midi.o
LOAD build/curebuffer.o
LOAD build/system_stm32f0xx.o
LOAD build/startup_stm32f072xb.o
LOAD /home/janhenrik/programme/gcc-arm-none-eabi-7-2018-q2-update/bin/../lib/gcc/arm-none-eabi/7.3.1/../../../../arm-none-eabi/lib/thumb/v6-m/libc_nano.a
LOAD /home/janhenrik/programme/gcc-arm-none-eabi-7-2018-q2-update/bin/../lib/gcc/arm-none-eabi/7.3.1/../../../../arm-none-eabi/lib/thumb/v6-m/libm.a
LOAD /home/janhenrik/programme/gcc-arm-none-eabi-7-2018-q2-update/bin/../lib/gcc/arm-none-eabi/7.3.1/../../../../arm-none-eabi/lib/thumb/v6-m/libnosys.a
START GROUP
LOAD /home/janhenrik/programme/gcc-arm-none-eabi-7-2018-q2-update/bin/../lib/gcc/arm-none-eabi/7.3.1/thumb/v6-m/libgcc.a
LOAD /home/janhenrik/programme/gcc-arm-none-eabi-7-2018-q2-update/bin/../lib/gcc/arm-none-eabi/7.3.1/../../../../arm-none-eabi/lib/thumb/v6-m/libc_nano.a
END GROUP
START GROUP
LOAD /home/janhenrik/programme/gcc-arm-none-eabi-7-2018-q2-update/bin/../lib/gcc/arm-none-eabi/7.3.1/thumb/v6-m/libgcc.a
LOAD /home/janhenrik/programme/gcc-arm-none-eabi-7-2018-q2-update/bin/../lib/gcc/arm-none-eabi/7.3.1/../../../../arm-none-eabi/lib/thumb/v6-m/libc_nano.a
END GROUP
LOAD /home/janhenrik/programme/gcc-arm-none-eabi-7-2018-q2-update/bin/../lib/gcc/arm-none-eabi/7.3.1/thumb/v6-m/crtend.o
LOAD /home/janhenrik/programme/gcc-arm-none-eabi-7-2018-q2-update/bin/../lib/gcc/arm-none-eabi/7.3.1/thumb/v6-m/crtn.o
                0x0000000020004000                _estack = 0x20004000
                0x0000000000000200                _Min_Heap_Size = 0x200
                0x0000000000000400                _Min_Stack_Size = 0x400

.isr_vector     0x0000000008000000       0xc0
                0x0000000008000000                . = ALIGN (0x4)
 *(.isr_vector)
 .isr_vector    0x0000000008000000       0xc0 build/startup_stm32f072xb.o
                0x0000000008000000                g_pfnVectors
                0x00000000080000c0                . = ALIGN (0x4)

.text           0x00000000080000c0     0x3798
                0x00000000080000c0                . = ALIGN (0x4)
 *(.text)
 .text          0x00000000080000c0       0x48 /home/janhenrik/programme/gcc-arm-none-eabi-7-2018-q2-update/bin/../lib/gcc/arm-none-eabi/7.3.1/thumb/v6-m/crtbegin.o
 .text          0x0000000008000108      0x114 /home/janhenrik/programme/gcc-arm-none-eabi-7-2018-q2-update/bin/../lib/gcc/arm-none-eabi/7.3.1/thumb/v6-m/libgcc.a(_udivsi3.o)
                0x0000000008000108                __udivsi3
                0x0000000008000108                __aeabi_uidiv
                0x0000000008000214                __aeabi_uidivmod
 .text          0x000000000800021c        0x4 /home/janhenrik/programme/gcc-arm-none-eabi-7-2018-q2-update/bin/../lib/gcc/arm-none-eabi/7.3.1/thumb/v6-m/libgcc.a(_dvmd_tls.o)
                0x000000000800021c                __aeabi_ldiv0
                0x000000000800021c                __aeabi_idiv0
 *(.text*)
 .text.MX_GPIO_Init
                0x0000000008000220       0x64 build/main.o
 .text.MX_DMA_Init
                0x0000000008000284       0x30 build/main.o
 .text.MX_ADC_Init
                0x00000000080002b4       0xbc build/main.o
 .text.SystemClock_Config
                0x0000000008000370       0x5e build/main.o
                0x0000000008000370                SystemClock_Config
 *fill*         0x00000000080003ce        0x2 
 .text.main     0x00000000080003d0       0x5c build/main.o
                0x00000000080003d0                main
 .text.Error_Handler
                0x000000000800042c       0x30 build/main.o
                0x000000000800042c                Error_Handler
 .text.NMI_Handler
                0x000000000800045c        0x2 build/stm32f0xx_it.o
                0x000000000800045c                NMI_Handler
 .text.HardFault_Handler
                0x000000000800045e        0x2 build/stm32f0xx_it.o
                0x000000000800045e                HardFault_Handler
 .text.SVC_Handler
                0x0000000008000460        0x2 build/stm32f0xx_it.o
                0x0000000008000460                SVC_Handler
 .text.PendSV_Handler
                0x0000000008000462        0x2 build/stm32f0xx_it.o
                0x0000000008000462                PendSV_Handler
 .text.SysTick_Handler
                0x0000000008000464        0x8 build/stm32f0xx_it.o
                0x0000000008000464                SysTick_Handler
 .text.DMA1_Channel1_IRQHandler
                0x000000000800046c       0x10 build/stm32f0xx_it.o
                0x000000000800046c                DMA1_Channel1_IRQHandler
 .text.USB_IRQHandler
                0x000000000800047c       0x10 build/stm32f0xx_it.o
                0x000000000800047c                USB_IRQHandler
 .text.HAL_MspInit
                0x000000000800048c       0x30 build/stm32f0xx_hal_msp.o
                0x000000000800048c                HAL_MspInit
 .text.HAL_ADC_MspInit
                0x00000000080004bc       0xc4 build/stm32f0xx_hal_msp.o
                0x00000000080004bc                HAL_ADC_MspInit
 .text.USB_EnableGlobalInt
                0x0000000008000580       0x14 build/stm32f0xx_ll_usb.o
                0x0000000008000580                USB_EnableGlobalInt
 .text.USB_DisableGlobalInt
                0x0000000008000594       0x14 build/stm32f0xx_ll_usb.o
                0x0000000008000594                USB_DisableGlobalInt
 .text.USB_DevInit
                0x00000000080005a8       0x2a build/stm32f0xx_ll_usb.o
                0x00000000080005a8                USB_DevInit
 *fill*         0x00000000080005d2        0x2 
 .text.USB_ActivateEndpoint
                0x00000000080005d4      0x300 build/stm32f0xx_ll_usb.o
                0x00000000080005d4                USB_ActivateEndpoint
 .text.USB_DeactivateEndpoint
                0x00000000080008d4      0x170 build/stm32f0xx_ll_usb.o
                0x00000000080008d4                USB_DeactivateEndpoint
 .text.USB_EPSetStall
                0x0000000008000a44       0x4c build/stm32f0xx_ll_usb.o
                0x0000000008000a44                USB_EPSetStall
 .text.USB_EPClearStall
                0x0000000008000a90       0x98 build/stm32f0xx_ll_usb.o
                0x0000000008000a90                USB_EPClearStall
 .text.USB_SetDevAddress
                0x0000000008000b28        0xe build/stm32f0xx_ll_usb.o
                0x0000000008000b28                USB_SetDevAddress
 *fill*         0x0000000008000b36        0x2 
 .text.USB_DevConnect
                0x0000000008000b38       0x14 build/stm32f0xx_ll_usb.o
                0x0000000008000b38                USB_DevConnect
 .text.USB_ReadInterrupts
                0x0000000008000b4c        0x8 build/stm32f0xx_ll_usb.o
                0x0000000008000b4c                USB_ReadInterrupts
 .text.USB_EP0_OutStart
                0x0000000008000b54        0x4 build/stm32f0xx_ll_usb.o
                0x0000000008000b54                USB_EP0_OutStart
 .text.USB_WritePMA
                0x0000000008000b58       0x28 build/stm32f0xx_ll_usb.o
                0x0000000008000b58                USB_WritePMA
 .text.USB_EPStartXfer
                0x0000000008000b80      0x2d8 build/stm32f0xx_ll_usb.o
                0x0000000008000b80                USB_EPStartXfer
 .text.USB_ReadPMA
                0x0000000008000e58       0x2e build/stm32f0xx_ll_usb.o
                0x0000000008000e58                USB_ReadPMA
 *fill*         0x0000000008000e86        0x2 
 .text.ADC_Enable
                0x0000000008000e88       0xa8 build/stm32f0xx_hal_adc.o
 .text.HAL_ADC_Init
                0x0000000008000f30      0x17c build/stm32f0xx_hal_adc.o
                0x0000000008000f30                HAL_ADC_Init
 .text.HAL_ADC_Start_DMA
                0x00000000080010ac       0xa8 build/stm32f0xx_hal_adc.o
                0x00000000080010ac                HAL_ADC_Start_DMA
 .text.HAL_ADC_ConvCpltCallback
                0x0000000008001154        0x2 build/stm32f0xx_hal_adc.o
                0x0000000008001154                HAL_ADC_ConvCpltCallback
 *fill*         0x0000000008001156        0x2 
 .text.ADC_DMAConvCplt
                0x0000000008001158       0x70 build/stm32f0xx_hal_adc.o
 .text.HAL_ADC_ConvHalfCpltCallback
                0x00000000080011c8        0x2 build/stm32f0xx_hal_adc.o
                0x00000000080011c8                HAL_ADC_ConvHalfCpltCallback
 .text.ADC_DMAHalfConvCplt
                0x00000000080011ca        0xa build/stm32f0xx_hal_adc.o
 .text.HAL_ADC_ErrorCallback
                0x00000000080011d4        0x2 build/stm32f0xx_hal_adc.o
                0x00000000080011d4                HAL_ADC_ErrorCallback
 .text.ADC_DMAError
                0x00000000080011d6       0x1a build/stm32f0xx_hal_adc.o
 .text.HAL_ADC_ConfigChannel
                0x00000000080011f0      0x14c build/stm32f0xx_hal_adc.o
                0x00000000080011f0                HAL_ADC_ConfigChannel
 .text.HAL_RCC_OscConfig
                0x000000000800133c      0x540 build/stm32f0xx_hal_rcc.o
                0x000000000800133c                HAL_RCC_OscConfig
 .text.HAL_RCC_GetSysClockFreq
                0x000000000800187c       0x94 build/stm32f0xx_hal_rcc.o
                0x000000000800187c                HAL_RCC_GetSysClockFreq
 .text.HAL_RCC_ClockConfig
                0x0000000008001910      0x140 build/stm32f0xx_hal_rcc.o
                0x0000000008001910                HAL_RCC_ClockConfig
 .text.HAL_RCCEx_PeriphCLKConfig
                0x0000000008001a50      0x158 build/stm32f0xx_hal_rcc_ex.o
                0x0000000008001a50                HAL_RCCEx_PeriphCLKConfig
 .text.HAL_InitTick
                0x0000000008001ba8       0x50 build/stm32f0xx_hal.o
                0x0000000008001ba8                HAL_InitTick
 .text.HAL_Init
                0x0000000008001bf8       0x20 build/stm32f0xx_hal.o
                0x0000000008001bf8                HAL_Init
 .text.HAL_IncTick
                0x0000000008001c18       0x18 build/stm32f0xx_hal.o
                0x0000000008001c18                HAL_IncTick
 .text.HAL_GetTick
                0x0000000008001c30        0xc build/stm32f0xx_hal.o
                0x0000000008001c30                HAL_GetTick
 .text.HAL_Delay
                0x0000000008001c3c       0x24 build/stm32f0xx_hal.o
                0x0000000008001c3c                HAL_Delay
 .text.HAL_GPIO_Init
                0x0000000008001c60      0x198 build/stm32f0xx_hal_gpio.o
                0x0000000008001c60                HAL_GPIO_Init
 .text.HAL_GPIO_WritePin
                0x0000000008001df8        0xc build/stm32f0xx_hal_gpio.o
                0x0000000008001df8                HAL_GPIO_WritePin
 .text.DMA_SetConfig
                0x0000000008001e04       0x2a build/stm32f0xx_hal_dma.o
 *fill*         0x0000000008001e2e        0x2 
 .text.DMA_CalcBaseAndBitshift
                0x0000000008001e30       0x28 build/stm32f0xx_hal_dma.o
 .text.HAL_DMA_Init
                0x0000000008001e58       0x50 build/stm32f0xx_hal_dma.o
                0x0000000008001e58                HAL_DMA_Init
 .text.HAL_DMA_Start_IT
                0x0000000008001ea8       0x76 build/stm32f0xx_hal_dma.o
                0x0000000008001ea8                HAL_DMA_Start_IT
 .text.HAL_DMA_IRQHandler
                0x0000000008001f1e       0xaa build/stm32f0xx_hal_dma.o
                0x0000000008001f1e                HAL_DMA_IRQHandler
 .text.HAL_NVIC_SetPriority
                0x0000000008001fc8       0x64 build/stm32f0xx_hal_cortex.o
                0x0000000008001fc8                HAL_NVIC_SetPriority
 .text.HAL_NVIC_EnableIRQ
                0x000000000800202c       0x18 build/stm32f0xx_hal_cortex.o
                0x000000000800202c                HAL_NVIC_EnableIRQ
 .text.HAL_SYSTICK_Config
                0x0000000008002044       0x38 build/stm32f0xx_hal_cortex.o
                0x0000000008002044                HAL_SYSTICK_Config
 .text.HAL_PCD_Init
                0x000000000800207c       0xd4 build/stm32f0xx_hal_pcd.o
                0x000000000800207c                HAL_PCD_Init
 .text.HAL_PCD_Start
                0x0000000008002150       0x2e build/stm32f0xx_hal_pcd.o
                0x0000000008002150                HAL_PCD_Start
 .text.HAL_PCD_SetAddress
                0x000000000800217e       0x2c build/stm32f0xx_hal_pcd.o
                0x000000000800217e                HAL_PCD_SetAddress
 .text.HAL_PCD_EP_Open
                0x00000000080021aa       0x7a build/stm32f0xx_hal_pcd.o
                0x00000000080021aa                HAL_PCD_EP_Open
 .text.HAL_PCD_EP_Close
                0x0000000008002224       0x64 build/stm32f0xx_hal_pcd.o
                0x0000000008002224                HAL_PCD_EP_Close
 .text.HAL_PCD_EP_Receive
                0x0000000008002288       0x4c build/stm32f0xx_hal_pcd.o
                0x0000000008002288                HAL_PCD_EP_Receive
 .text.HAL_PCD_EP_Transmit
                0x00000000080022d4       0x40 build/stm32f0xx_hal_pcd.o
                0x00000000080022d4                HAL_PCD_EP_Transmit
 .text.PCD_EP_ISR_Handler
                0x0000000008002314      0x39c build/stm32f0xx_hal_pcd.o
 .text.HAL_PCD_IRQHandler
                0x00000000080026b0      0x1ac build/stm32f0xx_hal_pcd.o
                0x00000000080026b0                HAL_PCD_IRQHandler
 .text.HAL_PCD_EP_SetStall
                0x000000000800285c       0x7e build/stm32f0xx_hal_pcd.o
                0x000000000800285c                HAL_PCD_EP_SetStall
 .text.HAL_PCD_EP_ClrStall
                0x00000000080028da       0x76 build/stm32f0xx_hal_pcd.o
                0x00000000080028da                HAL_PCD_EP_ClrStall
 .text.HAL_PCDEx_PMAConfig
                0x0000000008002950       0x32 build/stm32f0xx_hal_pcd_ex.o
                0x0000000008002950                HAL_PCDEx_PMAConfig
 .text.HAL_PCDEx_ActivateLPM
                0x0000000008002982       0x26 build/stm32f0xx_hal_pcd_ex.o
                0x0000000008002982                HAL_PCDEx_ActivateLPM
 .text.HAL_PCDEx_LPM_Callback
                0x00000000080029a8        0x2 build/stm32f0xx_hal_pcd_ex.o
                0x00000000080029a8                HAL_PCDEx_LPM_Callback
 *fill*         0x00000000080029aa        0x2 
 .text.MX_USB_MIDI_INIT
                0x00000000080029ac       0x38 build/usb_device.o
                0x00000000080029ac                MX_USB_MIDI_INIT
 .text.HAL_PCD_MspInit
                0x00000000080029e4       0x40 build/usbd_conf.o
                0x00000000080029e4                HAL_PCD_MspInit
 .text.HAL_PCD_SetupStageCallback
                0x0000000008002a24       0x16 build/usbd_conf.o
                0x0000000008002a24                HAL_PCD_SetupStageCallback
 .text.HAL_PCD_DataOutStageCallback
                0x0000000008002a3a       0x1a build/usbd_conf.o
                0x0000000008002a3a                HAL_PCD_DataOutStageCallback
 .text.HAL_PCD_DataInStageCallback
                0x0000000008002a54       0x16 build/usbd_conf.o
                0x0000000008002a54                HAL_PCD_DataInStageCallback
 .text.HAL_PCD_SOFCallback
                0x0000000008002a6a        0xe build/usbd_conf.o
                0x0000000008002a6a                HAL_PCD_SOFCallback
 .text.HAL_PCD_ResetCallback
                0x0000000008002a78       0x18 build/usbd_conf.o
                0x0000000008002a78                HAL_PCD_ResetCallback
 .text.HAL_PCD_SuspendCallback
                0x0000000008002a90       0x24 build/usbd_conf.o
                0x0000000008002a90                HAL_PCD_SuspendCallback
 .text.HAL_PCD_ResumeCallback
                0x0000000008002ab4        0xe build/usbd_conf.o
                0x0000000008002ab4                HAL_PCD_ResumeCallback
 *fill*         0x0000000008002ac2        0x2 
 .text.USBD_LL_Init
                0x0000000008002ac4       0x7c build/usbd_conf.o
                0x0000000008002ac4                USBD_LL_Init
 .text.USBD_LL_Start
                0x0000000008002b40       0x20 build/usbd_conf.o
                0x0000000008002b40                USBD_LL_Start
 .text.USBD_LL_OpenEP
                0x0000000008002b60       0x26 build/usbd_conf.o
                0x0000000008002b60                USBD_LL_OpenEP
 .text.USBD_LL_CloseEP
                0x0000000008002b86       0x20 build/usbd_conf.o
                0x0000000008002b86                USBD_LL_CloseEP
 .text.USBD_LL_StallEP
                0x0000000008002ba6       0x20 build/usbd_conf.o
                0x0000000008002ba6                USBD_LL_StallEP
 .text.USBD_LL_ClearStallEP
                0x0000000008002bc6       0x20 build/usbd_conf.o
                0x0000000008002bc6                USBD_LL_ClearStallEP
 .text.USBD_LL_IsStallEP
                0x0000000008002be6       0x2c build/usbd_conf.o
                0x0000000008002be6                USBD_LL_IsStallEP
 .text.USBD_LL_SetUSBAddress
                0x0000000008002c12       0x20 build/usbd_conf.o
                0x0000000008002c12                USBD_LL_SetUSBAddress
 .text.USBD_LL_Transmit
                0x0000000008002c32       0x20 build/usbd_conf.o
                0x0000000008002c32                USBD_LL_Transmit
 .text.USBD_LL_PrepareReceive
                0x0000000008002c52       0x20 build/usbd_conf.o
                0x0000000008002c52                USBD_LL_PrepareReceive
 *fill*         0x0000000008002c72        0x2 
 .text.USBD_FS_DeviceDescriptor
                0x0000000008002c74        0xc build/usbd_desc.o
                0x0000000008002c74                USBD_FS_DeviceDescriptor
 .text.USBD_FS_LangIDStrDescriptor
                0x0000000008002c80        0xc build/usbd_desc.o
                0x0000000008002c80                USBD_FS_LangIDStrDescriptor
 .text.USBD_FS_ProductStrDescriptor
                0x0000000008002c8c       0x28 build/usbd_desc.o
                0x0000000008002c8c                USBD_FS_ProductStrDescriptor
 .text.USBD_FS_ManufacturerStrDescriptor
                0x0000000008002cb4       0x1c build/usbd_desc.o
                0x0000000008002cb4                USBD_FS_ManufacturerStrDescriptor
 .text.USBD_FS_SerialStrDescriptor
                0x0000000008002cd0       0x28 build/usbd_desc.o
                0x0000000008002cd0                USBD_FS_SerialStrDescriptor
 .text.USBD_FS_ConfigStrDescriptor
                0x0000000008002cf8       0x28 build/usbd_desc.o
                0x0000000008002cf8                USBD_FS_ConfigStrDescriptor
 .text.USBD_FS_InterfaceStrDescriptor
                0x0000000008002d20       0x28 build/usbd_desc.o
                0x0000000008002d20                USBD_FS_InterfaceStrDescriptor
 .text.MIDI_DataTx
                0x0000000008002d48       0x34 build/usbd_midi_if.o
 .text.MIDI_DataRx
                0x0000000008002d7c       0x88 build/usbd_midi_if.o
 .text.USBD_Init
                0x0000000008002e04       0x38 build/usbd_core.o
                0x0000000008002e04                USBD_Init
 .text.USBD_RegisterClass
                0x0000000008002e3c       0x12 build/usbd_core.o
                0x0000000008002e3c                USBD_RegisterClass
 .text.USBD_Start
                0x0000000008002e4e        0xa build/usbd_core.o
                0x0000000008002e4e                USBD_Start
 .text.USBD_SetClassConfig
                0x0000000008002e58       0x20 build/usbd_core.o
                0x0000000008002e58                USBD_SetClassConfig
 .text.USBD_ClrClassConfig
                0x0000000008002e78       0x10 build/usbd_core.o
                0x0000000008002e78                USBD_ClrClassConfig
 .text.USBD_LL_SetupStage
                0x0000000008002e88       0x68 build/usbd_core.o
                0x0000000008002e88                USBD_LL_SetupStage
 .text.USBD_LL_DataOutStage
                0x0000000008002ef0       0x78 build/usbd_core.o
                0x0000000008002ef0                USBD_LL_DataOutStage
 .text.USBD_LL_DataInStage
                0x0000000008002f68       0xc2 build/usbd_core.o
                0x0000000008002f68                USBD_LL_DataInStage
 .text.USBD_LL_Reset
                0x000000000800302a       0x46 build/usbd_core.o
                0x000000000800302a                USBD_LL_Reset
 .text.USBD_LL_SetSpeed
                0x0000000008003070        0x6 build/usbd_core.o
                0x0000000008003070                USBD_LL_SetSpeed
 .text.USBD_LL_Suspend
                0x0000000008003076       0x16 build/usbd_core.o
                0x0000000008003076                USBD_LL_Suspend
 .text.USBD_LL_Resume
                0x000000000800308c        0xe build/usbd_core.o
                0x000000000800308c                USBD_LL_Resume
 .text.USBD_LL_SOF
                0x000000000800309a       0x20 build/usbd_core.o
                0x000000000800309a                USBD_LL_SOF
 .text.USBD_GetLen
                0x00000000080030ba       0x14 build/usbd_ctlreq.o
 .text.USBD_SetFeature
                0x00000000080030ce       0x22 build/usbd_ctlreq.o
 .text.USBD_ParseSetupRequest
                0x00000000080030f0       0x28 build/usbd_ctlreq.o
                0x00000000080030f0                USBD_ParseSetupRequest
 .text.USBD_CtlError
                0x0000000008003118       0x14 build/usbd_ctlreq.o
                0x0000000008003118                USBD_CtlError
 .text.USBD_GetDescriptor
                0x000000000800312c      0x15c build/usbd_ctlreq.o
 .text.USBD_SetAddress
                0x0000000008003288       0x58 build/usbd_ctlreq.o
 .text.USBD_SetConfig
                0x00000000080032e0       0xb0 build/usbd_ctlreq.o
 .text.USBD_GetConfig
                0x0000000008003390       0x3c build/usbd_ctlreq.o
 .text.USBD_GetStatus
                0x00000000080033cc       0x34 build/usbd_ctlreq.o
 .text.USBD_ClrFeature
                0x0000000008003400       0x36 build/usbd_ctlreq.o
 *fill*         0x0000000008003436        0x2 
 .text.USBD_StdDevReq
                0x0000000008003438       0x48 build/usbd_ctlreq.o
                0x0000000008003438                USBD_StdDevReq
 .text.USBD_StdItfReq
                0x0000000008003480       0x3e build/usbd_ctlreq.o
                0x0000000008003480                USBD_StdItfReq
 .text.USBD_StdEPReq
                0x00000000080034be      0x138 build/usbd_ctlreq.o
                0x00000000080034be                USBD_StdEPReq
 .text.USBD_GetString
                0x00000000080035f6       0x3c build/usbd_ctlreq.o
                0x00000000080035f6                USBD_GetString
 .text.USBD_CtlSendData
                0x0000000008003632       0x1c build/usbd_ioreq.o
                0x0000000008003632                USBD_CtlSendData
 .text.USBD_CtlContinueSendData
                0x000000000800364e       0x10 build/usbd_ioreq.o
                0x000000000800364e                USBD_CtlContinueSendData
 .text.USBD_CtlContinueRx
                0x000000000800365e       0x10 build/usbd_ioreq.o
                0x000000000800365e                USBD_CtlContinueRx
 .text.USBD_CtlSendStatus
                0x000000000800366e       0x18 build/usbd_ioreq.o
                0x000000000800366e                USBD_CtlSendStatus
 .text.USBD_CtlReceiveStatus
                0x0000000008003686       0x18 build/usbd_ioreq.o
                0x0000000008003686                USBD_CtlReceiveStatus
 *fill*         0x000000000800369e        0x2 
 .text.USBD_MIDI_DataIn
                0x00000000080036a0       0x18 build/usbd_midi.o
 .text.USBD_MIDI_GetCfgDesc
                0x00000000080036b8        0xc build/usbd_midi.o
 .text.USBD_MIDI_DataOut
                0x00000000080036c4       0x34 build/usbd_midi.o
 .text.USBD_MIDI_DeInit
                0x00000000080036f8       0x20 build/usbd_midi.o
 .text.USBD_MIDI_Init
                0x0000000008003718       0x38 build/usbd_midi.o
 .text.USBD_MIDI_RegisterInterface
                0x0000000008003750       0x12 build/usbd_midi.o
                0x0000000008003750                USBD_MIDI_RegisterInterface
 .text.cureRingBufferU8Enqueue
                0x0000000008003762       0x30 build/curebuffer.o
                0x0000000008003762                cureRingBufferU8Enqueue
 .text.SystemInit
                0x0000000008003792        0x2 build/system_stm32f0xx.o
                0x0000000008003792                SystemInit
 .text.Reset_Handler
                0x0000000008003794       0x50 build/startup_stm32f072xb.o
                0x0000000008003794                Reset_Handler
 .text.Default_Handler
                0x00000000080037e4        0x2 build/startup_stm32f072xb.o
                0x00000000080037e4                TIM1_CC_IRQHandler
                0x00000000080037e4                TSC_IRQHandler
                0x00000000080037e4                ADC1_COMP_IRQHandler
                0x00000000080037e4                I2C1_IRQHandler
                0x00000000080037e4                RCC_CRS_IRQHandler
                0x00000000080037e4                SPI1_IRQHandler
                0x00000000080037e4                TIM6_DAC_IRQHandler
                0x00000000080037e4                USART3_4_IRQHandler
                0x00000000080037e4                EXTI2_3_IRQHandler
                0x00000000080037e4                I2C2_IRQHandler
                0x00000000080037e4                TIM17_IRQHandler
                0x00000000080037e4                CEC_CAN_IRQHandler
                0x00000000080037e4                RTC_IRQHandler
                0x00000000080037e4                PVD_VDDIO2_IRQHandler
                0x00000000080037e4                DMA1_Channel4_5_6_7_IRQHandler
                0x00000000080037e4                TIM16_IRQHandler
                0x00000000080037e4                TIM3_IRQHandler
                0x00000000080037e4                EXTI4_15_IRQHandler
                0x00000000080037e4                Default_Handler
                0x00000000080037e4                TIM14_IRQHandler
                0x00000000080037e4                TIM7_IRQHandler
                0x00000000080037e4                TIM15_IRQHandler
                0x00000000080037e4                EXTI0_1_IRQHandler
                0x00000000080037e4                SPI2_IRQHandler
                0x00000000080037e4                WWDG_IRQHandler
                0x00000000080037e4                TIM2_IRQHandler
                0x00000000080037e4                DMA1_Channel2_3_IRQHandler
                0x00000000080037e4                USART2_IRQHandler
                0x00000000080037e4                FLASH_IRQHandler
                0x00000000080037e4                USART1_IRQHandler
                0x00000000080037e4                TIM1_BRK_UP_TRG_COM_IRQHandler
 *fill*         0x00000000080037e6        0x2 
 .text.__libc_init_array
                0x00000000080037e8       0x48 /home/janhenrik/programme/gcc-arm-none-eabi-7-2018-q2-update/bin/../lib/gcc/arm-none-eabi/7.3.1/../../../../arm-none-eabi/lib/thumb/v6-m/libc_nano.a(lib_a-init.o)
                0x00000000080037e8                __libc_init_array
 .text.memset   0x0000000008003830       0x10 /home/janhenrik/programme/gcc-arm-none-eabi-7-2018-q2-update/bin/../lib/gcc/arm-none-eabi/7.3.1/../../../../arm-none-eabi/lib/thumb/v6-m/libc_nano.a(lib_a-memset.o)
                0x0000000008003830                memset
 *(.glue_7)
 .glue_7        0x0000000008003840        0x0 linker stubs
 *(.glue_7t)
 .glue_7t       0x0000000008003840        0x0 linker stubs
 *(.eh_frame)
 .eh_frame      0x0000000008003840        0x0 /home/janhenrik/programme/gcc-arm-none-eabi-7-2018-q2-update/bin/../lib/gcc/arm-none-eabi/7.3.1/thumb/v6-m/crtbegin.o
 *(.init)
 .init          0x0000000008003840        0x4 /home/janhenrik/programme/gcc-arm-none-eabi-7-2018-q2-update/bin/../lib/gcc/arm-none-eabi/7.3.1/thumb/v6-m/crti.o
                0x0000000008003840                _init
 .init          0x0000000008003844        0x8 /home/janhenrik/programme/gcc-arm-none-eabi-7-2018-q2-update/bin/../lib/gcc/arm-none-eabi/7.3.1/thumb/v6-m/crtn.o
 *(.fini)
 .fini          0x000000000800384c        0x4 /home/janhenrik/programme/gcc-arm-none-eabi-7-2018-q2-update/bin/../lib/gcc/arm-none-eabi/7.3.1/thumb/v6-m/crti.o
                0x000000000800384c                _fini
 .fini          0x0000000008003850        0x8 /home/janhenrik/programme/gcc-arm-none-eabi-7-2018-q2-update/bin/../lib/gcc/arm-none-eabi/7.3.1/thumb/v6-m/crtn.o
                0x0000000008003858                . = ALIGN (0x4)
                0x0000000008003858                _etext = .

.vfp11_veneer   0x0000000008003858        0x0
 .vfp11_veneer  0x0000000008003858        0x0 linker stubs

.v4_bx          0x0000000008003858        0x0
 .v4_bx         0x0000000008003858        0x0 linker stubs

.iplt           0x0000000008003858        0x0
 .iplt          0x0000000008003858        0x0 /home/janhenrik/programme/gcc-arm-none-eabi-7-2018-q2-update/bin/../lib/gcc/arm-none-eabi/7.3.1/thumb/v6-m/crtbegin.o

.rodata         0x0000000008003858      0x11c
                0x0000000008003858                . = ALIGN (0x4)
 *(.rodata)
 .rodata        0x0000000008003858       0x20 build/stm32f0xx_hal_rcc.o
 *(.rodata*)
 .rodata.USBD_FS_ConfigStrDescriptor.str1.4
                0x0000000008003878        0xc build/usbd_desc.o
 .rodata.USBD_FS_InterfaceStrDescriptor.str1.4
                0x0000000008003884        0xf build/usbd_desc.o
 *fill*         0x0000000008003893        0x1 
 .rodata.USBD_FS_ManufacturerStrDescriptor.str1.4
                0x0000000008003894       0x11 build/usbd_desc.o
 *fill*         0x00000000080038a5        0x3 
 .rodata.USBD_FS_ProductStrDescriptor.str1.4
                0x00000000080038a8        0xb build/usbd_desc.o
 *fill*         0x00000000080038b3        0x1 
 .rodata.USBD_FS_SerialStrDescriptor.str1.4
                0x00000000080038b4       0x10 build/usbd_desc.o
                                          0xd (size before relaxing)
 .rodata.MIDI_DataRx
                0x00000000080038c4       0x40 build/usbd_midi_if.o
 .rodata.USBD_GetDescriptor
                0x0000000008003904       0x38 build/usbd_ctlreq.o
 .rodata.USBD_StdDevReq
                0x000000000800393c       0x28 build/usbd_ctlreq.o
 .rodata.AHBPrescTable
                0x0000000008003964       0x10 build/system_stm32f0xx.o
                0x0000000008003964                AHBPrescTable
                0x0000000008003974                . = ALIGN (0x4)

.rel.dyn        0x0000000008003974        0x0
 .rel.iplt      0x0000000008003974        0x0 /home/janhenrik/programme/gcc-arm-none-eabi-7-2018-q2-update/bin/../lib/gcc/arm-none-eabi/7.3.1/thumb/v6-m/crtbegin.o

.ARM.extab
 *(.ARM.extab* .gnu.linkonce.armextab.*)

.ARM            0x0000000008003974        0x0
                0x0000000008003974                __exidx_start = .
 *(.ARM.exidx*)
                0x0000000008003974                __exidx_end = .

.preinit_array  0x0000000008003974        0x0
                0x0000000008003974                PROVIDE (__preinit_array_start = .)
 *(.preinit_array*)
                0x0000000008003974                PROVIDE (__preinit_array_end = .)

.init_array     0x0000000008003974        0x4
                0x0000000008003974                PROVIDE (__init_array_start = .)
 *(SORT_BY_NAME(.init_array.*))
 *(.init_array*)
 .init_array    0x0000000008003974        0x4 /home/janhenrik/programme/gcc-arm-none-eabi-7-2018-q2-update/bin/../lib/gcc/arm-none-eabi/7.3.1/thumb/v6-m/crtbegin.o
                0x0000000008003978                PROVIDE (__init_array_end = .)

.fini_array     0x0000000008003978        0x4
                [!provide]                        PROVIDE (__fini_array_start = .)
 *(SORT_BY_NAME(.fini_array.*))
 *(.fini_array*)
 .fini_array    0x0000000008003978        0x4 /home/janhenrik/programme/gcc-arm-none-eabi-7-2018-q2-update/bin/../lib/gcc/arm-none-eabi/7.3.1/thumb/v6-m/crtbegin.o
                [!provide]                        PROVIDE (__fini_array_end = .)
                0x000000000800397c                _sidata = LOADADDR (.data)

.data           0x0000000020000000      0x108 load address 0x000000000800397c
                0x0000000020000000                . = ALIGN (0x4)
                0x0000000020000000                _sdata = .
 *(.data)
 *(.data*)
 .data.uwTickFreq
                0x0000000020000000        0x1 build/stm32f0xx_hal.o
                0x0000000020000000                uwTickFreq
 *fill*         0x0000000020000001        0x3 
 .data.uwTickPrio
                0x0000000020000004        0x4 build/stm32f0xx_hal.o
                0x0000000020000004                uwTickPrio
 .data.FS_Desc  0x0000000020000008       0x1c build/usbd_desc.o
                0x0000000020000008                FS_Desc
 .data.USBD_FS_DeviceDesc
                0x0000000020000024       0x12 build/usbd_desc.o
                0x0000000020000024                USBD_FS_DeviceDesc
 *fill*         0x0000000020000036        0x2 
 .data.USBD_LangIDDesc
                0x0000000020000038        0x4 build/usbd_desc.o
                0x0000000020000038                USBD_LangIDDesc
 .data.USBD_Interface_fops_FS
                0x000000002000003c        0x8 build/usbd_midi_if.o
                0x000000002000003c                USBD_Interface_fops_FS
 .data.USBD_MIDI
                0x0000000020000044       0x38 build/usbd_midi.o
                0x0000000020000044                USBD_MIDI
 .data.USBD_MIDI_CfgDesc
                0x000000002000007c       0x85 build/usbd_midi.o
                0x000000002000007c                USBD_MIDI_CfgDesc
 *fill*         0x0000000020000101        0x3 
 .data.SystemCoreClock
                0x0000000020000104        0x4 build/system_stm32f0xx.o
                0x0000000020000104                SystemCoreClock
                0x0000000020000108                . = ALIGN (0x4)
                0x0000000020000108                _edata = .

.igot.plt       0x0000000020000108        0x0 load address 0x0000000008003a84
 .igot.plt      0x0000000020000108        0x0 /home/janhenrik/programme/gcc-arm-none-eabi-7-2018-q2-update/bin/../lib/gcc/arm-none-eabi/7.3.1/thumb/v6-m/crtbegin.o
                0x0000000020000108                . = ALIGN (0x4)

.bss            0x0000000020000108      0x8a8 load address 0x0000000008003a84
                0x0000000020000108                _sbss = .
                0x0000000020000108                __bss_start__ = _sbss
 *(.bss)
 .bss           0x0000000020000108       0x1c /home/janhenrik/programme/gcc-arm-none-eabi-7-2018-q2-update/bin/../lib/gcc/arm-none-eabi/7.3.1/thumb/v6-m/crtbegin.o
 *(.bss*)
 .bss.cfgidx.7846
                0x0000000020000124        0x1 build/usbd_ctlreq.o
 *fill*         0x0000000020000125        0x3 
 .bss.APP_Rx_ptr_in
                0x0000000020000128        0x4 build/usbd_midi.o
                0x0000000020000128                APP_Rx_ptr_in
 .bss.USB_Tx_State
                0x000000002000012c        0x1 build/usbd_midi.o
                0x000000002000012c                USB_Tx_State
 *fill*         0x000000002000012d        0x3 
 .bss.pInstance
                0x0000000020000130        0x4 build/usbd_midi.o
                0x0000000020000130                pInstance
 *(COMMON)
 COMMON         0x0000000020000134      0x308 build/main.o
                0x0000000020000134                hdma_adc
                0x0000000020000178                hpcd_USB_FS
                0x00000000200003ec                ADCval
                0x00000000200003fc                hadc
 COMMON         0x000000002000043c        0x4 build/stm32f0xx_hal.o
                0x000000002000043c                uwTick
 COMMON         0x0000000020000440      0x224 build/usb_device.o
                0x0000000020000440                hUsbDeviceFS
 COMMON         0x0000000020000664      0x200 build/usbd_desc.o
                0x0000000020000664                USBD_StrDesc
 COMMON         0x0000000020000864        0xc build/usbd_midi_if.o
                0x0000000020000864                rbuf_jack_rx
                0x0000000020000864                rx_midi_msg
                0x0000000020000864                midi_event
                0x0000000020000864                rbuf_usb_rx
                0x0000000020000870                analyzed_status
 COMMON         0x0000000020000870      0x140 build/usbd_midi.o
                0x0000000020000870                USB_Rx_Buffer
                0x00000000200008b0                APP_Rx_Buffer
                0x00000000200009b0                . = ALIGN (0x4)
                0x00000000200009b0                _ebss = .
                0x00000000200009b0                __bss_end__ = _ebss

._user_heap_stack
                0x00000000200009b0      0x600 load address 0x0000000008003a84
                0x00000000200009b0                . = ALIGN (0x8)
                0x00000000200009b0                PROVIDE (end = .)
                [!provide]                        PROVIDE (_end = .)
                0x0000000020000bb0                . = (. + _Min_Heap_Size)
 *fill*         0x00000000200009b0      0x200 
                0x0000000020000fb0                . = (. + _Min_Stack_Size)
 *fill*         0x0000000020000bb0      0x400 
                0x0000000020000fb0                . = ALIGN (0x8)

/DISCARD/
 libc.a(*)
 libm.a(*)
 libgcc.a(*)

.ARM.attributes
                0x0000000000000000       0x28
 *(.ARM.attributes)
 .ARM.attributes
                0x0000000000000000       0x1e /home/janhenrik/programme/gcc-arm-none-eabi-7-2018-q2-update/bin/../lib/gcc/arm-none-eabi/7.3.1/thumb/v6-m/crti.o
 .ARM.attributes
                0x000000000000001e       0x2c /home/janhenrik/programme/gcc-arm-none-eabi-7-2018-q2-update/bin/../lib/gcc/arm-none-eabi/7.3.1/thumb/v6-m/crtbegin.o
 .ARM.attributes
                0x000000000000004a       0x31 build/main.o
 .ARM.attributes
                0x000000000000007b       0x31 build/stm32f0xx_it.o
 .ARM.attributes
                0x00000000000000ac       0x31 build/stm32f0xx_hal_msp.o
 .ARM.attributes
                0x00000000000000dd       0x31 build/stm32f0xx_ll_usb.o
 .ARM.attributes
                0x000000000000010e       0x31 build/stm32f0xx_hal_adc.o
 .ARM.attributes
                0x000000000000013f       0x31 build/stm32f0xx_hal_rcc.o
 .ARM.attributes
                0x0000000000000170       0x31 build/stm32f0xx_hal_rcc_ex.o
 .ARM.attributes
                0x00000000000001a1       0x31 build/stm32f0xx_hal.o
 .ARM.attributes
                0x00000000000001d2       0x31 build/stm32f0xx_hal_gpio.o
 .ARM.attributes
                0x0000000000000203       0x31 build/stm32f0xx_hal_dma.o
 .ARM.attributes
                0x0000000000000234       0x31 build/stm32f0xx_hal_cortex.o
 .ARM.attributes
                0x0000000000000265       0x31 build/stm32f0xx_hal_pcd.o
 .ARM.attributes
                0x0000000000000296       0x31 build/stm32f0xx_hal_pcd_ex.o
 .ARM.attributes
                0x00000000000002c7       0x31 build/usb_device.o
 .ARM.attributes
                0x00000000000002f8       0x31 build/usbd_conf.o
 .ARM.attributes
                0x0000000000000329       0x31 build/usbd_desc.o
 .ARM.attributes
                0x000000000000035a       0x31 build/usbd_midi_if.o
 .ARM.attributes
                0x000000000000038b       0x31 build/usbd_core.o
 .ARM.attributes
                0x00000000000003bc       0x31 build/usbd_ctlreq.o
 .ARM.attributes
                0x00000000000003ed       0x31 build/usbd_ioreq.o
 .ARM.attributes
                0x000000000000041e       0x31 build/usbd_midi.o
 .ARM.attributes
                0x000000000000044f       0x31 build/curebuffer.o
 .ARM.attributes
                0x0000000000000480       0x31 build/system_stm32f0xx.o
 .ARM.attributes
                0x00000000000004b1       0x21 build/startup_stm32f072xb.o
 .ARM.attributes
                0x00000000000004d2       0x2c /home/janhenrik/programme/gcc-arm-none-eabi-7-2018-q2-update/bin/../lib/gcc/arm-none-eabi/7.3.1/../../../../arm-none-eabi/lib/thumb/v6-m/libc_nano.a(lib_a-init.o)
 .ARM.attributes
                0x00000000000004fe       0x2c /home/janhenrik/programme/gcc-arm-none-eabi-7-2018-q2-update/bin/../lib/gcc/arm-none-eabi/7.3.1/../../../../arm-none-eabi/lib/thumb/v6-m/libc_nano.a(lib_a-memset.o)
 .ARM.attributes
                0x000000000000052a       0x1e /home/janhenrik/programme/gcc-arm-none-eabi-7-2018-q2-update/bin/../lib/gcc/arm-none-eabi/7.3.1/thumb/v6-m/libgcc.a(_udivsi3.o)
 .ARM.attributes
                0x0000000000000548       0x1e /home/janhenrik/programme/gcc-arm-none-eabi-7-2018-q2-update/bin/../lib/gcc/arm-none-eabi/7.3.1/thumb/v6-m/libgcc.a(_dvmd_tls.o)
 .ARM.attributes
                0x0000000000000566       0x1e /home/janhenrik/programme/gcc-arm-none-eabi-7-2018-q2-update/bin/../lib/gcc/arm-none-eabi/7.3.1/thumb/v6-m/crtn.o
OUTPUT(build/midi-dials.elf elf32-littlearm)

.debug_info     0x0000000000000000    0x17379
 .debug_info    0x0000000000000000     0x239a build/main.o
 .debug_info    0x000000000000239a      0x9a0 build/stm32f0xx_it.o
 .debug_info    0x0000000000002d3a      0xa35 build/stm32f0xx_hal_msp.o
 .debug_info    0x000000000000376f     0x16b5 build/stm32f0xx_ll_usb.o
 .debug_info    0x0000000000004e24      0xfdf build/stm32f0xx_hal_adc.o
 .debug_info    0x0000000000005e03      0xade build/stm32f0xx_hal_rcc.o
 .debug_info    0x00000000000068e1      0x7c3 build/stm32f0xx_hal_rcc_ex.o
 .debug_info    0x00000000000070a4      0x7f4 build/stm32f0xx_hal.o
 .debug_info    0x0000000000007898      0x703 build/stm32f0xx_hal_gpio.o
 .debug_info    0x0000000000007f9b      0x8ea build/stm32f0xx_hal_dma.o
 .debug_info    0x0000000000008885      0x8b7 build/stm32f0xx_hal_cortex.o
 .debug_info    0x000000000000913c     0x13e4 build/stm32f0xx_hal_pcd.o
 .debug_info    0x000000000000a520      0xa73 build/stm32f0xx_hal_pcd_ex.o
 .debug_info    0x000000000000af93     0x1040 build/usb_device.o
 .debug_info    0x000000000000bfd3     0x2282 build/usbd_conf.o
 .debug_info    0x000000000000e255      0xeba build/usbd_desc.o
 .debug_info    0x000000000000f10f     0x16d3 build/usbd_midi_if.o
 .debug_info    0x00000000000107e2     0x16b2 build/usbd_core.o
 .debug_info    0x0000000000011e94     0x187f build/usbd_ctlreq.o
 .debug_info    0x0000000000013713     0x1189 build/usbd_ioreq.o
 .debug_info    0x000000000001489c     0x1807 build/usbd_midi.o
 .debug_info    0x00000000000160a3      0xfe1 build/curebuffer.o
 .debug_info    0x0000000000017084      0x2d3 build/system_stm32f0xx.o
 .debug_info    0x0000000000017357       0x22 build/startup_stm32f072xb.o

.debug_abbrev   0x0000000000000000     0x3750
 .debug_abbrev  0x0000000000000000      0x29a build/main.o
 .debug_abbrev  0x000000000000029a      0x183 build/stm32f0xx_it.o
 .debug_abbrev  0x000000000000041d      0x1d0 build/stm32f0xx_hal_msp.o
 .debug_abbrev  0x00000000000005ed      0x303 build/stm32f0xx_ll_usb.o
 .debug_abbrev  0x00000000000008f0      0x28c build/stm32f0xx_hal_adc.o
 .debug_abbrev  0x0000000000000b7c      0x269 build/stm32f0xx_hal_rcc.o
 .debug_abbrev  0x0000000000000de5      0x208 build/stm32f0xx_hal_rcc_ex.o
 .debug_abbrev  0x0000000000000fed      0x209 build/stm32f0xx_hal.o
 .debug_abbrev  0x00000000000011f6      0x213 build/stm32f0xx_hal_gpio.o
 .debug_abbrev  0x0000000000001409      0x252 build/stm32f0xx_hal_dma.o
 .debug_abbrev  0x000000000000165b      0x279 build/stm32f0xx_hal_cortex.o
 .debug_abbrev  0x00000000000018d4      0x2c8 build/stm32f0xx_hal_pcd.o
 .debug_abbrev  0x0000000000001b9c      0x256 build/stm32f0xx_hal_pcd_ex.o
 .debug_abbrev  0x0000000000001df2      0x209 build/usb_device.o
 .debug_abbrev  0x0000000000001ffb      0x317 build/usbd_conf.o
 .debug_abbrev  0x0000000000002312      0x284 build/usbd_desc.o
 .debug_abbrev  0x0000000000002596      0x377 build/usbd_midi_if.o
 .debug_abbrev  0x000000000000290d      0x2e2 build/usbd_core.o
 .debug_abbrev  0x0000000000002bef      0x325 build/usbd_ctlreq.o
 .debug_abbrev  0x0000000000002f14      0x1f7 build/usbd_ioreq.o
 .debug_abbrev  0x000000000000310b      0x2c7 build/usbd_midi.o
 .debug_abbrev  0x00000000000033d2      0x242 build/curebuffer.o
 .debug_abbrev  0x0000000000003614      0x12a build/system_stm32f0xx.o
 .debug_abbrev  0x000000000000373e       0x12 build/startup_stm32f072xb.o

.debug_loc      0x0000000000000000     0x9211
 .debug_loc     0x0000000000000000       0xf1 build/main.o
 .debug_loc     0x00000000000000f1       0x60 build/stm32f0xx_it.o
 .debug_loc     0x0000000000000151       0xe5 build/stm32f0xx_hal_msp.o
 .debug_loc     0x0000000000000236     0x1233 build/stm32f0xx_ll_usb.o
 .debug_loc     0x0000000000001469      0xec0 build/stm32f0xx_hal_adc.o
 .debug_loc     0x0000000000002329      0x61b build/stm32f0xx_hal_rcc.o
 .debug_loc     0x0000000000002944      0x857 build/stm32f0xx_hal_rcc_ex.o
 .debug_loc     0x000000000000319b      0x1bb build/stm32f0xx_hal.o
 .debug_loc     0x0000000000003356      0x3e1 build/stm32f0xx_hal_gpio.o
 .debug_loc     0x0000000000003737      0x973 build/stm32f0xx_hal_dma.o
 .debug_loc     0x00000000000040aa      0x3f7 build/stm32f0xx_hal_cortex.o
 .debug_loc     0x00000000000044a1      0xd92 build/stm32f0xx_hal_pcd.o
 .debug_loc     0x0000000000005233      0x20b build/stm32f0xx_hal_pcd_ex.o
 .debug_loc     0x000000000000543e       0x20 build/usb_device.o
 .debug_loc     0x000000000000545e      0xf25 build/usbd_conf.o
 .debug_loc     0x0000000000006383      0x357 build/usbd_desc.o
 .debug_loc     0x00000000000066da      0x81e build/usbd_midi_if.o
 .debug_loc     0x0000000000006ef8      0x8c4 build/usbd_core.o
 .debug_loc     0x00000000000077bc      0xc9d build/usbd_ctlreq.o
 .debug_loc     0x0000000000008459      0x31c build/usbd_ioreq.o
 .debug_loc     0x0000000000008775      0x294 build/usbd_midi.o
 .debug_loc     0x0000000000008a09      0x6bd build/curebuffer.o
 .debug_loc     0x00000000000090c6      0x14b build/system_stm32f0xx.o

.debug_aranges  0x0000000000000000      0xc30
 .debug_aranges
                0x0000000000000000       0x48 build/main.o
 .debug_aranges
                0x0000000000000048       0x50 build/stm32f0xx_it.o
 .debug_aranges
                0x0000000000000098       0x30 build/stm32f0xx_hal_msp.o
 .debug_aranges
                0x00000000000000c8      0x108 build/stm32f0xx_ll_usb.o
 .debug_aranges
                0x00000000000001d0       0xf8 build/stm32f0xx_hal_adc.o
 .debug_aranges
                0x00000000000002c8       0x80 build/stm32f0xx_hal_rcc.o
 .debug_aranges
                0x0000000000000348       0x78 build/stm32f0xx_hal_rcc_ex.o
 .debug_aranges
                0x00000000000003c0       0xd0 build/stm32f0xx_hal.o
 .debug_aranges
                0x0000000000000490       0x58 build/stm32f0xx_hal_gpio.o
 .debug_aranges
                0x00000000000004e8       0x88 build/stm32f0xx_hal_dma.o
 .debug_aranges
                0x0000000000000570       0x78 build/stm32f0xx_hal_cortex.o
 .debug_aranges
                0x00000000000005e8      0x120 build/stm32f0xx_hal_pcd.o
 .debug_aranges
                0x0000000000000708       0x58 build/stm32f0xx_hal_pcd_ex.o
 .debug_aranges
                0x0000000000000760       0x28 build/usb_device.o
 .debug_aranges
                0x0000000000000788      0x108 build/usbd_conf.o
 .debug_aranges
                0x0000000000000890       0x50 build/usbd_desc.o
 .debug_aranges
                0x00000000000008e0       0x80 build/usbd_midi_if.o
 .debug_aranges
                0x0000000000000960       0xb8 build/usbd_core.o
 .debug_aranges
                0x0000000000000a18       0x88 build/usbd_ctlreq.o
 .debug_aranges
                0x0000000000000aa0       0x50 build/usbd_ioreq.o
 .debug_aranges
                0x0000000000000af0       0x50 build/usbd_midi.o
 .debug_aranges
                0x0000000000000b40       0xa0 build/curebuffer.o
 .debug_aranges
                0x0000000000000be0       0x28 build/system_stm32f0xx.o
 .debug_aranges
                0x0000000000000c08       0x28 build/startup_stm32f072xb.o

.debug_ranges   0x0000000000000000      0xcb0
 .debug_ranges  0x0000000000000000       0x38 build/main.o
 .debug_ranges  0x0000000000000038       0x40 build/stm32f0xx_it.o
 .debug_ranges  0x0000000000000078       0x20 build/stm32f0xx_hal_msp.o
 .debug_ranges  0x0000000000000098      0x218 build/stm32f0xx_ll_usb.o
 .debug_ranges  0x00000000000002b0       0xe8 build/stm32f0xx_hal_adc.o
 .debug_ranges  0x0000000000000398       0x88 build/stm32f0xx_hal_rcc.o
 .debug_ranges  0x0000000000000420       0x80 build/stm32f0xx_hal_rcc_ex.o
 .debug_ranges  0x00000000000004a0       0xc0 build/stm32f0xx_hal.o
 .debug_ranges  0x0000000000000560       0x48 build/stm32f0xx_hal_gpio.o
 .debug_ranges  0x00000000000005a8       0x78 build/stm32f0xx_hal_dma.o
 .debug_ranges  0x0000000000000620       0xc8 build/stm32f0xx_hal_cortex.o
 .debug_ranges  0x00000000000006e8      0x140 build/stm32f0xx_hal_pcd.o
 .debug_ranges  0x0000000000000828       0x48 build/stm32f0xx_hal_pcd_ex.o
 .debug_ranges  0x0000000000000870       0x18 build/usb_device.o
 .debug_ranges  0x0000000000000888       0xf8 build/usbd_conf.o
 .debug_ranges  0x0000000000000980       0x40 build/usbd_desc.o
 .debug_ranges  0x00000000000009c0       0x88 build/usbd_midi_if.o
 .debug_ranges  0x0000000000000a48       0xa8 build/usbd_core.o
 .debug_ranges  0x0000000000000af0       0x78 build/usbd_ctlreq.o
 .debug_ranges  0x0000000000000b68       0x40 build/usbd_ioreq.o
 .debug_ranges  0x0000000000000ba8       0x40 build/usbd_midi.o
 .debug_ranges  0x0000000000000be8       0x90 build/curebuffer.o
 .debug_ranges  0x0000000000000c78       0x18 build/system_stm32f0xx.o
 .debug_ranges  0x0000000000000c90       0x20 build/startup_stm32f072xb.o

.debug_line     0x0000000000000000     0x6285
 .debug_line    0x0000000000000000      0x4ce build/main.o
 .debug_line    0x00000000000004ce      0x25f build/stm32f0xx_it.o
 .debug_line    0x000000000000072d      0x279 build/stm32f0xx_hal_msp.o
 .debug_line    0x00000000000009a6      0x68a build/stm32f0xx_ll_usb.o
 .debug_line    0x0000000000001030      0x762 build/stm32f0xx_hal_adc.o
 .debug_line    0x0000000000001792      0x4e6 build/stm32f0xx_hal_rcc.o
 .debug_line    0x0000000000001c78      0x468 build/stm32f0xx_hal_rcc_ex.o
 .debug_line    0x00000000000020e0      0x3bb build/stm32f0xx_hal.o
 .debug_line    0x000000000000249b      0x33c build/stm32f0xx_hal_gpio.o
 .debug_line    0x00000000000027d7      0x43d build/stm32f0xx_hal_dma.o
 .debug_line    0x0000000000002c14      0x372 build/stm32f0xx_hal_cortex.o
 .debug_line    0x0000000000002f86      0x6d2 build/stm32f0xx_hal_pcd.o
 .debug_line    0x0000000000003658      0x2bb build/stm32f0xx_hal_pcd_ex.o
 .debug_line    0x0000000000003913      0x337 build/usb_device.o
 .debug_line    0x0000000000003c4a      0x615 build/usbd_conf.o
 .debug_line    0x000000000000425f      0x355 build/usbd_desc.o
 .debug_line    0x00000000000045b4      0x540 build/usbd_midi_if.o
 .debug_line    0x0000000000004af4      0x500 build/usbd_core.o
 .debug_line    0x0000000000004ff4      0x512 build/usbd_ctlreq.o
 .debug_line    0x0000000000005506      0x366 build/usbd_ioreq.o
 .debug_line    0x000000000000586c      0x3fa build/usbd_midi.o
 .debug_line    0x0000000000005c66      0x3da build/curebuffer.o
 .debug_line    0x0000000000006040      0x1ce build/system_stm32f0xx.o
 .debug_line    0x000000000000620e       0x77 build/startup_stm32f072xb.o

.debug_str      0x0000000000000000     0x3a71
 .debug_str     0x0000000000000000     0x1583 build/main.o
                                       0x16e4 (size before relaxing)
 .debug_str     0x0000000000001583       0xb6 build/stm32f0xx_it.o
                                        0x7fe (size before relaxing)
 .debug_str     0x0000000000001639       0x98 build/stm32f0xx_hal_msp.o
                                        0x72f (size before relaxing)
 .debug_str     0x00000000000016d1      0x367 build/stm32f0xx_ll_usb.o
                                        0x7c3 (size before relaxing)
 .debug_str     0x0000000000001a38      0x2f7 build/stm32f0xx_hal_adc.o
                                        0x96c (size before relaxing)
 .debug_str     0x0000000000001d2f      0x204 build/stm32f0xx_hal_rcc.o
                                        0x6b1 (size before relaxing)
 .debug_str     0x0000000000001f33      0x297 build/stm32f0xx_hal_rcc_ex.o
                                        0x6a9 (size before relaxing)
 .debug_str     0x00000000000021ca      0x1db build/stm32f0xx_hal.o
                                        0x705 (size before relaxing)
 .debug_str     0x00000000000023a5      0x108 build/stm32f0xx_hal_gpio.o
                                        0x49c (size before relaxing)
 .debug_str     0x00000000000024ad      0x201 build/stm32f0xx_hal_dma.o
                                        0x6b1 (size before relaxing)
 .debug_str     0x00000000000026ae      0x24d build/stm32f0xx_hal_cortex.o
                                        0x6ef (size before relaxing)
 .debug_str     0x00000000000028fb      0x35d build/stm32f0xx_hal_pcd.o
                                        0xaca (size before relaxing)
 .debug_str     0x0000000000002c58      0x191 build/stm32f0xx_hal_pcd_ex.o
                                        0x7f3 (size before relaxing)
 .debug_str     0x0000000000002de9       0x68 build/usb_device.o
                                        0xad7 (size before relaxing)
 .debug_str     0x0000000000002e51      0x278 build/usbd_conf.o
                                       0x14d9 (size before relaxing)
 .debug_str     0x00000000000030c9      0x11a build/usbd_desc.o
                                        0x854 (size before relaxing)
 .debug_str     0x00000000000031e3      0x317 build/usbd_midi_if.o
                                        0xda7 (size before relaxing)
 .debug_str     0x00000000000034fa      0x13e build/usbd_core.o
                                        0xc99 (size before relaxing)
 .debug_str     0x0000000000003638       0xe2 build/usbd_ctlreq.o
                                        0xbb3 (size before relaxing)
 .debug_str     0x000000000000371a       0x60 build/usbd_ioreq.o
                                        0xae0 (size before relaxing)
 .debug_str     0x000000000000377a       0xd5 build/usbd_midi.o
                                        0xf10 (size before relaxing)
 .debug_str     0x000000000000384f      0x1c6 build/curebuffer.o
                                        0x7f8 (size before relaxing)
 .debug_str     0x0000000000003a15       0x38 build/system_stm32f0xx.o
                                        0x2c8 (size before relaxing)
 .debug_str     0x0000000000003a4d       0x24 build/startup_stm32f072xb.o
                                         0x49 (size before relaxing)

.comment        0x0000000000000000       0x7f
 .comment       0x0000000000000000       0x7f build/main.o
                                         0x80 (size before relaxing)
 .comment       0x000000000000007f       0x80 build/stm32f0xx_it.o
 .comment       0x000000000000007f       0x80 build/stm32f0xx_hal_msp.o
 .comment       0x000000000000007f       0x80 build/stm32f0xx_ll_usb.o
 .comment       0x000000000000007f       0x80 build/stm32f0xx_hal_adc.o
 .comment       0x000000000000007f       0x80 build/stm32f0xx_hal_rcc.o
 .comment       0x000000000000007f       0x80 build/stm32f0xx_hal_rcc_ex.o
 .comment       0x000000000000007f       0x80 build/stm32f0xx_hal.o
 .comment       0x000000000000007f       0x80 build/stm32f0xx_hal_gpio.o
 .comment       0x000000000000007f       0x80 build/stm32f0xx_hal_dma.o
 .comment       0x000000000000007f       0x80 build/stm32f0xx_hal_cortex.o
 .comment       0x000000000000007f       0x80 build/stm32f0xx_hal_pcd.o
 .comment       0x000000000000007f       0x80 build/stm32f0xx_hal_pcd_ex.o
 .comment       0x000000000000007f       0x80 build/usb_device.o
 .comment       0x000000000000007f       0x80 build/usbd_conf.o
 .comment       0x000000000000007f       0x80 build/usbd_desc.o
 .comment       0x000000000000007f       0x80 build/usbd_midi_if.o
 .comment       0x000000000000007f       0x80 build/usbd_core.o
 .comment       0x000000000000007f       0x80 build/usbd_ctlreq.o
 .comment       0x000000000000007f       0x80 build/usbd_ioreq.o
 .comment       0x000000000000007f       0x80 build/usbd_midi.o
 .comment       0x000000000000007f       0x80 build/curebuffer.o
 .comment       0x000000000000007f       0x80 build/system_stm32f0xx.o

.debug_frame    0x0000000000000000     0x1fb4
 .debug_frame   0x0000000000000000       0xd0 build/main.o
 .debug_frame   0x00000000000000d0       0xa4 build/stm32f0xx_it.o
 .debug_frame   0x0000000000000174       0x60 build/stm32f0xx_hal_msp.o
 .debug_frame   0x00000000000001d4      0x254 build/stm32f0xx_ll_usb.o
 .debug_frame   0x0000000000000428      0x2f8 build/stm32f0xx_hal_adc.o
 .debug_frame   0x0000000000000720      0x15c build/stm32f0xx_hal_rcc.o
 .debug_frame   0x000000000000087c      0x10c build/stm32f0xx_hal_rcc_ex.o
 .debug_frame   0x0000000000000988      0x1c0 build/stm32f0xx_hal.o
 .debug_frame   0x0000000000000b48       0xd8 build/stm32f0xx_hal_gpio.o
 .debug_frame   0x0000000000000c20      0x198 build/stm32f0xx_hal_dma.o
 .debug_frame   0x0000000000000db8       0xec build/stm32f0xx_hal_cortex.o
 .debug_frame   0x0000000000000ea4      0x330 build/stm32f0xx_hal_pcd.o
 .debug_frame   0x00000000000011d4       0xac build/stm32f0xx_hal_pcd_ex.o
 .debug_frame   0x0000000000001280       0x3c build/usb_device.o
 .debug_frame   0x00000000000012bc      0x33c build/usbd_conf.o
 .debug_frame   0x00000000000015f8       0xbc build/usbd_desc.o
 .debug_frame   0x00000000000016b4      0x19c build/usbd_midi_if.o
 .debug_frame   0x0000000000001850      0x1ec build/usbd_core.o
 .debug_frame   0x0000000000001a3c      0x198 build/usbd_ctlreq.o
 .debug_frame   0x0000000000001bd4       0xd4 build/usbd_ioreq.o
 .debug_frame   0x0000000000001ca8       0xb4 build/usbd_midi.o
 .debug_frame   0x0000000000001d5c      0x1b0 build/curebuffer.o
 .debug_frame   0x0000000000001f0c       0x3c build/system_stm32f0xx.o
 .debug_frame   0x0000000000001f48       0x2c /home/janhenrik/programme/gcc-arm-none-eabi-7-2018-q2-update/bin/../lib/gcc/arm-none-eabi/7.3.1/../../../../arm-none-eabi/lib/thumb/v6-m/libc_nano.a(lib_a-init.o)
 .debug_frame   0x0000000000001f74       0x20 /home/janhenrik/programme/gcc-arm-none-eabi-7-2018-q2-update/bin/../lib/gcc/arm-none-eabi/7.3.1/../../../../arm-none-eabi/lib/thumb/v6-m/libc_nano.a(lib_a-memset.o)
 .debug_frame   0x0000000000001f94       0x20 /home/janhenrik/programme/gcc-arm-none-eabi-7-2018-q2-update/bin/../lib/gcc/arm-none-eabi/7.3.1/thumb/v6-m/libgcc.a(_udivsi3.o)

Cross Reference Table

Symbol                                            File
ADC1_COMP_IRQHandler                              build/startup_stm32f072xb.o
ADCval                                            build/main.o
AHBPrescTable                                     build/system_stm32f0xx.o
                                                  build/stm32f0xx_hal_rcc.o
APBPrescTable                                     build/system_stm32f0xx.o
                                                  build/stm32f0xx_hal_rcc.o
APP_Rx_Buffer                                     build/usbd_midi.o
                                                  build/usbd_midi_if.o
APP_Rx_length                                     build/usbd_midi.o
APP_Rx_ptr_in                                     build/usbd_midi.o
                                                  build/usbd_midi_if.o
APP_Rx_ptr_out                                    build/usbd_midi.o
CEC_CAN_IRQHandler                                build/startup_stm32f072xb.o
DMA1_Channel1_IRQHandler                          build/stm32f0xx_it.o
DMA1_Channel2_3_IRQHandler                        build/startup_stm32f072xb.o
DMA1_Channel4_5_6_7_IRQHandler                    build/startup_stm32f072xb.o
Default_Handler                                   build/startup_stm32f072xb.o
EXTI0_1_IRQHandler                                build/startup_stm32f072xb.o
EXTI2_3_IRQHandler                                build/startup_stm32f072xb.o
EXTI4_15_IRQHandler                               build/startup_stm32f072xb.o
Error_Handler                                     build/main.o
                                                  build/stm32f0xx_hal_msp.o
FLASH_IRQHandler                                  build/startup_stm32f072xb.o
FLASH_PageErase                                   build/stm32f0xx_hal_flash_ex.o
                                                  build/stm32f0xx_hal_flash.o
FLASH_WaitForLastOperation                        build/stm32f0xx_hal_flash.o
                                                  build/stm32f0xx_hal_flash_ex.o
FS_Desc                                           build/usbd_desc.o
                                                  build/usb_device.o
HAL_ADCEx_Calibration_Start                       build/stm32f0xx_hal_adc_ex.o
HAL_ADC_AnalogWDGConfig                           build/stm32f0xx_hal_adc.o
HAL_ADC_ConfigChannel                             build/stm32f0xx_hal_adc.o
                                                  build/main.o
HAL_ADC_ConvCpltCallback                          build/stm32f0xx_hal_adc.o
HAL_ADC_ConvHalfCpltCallback                      build/stm32f0xx_hal_adc.o
HAL_ADC_DeInit                                    build/stm32f0xx_hal_adc.o
HAL_ADC_ErrorCallback                             build/stm32f0xx_hal_adc.o
HAL_ADC_GetError                                  build/stm32f0xx_hal_adc.o
HAL_ADC_GetState                                  build/stm32f0xx_hal_adc.o
HAL_ADC_GetValue                                  build/stm32f0xx_hal_adc.o
HAL_ADC_IRQHandler                                build/stm32f0xx_hal_adc.o
HAL_ADC_Init                                      build/stm32f0xx_hal_adc.o
                                                  build/main.o
HAL_ADC_LevelOutOfWindowCallback                  build/stm32f0xx_hal_adc.o
HAL_ADC_MspDeInit                                 build/stm32f0xx_hal_msp.o
HAL_ADC_MspInit                                   build/stm32f0xx_hal_msp.o
HAL_ADC_PollForConversion                         build/stm32f0xx_hal_adc.o
HAL_ADC_PollForEvent                              build/stm32f0xx_hal_adc.o
HAL_ADC_Start                                     build/stm32f0xx_hal_adc.o
HAL_ADC_Start_DMA                                 build/stm32f0xx_hal_adc.o
                                                  build/main.o
HAL_ADC_Start_IT                                  build/stm32f0xx_hal_adc.o
HAL_ADC_Stop                                      build/stm32f0xx_hal_adc.o
HAL_ADC_Stop_DMA                                  build/stm32f0xx_hal_adc.o
HAL_ADC_Stop_IT                                   build/stm32f0xx_hal_adc.o
HAL_DBGMCU_DisableDBGStandbyMode                  build/stm32f0xx_hal.o
HAL_DBGMCU_DisableDBGStopMode                     build/stm32f0xx_hal.o
HAL_DBGMCU_EnableDBGStandbyMode                   build/stm32f0xx_hal.o
HAL_DBGMCU_EnableDBGStopMode                      build/stm32f0xx_hal.o
HAL_DMA_Abort                                     build/stm32f0xx_hal_dma.o
                                                  build/stm32f0xx_hal_adc.o
HAL_DMA_Abort_IT                                  build/stm32f0xx_hal_dma.o
                                                  build/stm32f0xx_hal_i2c.o
HAL_DMA_DeInit                                    build/stm32f0xx_hal_dma.o
                                                  build/stm32f0xx_hal_msp.o
HAL_DMA_GetError                                  build/stm32f0xx_hal_dma.o
HAL_DMA_GetState                                  build/stm32f0xx_hal_dma.o
HAL_DMA_IRQHandler                                build/stm32f0xx_hal_dma.o
                                                  build/stm32f0xx_it.o
HAL_DMA_Init                                      build/stm32f0xx_hal_dma.o
                                                  build/stm32f0xx_hal_msp.o
HAL_DMA_PollForTransfer                           build/stm32f0xx_hal_dma.o
HAL_DMA_RegisterCallback                          build/stm32f0xx_hal_dma.o
HAL_DMA_Start                                     build/stm32f0xx_hal_dma.o
HAL_DMA_Start_IT                                  build/stm32f0xx_hal_dma.o
                                                  build/stm32f0xx_hal_i2c.o
                                                  build/stm32f0xx_hal_adc.o
HAL_DMA_UnRegisterCallback                        build/stm32f0xx_hal_dma.o
HAL_DeInit                                        build/stm32f0xx_hal.o
HAL_Delay                                         build/stm32f0xx_hal.o
                                                  build/usbd_conf.o
                                                  build/stm32f0xx_hal_pcd_ex.o
                                                  build/main.o
HAL_EXTI_ClearConfigLine                          build/stm32f0xx_hal_exti.o
HAL_EXTI_ClearPending                             build/stm32f0xx_hal_exti.o
HAL_EXTI_GenerateSWI                              build/stm32f0xx_hal_exti.o
HAL_EXTI_GetConfigLine                            build/stm32f0xx_hal_exti.o
HAL_EXTI_GetHandle                                build/stm32f0xx_hal_exti.o
HAL_EXTI_GetPending                               build/stm32f0xx_hal_exti.o
HAL_EXTI_IRQHandler                               build/stm32f0xx_hal_exti.o
HAL_EXTI_RegisterCallback                         build/stm32f0xx_hal_exti.o
HAL_EXTI_SetConfigLine                            build/stm32f0xx_hal_exti.o
HAL_FLASHEx_Erase                                 build/stm32f0xx_hal_flash_ex.o
HAL_FLASHEx_Erase_IT                              build/stm32f0xx_hal_flash_ex.o
HAL_FLASHEx_OBErase                               build/stm32f0xx_hal_flash_ex.o
HAL_FLASHEx_OBGetConfig                           build/stm32f0xx_hal_flash_ex.o
HAL_FLASHEx_OBGetUserData                         build/stm32f0xx_hal_flash_ex.o
HAL_FLASHEx_OBProgram                             build/stm32f0xx_hal_flash_ex.o
HAL_FLASH_EndOfOperationCallback                  build/stm32f0xx_hal_flash.o
HAL_FLASH_GetError                                build/stm32f0xx_hal_flash.o
HAL_FLASH_IRQHandler                              build/stm32f0xx_hal_flash.o
HAL_FLASH_Lock                                    build/stm32f0xx_hal_flash.o
HAL_FLASH_OB_Launch                               build/stm32f0xx_hal_flash.o
HAL_FLASH_OB_Lock                                 build/stm32f0xx_hal_flash.o
HAL_FLASH_OB_Unlock                               build/stm32f0xx_hal_flash.o
HAL_FLASH_OperationErrorCallback                  build/stm32f0xx_hal_flash.o
HAL_FLASH_Program                                 build/stm32f0xx_hal_flash.o
HAL_FLASH_Program_IT                              build/stm32f0xx_hal_flash.o
HAL_FLASH_Unlock                                  build/stm32f0xx_hal_flash.o
HAL_GPIO_DeInit                                   build/stm32f0xx_hal_gpio.o
                                                  build/stm32f0xx_hal_msp.o
HAL_GPIO_EXTI_Callback                            build/stm32f0xx_hal_gpio.o
HAL_GPIO_EXTI_IRQHandler                          build/stm32f0xx_hal_gpio.o
HAL_GPIO_Init                                     build/stm32f0xx_hal_gpio.o
                                                  build/stm32f0xx_hal_rcc.o
                                                  build/stm32f0xx_hal_msp.o
                                                  build/main.o
HAL_GPIO_LockPin                                  build/stm32f0xx_hal_gpio.o
HAL_GPIO_ReadPin                                  build/stm32f0xx_hal_gpio.o
HAL_GPIO_TogglePin                                build/stm32f0xx_hal_gpio.o
HAL_GPIO_WritePin                                 build/stm32f0xx_hal_gpio.o
                                                  build/main.o
HAL_GetDEVID                                      build/stm32f0xx_hal.o
HAL_GetHalVersion                                 build/stm32f0xx_hal.o
HAL_GetREVID                                      build/stm32f0xx_hal.o
HAL_GetTick                                       build/stm32f0xx_hal.o
                                                  build/stm32f0xx_hal_pcd_ex.o
                                                  build/stm32f0xx_hal_flash.o
                                                  build/stm32f0xx_hal_dma.o
                                                  build/stm32f0xx_hal_i2c.o
                                                  build/stm32f0xx_hal_rcc_ex.o
                                                  build/stm32f0xx_hal_rcc.o
                                                  build/stm32f0xx_hal_adc_ex.o
                                                  build/stm32f0xx_hal_adc.o
HAL_GetTickFreq                                   build/stm32f0xx_hal.o
HAL_GetTickPrio                                   build/stm32f0xx_hal.o
HAL_GetUIDw0                                      build/stm32f0xx_hal.o
HAL_GetUIDw1                                      build/stm32f0xx_hal.o
HAL_GetUIDw2                                      build/stm32f0xx_hal.o
HAL_I2CEx_ConfigAnalogFilter                      build/stm32f0xx_hal_i2c_ex.o
HAL_I2CEx_ConfigDigitalFilter                     build/stm32f0xx_hal_i2c_ex.o
HAL_I2CEx_DisableFastModePlus                     build/stm32f0xx_hal_i2c_ex.o
HAL_I2CEx_DisableWakeUp                           build/stm32f0xx_hal_i2c_ex.o
HAL_I2CEx_EnableFastModePlus                      build/stm32f0xx_hal_i2c_ex.o
HAL_I2CEx_EnableWakeUp                            build/stm32f0xx_hal_i2c_ex.o
HAL_I2C_AbortCpltCallback                         build/stm32f0xx_hal_i2c.o
HAL_I2C_AddrCallback                              build/stm32f0xx_hal_i2c.o
HAL_I2C_DeInit                                    build/stm32f0xx_hal_i2c.o
HAL_I2C_DisableListen_IT                          build/stm32f0xx_hal_i2c.o
HAL_I2C_ER_IRQHandler                             build/stm32f0xx_hal_i2c.o
HAL_I2C_EV_IRQHandler                             build/stm32f0xx_hal_i2c.o
HAL_I2C_EnableListen_IT                           build/stm32f0xx_hal_i2c.o
HAL_I2C_ErrorCallback                             build/stm32f0xx_hal_i2c.o
HAL_I2C_GetError                                  build/stm32f0xx_hal_i2c.o
HAL_I2C_GetMode                                   build/stm32f0xx_hal_i2c.o
HAL_I2C_GetState                                  build/stm32f0xx_hal_i2c.o
HAL_I2C_Init                                      build/stm32f0xx_hal_i2c.o
HAL_I2C_IsDeviceReady                             build/stm32f0xx_hal_i2c.o
HAL_I2C_ListenCpltCallback                        build/stm32f0xx_hal_i2c.o
HAL_I2C_MasterRxCpltCallback                      build/stm32f0xx_hal_i2c.o
HAL_I2C_MasterTxCpltCallback                      build/stm32f0xx_hal_i2c.o
HAL_I2C_Master_Abort_IT                           build/stm32f0xx_hal_i2c.o
HAL_I2C_Master_Receive                            build/stm32f0xx_hal_i2c.o
HAL_I2C_Master_Receive_DMA                        build/stm32f0xx_hal_i2c.o
HAL_I2C_Master_Receive_IT                         build/stm32f0xx_hal_i2c.o
HAL_I2C_Master_Seq_Receive_DMA                    build/stm32f0xx_hal_i2c.o
HAL_I2C_Master_Seq_Receive_IT                     build/stm32f0xx_hal_i2c.o
HAL_I2C_Master_Seq_Transmit_DMA                   build/stm32f0xx_hal_i2c.o
HAL_I2C_Master_Seq_Transmit_IT                    build/stm32f0xx_hal_i2c.o
HAL_I2C_Master_Transmit                           build/stm32f0xx_hal_i2c.o
HAL_I2C_Master_Transmit_DMA                       build/stm32f0xx_hal_i2c.o
HAL_I2C_Master_Transmit_IT                        build/stm32f0xx_hal_i2c.o
HAL_I2C_MemRxCpltCallback                         build/stm32f0xx_hal_i2c.o
HAL_I2C_MemTxCpltCallback                         build/stm32f0xx_hal_i2c.o
HAL_I2C_Mem_Read                                  build/stm32f0xx_hal_i2c.o
HAL_I2C_Mem_Read_DMA                              build/stm32f0xx_hal_i2c.o
HAL_I2C_Mem_Read_IT                               build/stm32f0xx_hal_i2c.o
HAL_I2C_Mem_Write                                 build/stm32f0xx_hal_i2c.o
HAL_I2C_Mem_Write_DMA                             build/stm32f0xx_hal_i2c.o
HAL_I2C_Mem_Write_IT                              build/stm32f0xx_hal_i2c.o
HAL_I2C_MspDeInit                                 build/stm32f0xx_hal_i2c.o
HAL_I2C_MspInit                                   build/stm32f0xx_hal_i2c.o
HAL_I2C_SlaveRxCpltCallback                       build/stm32f0xx_hal_i2c.o
HAL_I2C_SlaveTxCpltCallback                       build/stm32f0xx_hal_i2c.o
HAL_I2C_Slave_Receive                             build/stm32f0xx_hal_i2c.o
HAL_I2C_Slave_Receive_DMA                         build/stm32f0xx_hal_i2c.o
HAL_I2C_Slave_Receive_IT                          build/stm32f0xx_hal_i2c.o
HAL_I2C_Slave_Seq_Receive_DMA                     build/stm32f0xx_hal_i2c.o
HAL_I2C_Slave_Seq_Receive_IT                      build/stm32f0xx_hal_i2c.o
HAL_I2C_Slave_Seq_Transmit_DMA                    build/stm32f0xx_hal_i2c.o
HAL_I2C_Slave_Seq_Transmit_IT                     build/stm32f0xx_hal_i2c.o
HAL_I2C_Slave_Transmit                            build/stm32f0xx_hal_i2c.o
HAL_I2C_Slave_Transmit_DMA                        build/stm32f0xx_hal_i2c.o
HAL_I2C_Slave_Transmit_IT                         build/stm32f0xx_hal_i2c.o
HAL_IncTick                                       build/stm32f0xx_hal.o
                                                  build/stm32f0xx_it.o
HAL_Init                                          build/stm32f0xx_hal.o
                                                  build/main.o
HAL_InitTick                                      build/stm32f0xx_hal.o
                                                  build/stm32f0xx_hal_rcc.o
HAL_MspDeInit                                     build/stm32f0xx_hal.o
HAL_MspInit                                       build/stm32f0xx_hal_msp.o
HAL_NVIC_ClearPendingIRQ                          build/stm32f0xx_hal_cortex.o
HAL_NVIC_DisableIRQ                               build/stm32f0xx_hal_cortex.o
                                                  build/usbd_conf.o
HAL_NVIC_EnableIRQ                                build/stm32f0xx_hal_cortex.o
                                                  build/usbd_conf.o
                                                  build/main.o
HAL_NVIC_GetPendingIRQ                            build/stm32f0xx_hal_cortex.o
HAL_NVIC_GetPriority                              build/stm32f0xx_hal_cortex.o
HAL_NVIC_SetPendingIRQ                            build/stm32f0xx_hal_cortex.o
HAL_NVIC_SetPriority                              build/stm32f0xx_hal_cortex.o
                                                  build/usbd_conf.o
                                                  build/stm32f0xx_hal.o
                                                  build/main.o
HAL_NVIC_SystemReset                              build/stm32f0xx_hal_cortex.o
HAL_PCDEx_ActivateBCD                             build/stm32f0xx_hal_pcd_ex.o
HAL_PCDEx_ActivateLPM                             build/stm32f0xx_hal_pcd_ex.o
                                                  build/stm32f0xx_hal_pcd.o
HAL_PCDEx_BCD_Callback                            build/stm32f0xx_hal_pcd_ex.o
HAL_PCDEx_BCD_VBUSDetect                          build/stm32f0xx_hal_pcd_ex.o
HAL_PCDEx_DeActivateBCD                           build/stm32f0xx_hal_pcd_ex.o
HAL_PCDEx_DeActivateLPM                           build/stm32f0xx_hal_pcd_ex.o
HAL_PCDEx_LPM_Callback                            build/stm32f0xx_hal_pcd_ex.o
                                                  build/stm32f0xx_hal_pcd.o
HAL_PCDEx_PMAConfig                               build/stm32f0xx_hal_pcd_ex.o
                                                  build/usbd_conf.o
HAL_PCDEx_SetConnectionState                      build/usbd_conf.o
HAL_PCD_ActivateRemoteWakeup                      build/stm32f0xx_hal_pcd.o
HAL_PCD_ConnectCallback                           build/usbd_conf.o
                                                  build/stm32f0xx_hal_pcd.o
HAL_PCD_DataInStageCallback                       build/usbd_conf.o
                                                  build/stm32f0xx_hal_pcd.o
HAL_PCD_DataOutStageCallback                      build/usbd_conf.o
                                                  build/stm32f0xx_hal_pcd.o
HAL_PCD_DeActivateRemoteWakeup                    build/stm32f0xx_hal_pcd.o
HAL_PCD_DeInit                                    build/stm32f0xx_hal_pcd.o
                                                  build/usbd_conf.o
HAL_PCD_DevConnect                                build/stm32f0xx_hal_pcd.o
HAL_PCD_DevDisconnect                             build/stm32f0xx_hal_pcd.o
HAL_PCD_DisconnectCallback                        build/usbd_conf.o
                                                  build/stm32f0xx_hal_pcd.o
HAL_PCD_EP_Close                                  build/stm32f0xx_hal_pcd.o
                                                  build/usbd_conf.o
HAL_PCD_EP_ClrStall                               build/stm32f0xx_hal_pcd.o
                                                  build/usbd_conf.o
HAL_PCD_EP_Flush                                  build/stm32f0xx_hal_pcd.o
                                                  build/usbd_conf.o
HAL_PCD_EP_GetRxCount                             build/stm32f0xx_hal_pcd.o
                                                  build/usbd_conf.o
HAL_PCD_EP_Open                                   build/stm32f0xx_hal_pcd.o
                                                  build/usbd_conf.o
HAL_PCD_EP_Receive                                build/stm32f0xx_hal_pcd.o
                                                  build/usbd_conf.o
HAL_PCD_EP_SetStall                               build/stm32f0xx_hal_pcd.o
                                                  build/usbd_conf.o
HAL_PCD_EP_Transmit                               build/stm32f0xx_hal_pcd.o
                                                  build/usbd_conf.o
HAL_PCD_GetState                                  build/stm32f0xx_hal_pcd.o
HAL_PCD_IRQHandler                                build/stm32f0xx_hal_pcd.o
                                                  build/stm32f0xx_it.o
HAL_PCD_ISOINIncompleteCallback                   build/usbd_conf.o
                                                  build/stm32f0xx_hal_pcd.o
HAL_PCD_ISOOUTIncompleteCallback                  build/usbd_conf.o
                                                  build/stm32f0xx_hal_pcd.o
HAL_PCD_Init                                      build/stm32f0xx_hal_pcd.o
                                                  build/usbd_conf.o
HAL_PCD_MspDeInit                                 build/usbd_conf.o
                                                  build/stm32f0xx_hal_pcd.o
HAL_PCD_MspInit                                   build/usbd_conf.o
                                                  build/stm32f0xx_hal_pcd.o
HAL_PCD_ResetCallback                             build/usbd_conf.o
                                                  build/stm32f0xx_hal_pcd.o
HAL_PCD_ResumeCallback                            build/usbd_conf.o
                                                  build/stm32f0xx_hal_pcd.o
HAL_PCD_SOFCallback                               build/usbd_conf.o
                                                  build/stm32f0xx_hal_pcd.o
HAL_PCD_SetAddress                                build/stm32f0xx_hal_pcd.o
                                                  build/usbd_conf.o
HAL_PCD_SetupStageCallback                        build/usbd_conf.o
                                                  build/stm32f0xx_hal_pcd.o
HAL_PCD_Start                                     build/stm32f0xx_hal_pcd.o
                                                  build/usbd_conf.o
HAL_PCD_Stop                                      build/stm32f0xx_hal_pcd.o
                                                  build/usbd_conf.o
HAL_PCD_SuspendCallback                           build/usbd_conf.o
                                                  build/stm32f0xx_hal_pcd.o
HAL_PWREx_DisableVddio2Monitor                    build/stm32f0xx_hal_pwr_ex.o
HAL_PWREx_EnableVddio2Monitor                     build/stm32f0xx_hal_pwr_ex.o
HAL_PWREx_Vddio2MonitorCallback                   build/stm32f0xx_hal_pwr_ex.o
HAL_PWREx_Vddio2Monitor_IRQHandler                build/stm32f0xx_hal_pwr_ex.o
HAL_PWR_ConfigPVD                                 build/stm32f0xx_hal_pwr_ex.o
HAL_PWR_DeInit                                    build/stm32f0xx_hal_pwr.o
HAL_PWR_DisableBkUpAccess                         build/stm32f0xx_hal_pwr.o
HAL_PWR_DisablePVD                                build/stm32f0xx_hal_pwr_ex.o
HAL_PWR_DisableSEVOnPend                          build/stm32f0xx_hal_pwr.o
HAL_PWR_DisableSleepOnExit                        build/stm32f0xx_hal_pwr.o
HAL_PWR_DisableWakeUpPin                          build/stm32f0xx_hal_pwr.o
HAL_PWR_EnableBkUpAccess                          build/stm32f0xx_hal_pwr.o
HAL_PWR_EnablePVD                                 build/stm32f0xx_hal_pwr_ex.o
HAL_PWR_EnableSEVOnPend                           build/stm32f0xx_hal_pwr.o
HAL_PWR_EnableSleepOnExit                         build/stm32f0xx_hal_pwr.o
HAL_PWR_EnableWakeUpPin                           build/stm32f0xx_hal_pwr.o
HAL_PWR_EnterSLEEPMode                            build/stm32f0xx_hal_pwr.o
HAL_PWR_EnterSTANDBYMode                          build/stm32f0xx_hal_pwr.o
HAL_PWR_EnterSTOPMode                             build/stm32f0xx_hal_pwr.o
HAL_PWR_PVDCallback                               build/stm32f0xx_hal_pwr_ex.o
HAL_PWR_PVD_IRQHandler                            build/stm32f0xx_hal_pwr_ex.o
HAL_RCCEx_CRSConfig                               build/stm32f0xx_hal_rcc_ex.o
HAL_RCCEx_CRSGetSynchronizationInfo               build/stm32f0xx_hal_rcc_ex.o
HAL_RCCEx_CRSSoftwareSynchronizationGenerate      build/stm32f0xx_hal_rcc_ex.o
HAL_RCCEx_CRSWaitSynchronization                  build/stm32f0xx_hal_rcc_ex.o
HAL_RCCEx_CRS_ErrorCallback                       build/stm32f0xx_hal_rcc_ex.o
HAL_RCCEx_CRS_ExpectedSyncCallback                build/stm32f0xx_hal_rcc_ex.o
HAL_RCCEx_CRS_IRQHandler                          build/stm32f0xx_hal_rcc_ex.o
HAL_RCCEx_CRS_SyncOkCallback                      build/stm32f0xx_hal_rcc_ex.o
HAL_RCCEx_CRS_SyncWarnCallback                    build/stm32f0xx_hal_rcc_ex.o
HAL_RCCEx_GetPeriphCLKConfig                      build/stm32f0xx_hal_rcc_ex.o
HAL_RCCEx_GetPeriphCLKFreq                        build/stm32f0xx_hal_rcc_ex.o
HAL_RCCEx_PeriphCLKConfig                         build/stm32f0xx_hal_rcc_ex.o
                                                  build/main.o
HAL_RCC_CSSCallback                               build/stm32f0xx_hal_rcc.o
HAL_RCC_ClockConfig                               build/stm32f0xx_hal_rcc.o
                                                  build/main.o
HAL_RCC_DeInit                                    build/stm32f0xx_hal_rcc.o
HAL_RCC_DisableCSS                                build/stm32f0xx_hal_rcc.o
HAL_RCC_EnableCSS                                 build/stm32f0xx_hal_rcc.o
HAL_RCC_GetClockConfig                            build/stm32f0xx_hal_rcc.o
HAL_RCC_GetHCLKFreq                               build/stm32f0xx_hal_rcc.o
HAL_RCC_GetOscConfig                              build/stm32f0xx_hal_rcc.o
HAL_RCC_GetPCLK1Freq                              build/stm32f0xx_hal_rcc.o
                                                  build/stm32f0xx_hal_rcc_ex.o
HAL_RCC_GetSysClockFreq                           build/stm32f0xx_hal_rcc.o
                                                  build/stm32f0xx_hal_rcc_ex.o
HAL_RCC_MCOConfig                                 build/stm32f0xx_hal_rcc.o
HAL_RCC_NMI_IRQHandler                            build/stm32f0xx_hal_rcc.o
HAL_RCC_OscConfig                                 build/stm32f0xx_hal_rcc.o
                                                  build/main.o
HAL_ResumeTick                                    build/stm32f0xx_hal.o
HAL_SYSTICK_CLKSourceConfig                       build/stm32f0xx_hal_cortex.o
HAL_SYSTICK_Callback                              build/stm32f0xx_hal_cortex.o
HAL_SYSTICK_Config                                build/stm32f0xx_hal_cortex.o
                                                  build/stm32f0xx_hal.o
HAL_SYSTICK_IRQHandler                            build/stm32f0xx_hal_cortex.o
HAL_SetTickFreq                                   build/stm32f0xx_hal.o
HAL_SuspendTick                                   build/stm32f0xx_hal.o
HardFault_Handler                                 build/stm32f0xx_it.o
I2C1_IRQHandler                                   build/startup_stm32f072xb.o
I2C2_IRQHandler                                   build/startup_stm32f072xb.o
MX_USB_DEVICE_Init                                build/usb_device.o
MX_USB_MIDI_INIT                                  build/usb_device.o
                                                  build/main.o
NMI_Handler                                       build/stm32f0xx_it.o
PVD_VDDIO2_IRQHandler                             build/startup_stm32f072xb.o
PendSV_Handler                                    build/stm32f0xx_it.o
RCC_CRS_IRQHandler                                build/startup_stm32f072xb.o
RTC_IRQHandler                                    build/startup_stm32f072xb.o
Reset_Handler                                     build/startup_stm32f072xb.o
SPI1_IRQHandler                                   build/startup_stm32f072xb.o
SPI2_IRQHandler                                   build/startup_stm32f072xb.o
SVC_Handler                                       build/stm32f0xx_it.o
SysTick_Handler                                   build/stm32f0xx_it.o
SystemClock_Config                                build/main.o
SystemCoreClock                                   build/system_stm32f0xx.o
                                                  build/stm32f0xx_hal.o
                                                  build/stm32f0xx_hal_rcc.o
                                                  build/stm32f0xx_hal_adc.o
SystemCoreClockUpdate                             build/system_stm32f0xx.o
SystemInit                                        build/system_stm32f0xx.o
                                                  build/startup_stm32f072xb.o
TIM14_IRQHandler                                  build/startup_stm32f072xb.o
TIM15_IRQHandler                                  build/startup_stm32f072xb.o
TIM16_IRQHandler                                  build/startup_stm32f072xb.o
TIM17_IRQHandler                                  build/startup_stm32f072xb.o
TIM1_BRK_UP_TRG_COM_IRQHandler                    build/startup_stm32f072xb.o
TIM1_CC_IRQHandler                                build/startup_stm32f072xb.o
TIM2_IRQHandler                                   build/startup_stm32f072xb.o
TIM3_IRQHandler                                   build/startup_stm32f072xb.o
TIM6_DAC_IRQHandler                               build/startup_stm32f072xb.o
TIM7_IRQHandler                                   build/startup_stm32f072xb.o
TSC_IRQHandler                                    build/startup_stm32f072xb.o
USART1_IRQHandler                                 build/startup_stm32f072xb.o
USART2_IRQHandler                                 build/startup_stm32f072xb.o
USART3_4_IRQHandler                               build/startup_stm32f072xb.o
USBD_ClrClassConfig                               build/usbd_core.o
                                                  build/usbd_ctlreq.o
USBD_CtlContinueRx                                build/usbd_ioreq.o
                                                  build/usbd_core.o
USBD_CtlContinueSendData                          build/usbd_ioreq.o
                                                  build/usbd_core.o
USBD_CtlError                                     build/usbd_ctlreq.o
USBD_CtlPrepareRx                                 build/usbd_ioreq.o
USBD_CtlReceiveStatus                             build/usbd_ioreq.o
                                                  build/usbd_core.o
USBD_CtlSendData                                  build/usbd_ioreq.o
                                                  build/usbd_ctlreq.o
USBD_CtlSendStatus                                build/usbd_ioreq.o
                                                  build/usbd_ctlreq.o
                                                  build/usbd_core.o
USBD_DeInit                                       build/usbd_core.o
USBD_FS_ConfigStrDescriptor                       build/usbd_desc.o
USBD_FS_DeviceDesc                                build/usbd_desc.o
USBD_FS_DeviceDescriptor                          build/usbd_desc.o
USBD_FS_InterfaceStrDescriptor                    build/usbd_desc.o
USBD_FS_LangIDStrDescriptor                       build/usbd_desc.o
USBD_FS_ManufacturerStrDescriptor                 build/usbd_desc.o
USBD_FS_ProductStrDescriptor                      build/usbd_desc.o
USBD_FS_SerialStrDescriptor                       build/usbd_desc.o
USBD_GetRxCount                                   build/usbd_ioreq.o
USBD_GetString                                    build/usbd_ctlreq.o
                                                  build/usbd_desc.o
USBD_Init                                         build/usbd_core.o
                                                  build/usb_device.o
USBD_Interface_fops_FS                            build/usbd_midi_if.o
                                                  build/usb_device.o
USBD_LL_ClearStallEP                              build/usbd_conf.o
                                                  build/usbd_ctlreq.o
USBD_LL_CloseEP                                   build/usbd_conf.o
                                                  build/usbd_midi.o
USBD_LL_DataInStage                               build/usbd_core.o
                                                  build/usbd_conf.o
USBD_LL_DataOutStage                              build/usbd_core.o
                                                  build/usbd_conf.o
USBD_LL_DeInit                                    build/usbd_conf.o
                                                  build/usbd_core.o
USBD_LL_Delay                                     build/usbd_conf.o
USBD_LL_DevConnected                              build/usbd_core.o
                                                  build/usbd_conf.o
USBD_LL_DevDisconnected                           build/usbd_core.o
                                                  build/usbd_conf.o
USBD_LL_FlushEP                                   build/usbd_conf.o
USBD_LL_GetRxDataSize                             build/usbd_conf.o
                                                  build/usbd_ioreq.o
USBD_LL_Init                                      build/usbd_conf.o
                                                  build/usbd_core.o
USBD_LL_IsStallEP                                 build/usbd_conf.o
                                                  build/usbd_ctlreq.o
USBD_LL_IsoINIncomplete                           build/usbd_core.o
                                                  build/usbd_conf.o
USBD_LL_IsoOUTIncomplete                          build/usbd_core.o
                                                  build/usbd_conf.o
USBD_LL_OpenEP                                    build/usbd_conf.o
                                                  build/usbd_midi.o
                                                  build/usbd_core.o
USBD_LL_PrepareReceive                            build/usbd_conf.o
                                                  build/usbd_midi.o
                                                  build/usbd_ioreq.o
                                                  build/usbd_core.o
USBD_LL_Reset                                     build/usbd_core.o
                                                  build/usbd_conf.o
USBD_LL_Resume                                    build/usbd_core.o
                                                  build/usbd_conf.o
USBD_LL_SOF                                       build/usbd_core.o
                                                  build/usbd_conf.o
USBD_LL_SetSpeed                                  build/usbd_core.o
                                                  build/usbd_conf.o
USBD_LL_SetUSBAddress                             build/usbd_conf.o
                                                  build/usbd_ctlreq.o
USBD_LL_SetupStage                                build/usbd_core.o
                                                  build/usbd_conf.o
USBD_LL_StallEP                                   build/usbd_conf.o
                                                  build/usbd_ctlreq.o
                                                  build/usbd_core.o
USBD_LL_Start                                     build/usbd_conf.o
                                                  build/usbd_core.o
USBD_LL_Stop                                      build/usbd_conf.o
                                                  build/usbd_core.o
USBD_LL_Suspend                                   build/usbd_core.o
                                                  build/usbd_conf.o
USBD_LL_Transmit                                  build/usbd_conf.o